/**********************************************************************/
     Australian Bureau of Statistics Remote Access Data Laboratory
     
 The following specifies the details of this file and the job that
 produced it as originally written by the RADL.
 
 User Id        : COOPAL
 Job Identifier : 0056
 File Name      : output0056.txt
 Date/Time      : 05 Oct 2013  22:02:01
  
/**********************************************************************/



. * Perform a RIF regression on the 2010 CURF with the 1st combined grouping
. *
. * NB: All loops are unrolled, quantiles/densities are hard-coded and matrixes
>  are
. *     not used because of RADL restrictions. Results are computer-processed f
> rom 
. *     output log files using the script analysis/parse_rif_2010.py
. *
. * This is a generated file -- do not edit. Edit analysis/make_rif_2010.py ins
> tead.
. *
. * USE EXPANDED CURF
. use "`SIH10EP'"

. 
. keep ABSHID ABSFID ABSIID ABSLID ABSPID ///
>     FTPTSTAT SECEDQL OCC6DIG AGEEC PSRC4PP PSRCSCP IWSSUCP8 IWSUCP SIHPSWT //
> /
>     SEXP LVLEDUA MSTATP ///
>     WPS0101-WPS0160
. 
. * stone age STATA means we need a workaround for merge
. sort OCC6DIG

. joinby OCC6DIG using "`SAVED'Combined2Map", unmatched(both)

. 
. sort COMBINEDII

. 
. svrset set meth jk1 pw SIHPSWT rw WPS0101-WPS0160 dof 59

. 
. * keep only full-time Wage & Salary records
. drop if (PSRCSCP != 1) | (FTPTSTAT != 1)
(22903 observations deleted)
. 
. * remove "Not Applicable" or "Inadequately Described" records
. drop if (OCC6DIG == 0) | (OCC6DIG == 99)
(27 observations deleted)
. 
. svrmean IWSSUCP8, by(OCC6DIG)
dropping IWSSUCP8
*ABSTABLE_START*
*ABSTABLE_UR*1
*ABSTABLE_NSTATVAR*1
*ABSTABLE_CONTRIB*11064
*ABSTABLE_SINGLE*3
*ABSTABLE_NONZERO*51
*ABSTABLE_VSINGLE*3
*ABSTABLE_VSINGMAX*3

Survey mean estimation, replication (jk1) variance method

Analysis weight:      SIHPSWT                  Number of obs       =     11064
Replicate weights:    WPS0101...               Population size     = 6567248.8
Number of replicates: 60                       Degrees of freedom  =        59

------------------------------------------------------------------------------
Mean   Subpop. |   Estimate    Std. Err.   [95% Conf. Interval]        Deff
---------------+--------------------------------------------------------------
IWSSUCP8       |
      Managers |   2224.455     575.019    1073.845    3375.065    2.557435
      Chief_Ex |   3222.638    310.8412    2600.646    3844.629    1.659228
      Farmers_ |   1093.027    72.21134    948.5322    1237.521    1.040478
      Speciali |   2014.458    56.78456    1900.832    2128.083    2.299623
      Hospital |   1155.938    39.14269    1077.614    1234.263    1.819151
      Professi |     1313.7     117.276    1079.031    1548.368    1.178246
      Arts_and |   1438.149    181.7644    1074.439    1801.859    2.231993
      Business |   1612.816    45.64443    1521.481     1704.15    1.444093
      Design,_ |   1768.558     82.0167    1604.443    1932.673    1.727634
      Educatio |   1382.512    19.18101    1344.131    1420.893    1.460537
      Health_P |   1875.402     90.9586    1693.394     2057.41    1.540409
      ICT_Prof |   1805.397    69.99554    1665.336    1945.458    1.834223
      Legal,_S |   1729.153    215.4118    1298.115    2160.191    1.591898
      Technici |   1920.962    235.7277    1449.272    2392.652    1.243554
      Engineer |   1503.722    65.68549    1372.285    1635.158    1.305959
      Automoti |   1232.687    41.87347    1148.898    1316.475    1.960116
      Construc |   1031.306    37.70011    955.8679    1106.743    1.618618
      Electrot |   1205.853    52.01526    1101.771    1309.935    1.360673
      Food_Tra |   891.2404    45.12293    800.9496    981.5311    2.549276
      Skilled_ |   879.4981    32.72169    814.0221     944.974    1.026727
      Other_Te |    973.515    52.79235    867.8777    1079.152    1.429051
      Communit |        704         ***           .           .           .
      Health_a |   1231.447    53.88446    1123.625     1339.27    1.388745
      Carers_a |   805.5333    16.57788    772.3611    838.7056    1.271766
      Hospital |   788.7299    30.99421    726.7106    850.7492    1.479027
      Protecti |   1270.768    39.31585    1192.098    1349.439    1.472101
      Sports_a |   949.5052    82.92561    783.5715    1115.439     1.84931
      Clerical |       1185         ***           .           .           .
      Office_M |   1483.157    86.21129    1310.648    1655.665    1.691104
      Personal |   1034.539    37.58823    959.3256    1109.753    1.450066
      General_ |   901.8739    26.41058    849.0265    954.7214    1.495108
      Inquiry_ |   848.2443    20.21862     807.787    888.7017    1.272998
      Numerica |   1062.044    49.27865    963.4379    1160.651    1.939307
      Clerical |   966.6771    43.73937    879.1548    1054.199    1.843634
      Other_Cl |   1095.345    27.01417    1041.289      1149.4    1.433916
      Sales_Wo |        496         ***           .           .           .
      Sales_Re |   1420.794    47.47975    1325.788    1515.801    1.456732
      Sales_As |   857.0255    23.96202    809.0776    904.9734    1.363002
      Sales_Su |   860.4096    44.53283    771.2996    949.5196    1.426726
      Machiner |   924.7767    92.17847     740.328    1109.225    .9820787
      Machine_ |   1343.239    48.32091    1246.549    1439.929    1.295563
      Mobile_P |   1119.316    63.19622    992.8605    1245.771     1.64265
      Road_and |   1143.199    33.56613    1076.034    1210.365    1.751464
      Storeper |   878.5135    43.57779    791.3145    965.7124    2.463856
      Labourer |   396.2952    726.0329   -1056.493    1849.084    10.63366
      Cleaners |   805.6199     50.5703     704.429    906.8109     1.68401
      Construc |   1256.692    59.95193    1136.729    1376.656    1.198047
      Factory_ |   869.3324    27.64033    814.0243    924.6406    1.531949
      Farm,_Fo |   799.7502    26.16485    747.3944    852.1059    1.268306
      Food_Pre |   674.3341    40.17973    593.9347    754.7336    2.297253
      Other_La |   956.4362    59.03831    838.3008    1074.572    2.213347
------------------------------------------------------------------------------
(***) Unable to calculate estimates in 1 or more
      replicates. Standard error not calculated.
*ABSTABLE_END*

. *ABS Change: svrmean IWSSUCP8, by(COMBINEDII)
. XABSSVRMEAN IWSSUCP8, by(COMBINEDII)
dropping IWSSUCP8
*ABSTABLE_START*
*ABSTABLE_UR*1
*ABSTABLE_NSTATVAR*1
*ABSTABLE_CONTRIB*11064
*ABSTABLE_SINGLE*0
*ABSTABLE_NONZERO*29
*ABSTABLE_VSINGLE*0
*ABSTABLE_VSINGMAX*0

Survey mean estimation, replication (jk1) variance method

Analysis weight:      SIHPSWT                  Number of obs       =     11064
Replicate weights:    WPS0101...               Population size     = 6567248.8
Number of replicates: 60                       Degrees of freedom  =        59

------------------------------------------------------------------------------
Mean   Subpop. |   Estimate    Std. Err.   [95% Conf. Interval]        Deff
---------------+--------------------------------------------------------------
IWSSUCP8       |
 COMBINEDII==1 |   3059.874    266.8936    2525.821    3593.926    1.583317
 COMBINEDII==2 |   1093.027    72.21134    948.5322    1237.521    1.040478
 COMBINEDII==3 |   2014.458    56.78456    1900.832    2128.083    2.299623
 COMBINEDII==4 |   1107.671    32.46548    1042.707    1172.634    1.564591
 COMBINEDII==5 |    1414.15    147.3372    1119.329    1708.971    2.148295
 COMBINEDII==6 |   1671.275    40.21594    1590.803    1751.747    1.696954
 COMBINEDII==7 |   1768.558     82.0167    1604.443    1932.673    1.727634
 COMBINEDII==8 |   1382.512    19.18101    1344.131    1420.893    1.460537
 COMBINEDII==9 |   1875.402     90.9586    1693.394     2057.41    1.540409
COMBINEDII==10 |   1420.794    47.47975    1325.788    1515.801    1.456732
COMBINEDII==11 |   1729.153    215.4118    1298.115    2160.191    1.591898
COMBINEDII==12 |   1515.852    65.97049    1383.845    1647.859    1.373173
COMBINEDII==13 |   1232.687    41.87347    1148.898    1316.475    1.960116
COMBINEDII==14 |   1031.306    37.70011    955.8679    1106.743    1.618618
COMBINEDII==15 |   1205.853    52.01526    1101.771    1309.935    1.360673
COMBINEDII==16 |   891.2404    45.12293    800.9496    981.5311    2.549276
COMBINEDII==17 |   879.4981    32.72169    814.0221     944.974    1.026727
COMBINEDII==18 |   1081.958    31.69713    1018.532    1145.384    1.438872
COMBINEDII==19 |   952.9622    22.24412    908.4518    997.4725    2.022693
COMBINEDII==20 |   1146.522    47.60424    1051.266    1241.777    1.596913
COMBINEDII==21 |   1034.539    37.58823    959.3256    1109.753    1.450066
COMBINEDII==22 |   1095.345    27.01417    1041.289      1149.4    1.433916
COMBINEDII==23 |   856.6781    20.60162    815.4544    897.9019    1.289817
COMBINEDII==24 |   1240.915    35.78614    1169.307    1312.523    1.241708
COMBINEDII==25 |   1143.199    33.56613    1076.034    1210.365    1.751464
COMBINEDII==26 |   872.3071    25.35634    821.5692     923.045    2.081751
COMBINEDII==27 |   979.0735    34.46159     910.116    1048.031    1.941163
COMBINEDII==28 |   805.6199     50.5703     704.429    906.8109     1.68401
COMBINEDII==29 |   1230.894    53.82997    1123.181    1338.608    1.387322
------------------------------------------------------------------------------
*ABSTABLE_END*

. 
. *ABS Change: table COMBINEDII
. XABSTABLE COMBINEDII
*ABSTABLE_START*
*ABSTABLE_UR*1
*ABSTABLE_NSTATVAR*0
*ABSTABLE_CONTRIB*11064
*ABSTABLE_SINGLE*0
*ABSTABLE_NONZERO*29
*ABSTABLE_VSINGLE*0
*ABSTABLE_VSINGMAX*0

----------------------
COMBINEDI |
I         |      Freq.
----------+-----------
        1 |        186
        2 |         74
        3 |        991
        4 |        548
        5 |         76
        6 |      1,030
        7 |        433
        8 |        537
        9 |        438
       10 |        227
       11 |        174
       12 |        302
       13 |        608
       14 |        298
       15 |        274
       16 |        151
       17 |         77
       18 |        470
       19 |        819
       20 |        501
       21 |        135
       22 |        300
       23 |        410
       24 |        494
       25 |        356
       26 |        385
       27 |        528
       28 |        103
       29 |        139
----------------------
*ABSTABLE_END*

. 
. * see http://www.abs.gov.au/ausstats/abs@.nsf/Lookup/3607C2551414E995CA257A5D
> 000F7C5D?opendocument
. svrset set meth jk1 pw SIHPSWT rw WPS0101-WPS0160 dof 59

. 
. generate lwage = log(IWSSUCP8)

. 
. * find percentiles, as 19*0.5 increments
. pctile pc_lwage = lwage [aweight = SIHPSWT] , nq(20)

. * then densities at those particular percentile
. 
. * generate potential experience flags
. * (for this one we deem experience to start at 15)
. egen potexp = cut(AGEEC), at(15,20,25,30,35,40,45,50,55,60) label
(631 missing values generated)

. *ABS Change: tabulate potexp, generate(expdum)
. XABSTABULATE potexp, generate(expdum)
*ABSTABLE_START*
*ABSTABLE_UR*1
*ABSTABLE_NSTATVAR*0
*ABSTABLE_CONTRIB*10433
*ABSTABLE_SINGLE*0
*ABSTABLE_NONZERO*9
*ABSTABLE_VSINGLE*0
*ABSTABLE_VSINGMAX*0

     potexp |      Freq.     Percent        Cum.
------------+-----------------------------------
        15- |        380        3.64        3.64
        20- |      1,042        9.99       13.63
        25- |      1,355       12.99       26.62
        30- |      1,373       13.16       39.78
        35- |      1,311       12.57       52.34
        40- |      1,359       13.03       65.37
        45- |      1,406       13.48       78.85
        50- |      1,283       12.30       91.14
        55- |        924        8.86      100.00
------------+-----------------------------------
      Total |     10,433      100.00
*ABSTABLE_END*

. 
. generate educ = .
(11064 missing values generated)

. * 1 = some high school or undetermined
. replace educ = 1 if (LVLEDUA == 0 | LVLEDUA == 13 | LVLEDUA == 12 | ///
>          LVLEDUA == 11 | LVLEDUA == 10 | LVLEDUA == 9)
(2494 real changes made)

. * 2 = high school
. replace educ = 2 if (LVLEDUA == 8)
(1708 real changes made)

. * 3 = non-bachelor tertiary qualification
. replace educ = 3 if (LVLEDUA == 7 | LVLEDUA == 6 | LVLEDUA == 5 | LVLEDUA == 
> 4)
(3676 real changes made)

. * 4 = bachelor degree or grad dip/cert
. replace educ = 4 if (LVLEDUA == 3 | LVLEDUA == 2)
(2557 real changes made)

. * 5 = postgrad degree (master or higher)
. replace educ = 5 if (LVLEDUA == 1)
(629 real changes made)

. 
. * now create education dummies
. *ABS Change: tabulate educ, generate(educ)
. XABSTABULATE educ, generate(educ)
*ABSTABLE_START*
*ABSTABLE_UR*1
*ABSTABLE_NSTATVAR*0
*ABSTABLE_CONTRIB*11064
*ABSTABLE_SINGLE*0
*ABSTABLE_NONZERO*5
*ABSTABLE_VSINGLE*0
*ABSTABLE_VSINGMAX*0

       educ |      Freq.     Percent        Cum.
------------+-----------------------------------
          1 |      2,494       22.54       22.54
          2 |      1,708       15.44       37.98
          3 |      3,676       33.22       71.20
          4 |      2,557       23.11       94.31
          5 |        629        5.69      100.00
------------+-----------------------------------
      Total |     11,064      100.00
*ABSTABLE_END*

. 
. generate female = 0

. replace  female = 1 if (SEXP == 2)
(4046 real changes made)

. 
. generate married = 0

. replace  married = 1 if (MSTATP == 1)
(7545 real changes made)

. 
. 
. 
. * manual RIF regression 1
. generate rif_01 = 6.253829 - (6.253829 - (lwage < 6.253829))/0.156011

. reg rif_01 expdum1-expdum3 expdum5-expdum9 female married ///
>       educ1 educ2 educ4 educ5 ///
>       inform routine face site decision [aweight = SIHPSWT], robust
(sum of wgt is   6.2202e+06)

Linear regression                                      Number of obs =   10433
                                                       F( 19, 10413) =   19.75
                                                       Prob > F      =  0.0000
                                                       R-squared     =  0.1976
                                                       Root MSE      =  1.2488

------------------------------------------------------------------------------
             |               Robust
      rif_01 |      Coef.   Std. Err.      t    P>|t|     [95% Conf. Interval]
-------------+----------------------------------------------------------------
     expdum1 |   3.166609   .2176579    14.55   0.000     2.739957     3.59326
     expdum2 |   .4032543   .0804684     5.01   0.000     .2455209    .5609878
     expdum3 |   .0889205   .0564086     1.58   0.115    -.0216512    .1994922
     expdum5 |  -.0733182   .0380988    -1.92   0.054    -.1479991    .0013627
     expdum6 |    .021568   .0493667     0.44   0.662    -.0752003    .1183362
     expdum7 |   .0308641   .0495411     0.62   0.533    -.0662459     .127974
     expdum8 |  -.0705307   .0415061    -1.70   0.089    -.1518906    .0108292
     expdum9 |  -.0678305     .04487    -1.51   0.131    -.1557842    .0201232
      female |   .0827944   .0371924     2.23   0.026     .0098901    .1556986
     married |   -.087769   .0356641    -2.46   0.014    -.1576775   -.0178605
       educ1 |   .1650946   .0485427     3.40   0.001     .0699417    .2602476
       educ2 |   .1687514   .0572182     2.95   0.003     .0565927    .2809102
       educ4 |   .0167933   .0367304     0.46   0.648    -.0552053     .088792
       educ5 |    .072697   .0575491     1.26   0.207    -.0401102    .1855043
      inform |   .0009858   .0321709     0.03   0.976    -.0620754     .064047
     routine |  -.1350005   .0442142    -3.05   0.002    -.2216688   -.0483323
        face |  -.0319471   .0250119    -1.28   0.202    -.0809752     .017081
        site |   .1539163   .0373516     4.12   0.000        .0807    .2271326
    decision |    -.06221   .0254452    -2.44   0.015    -.1120874   -.0123327
       _cons |  -33.63927    .070975  -473.96   0.000    -33.77839   -33.50014
------------------------------------------------------------------------------

. 
. 
. * manual RIF regression 2
. generate rif_02 = 6.458777 - (6.458777 - (lwage < 6.458777))/0.430942

. reg rif_02 expdum1-expdum3 expdum5-expdum9 female married ///
>       educ1 educ2 educ4 educ5 ///
>       inform routine face site decision [aweight = SIHPSWT], robust
(sum of wgt is   6.2202e+06)

Linear regression                                      Number of obs =   10433
                                                       F( 19, 10413) =   48.12
                                                       Prob > F      =  0.0000
                                                       R-squared     =  0.2022
                                                       Root MSE      =  .62395

------------------------------------------------------------------------------
             |               Robust
      rif_02 |      Coef.   Std. Err.      t    P>|t|     [95% Conf. Interval]
-------------+----------------------------------------------------------------
     expdum1 |   1.424827   .0718761    19.82   0.000     1.283937    1.565718
     expdum2 |   .2702421   .0402533     6.71   0.000     .1913379    .3491463
     expdum3 |   .0239163   .0283508     0.84   0.399    -.0316567    .0794893
     expdum5 |   -.047649   .0233947    -2.04   0.042    -.0935071   -.0017908
     expdum6 |  -.0027249   .0272539    -0.10   0.920    -.0561479     .050698
     expdum7 |    -.00106   .0263781    -0.04   0.968    -.0527662    .0506461
     expdum8 |  -.0397072   .0257136    -1.54   0.123    -.0901108    .0106964
     expdum9 |  -.0233078   .0288013    -0.81   0.418    -.0797639    .0331482
      female |   .1420943   .0196819     7.22   0.000     .1035139    .1806747
     married |  -.0426107   .0180417    -2.36   0.018     -.077976   -.0072454
       educ1 |   .0801447   .0249122     3.22   0.001      .031312    .1289774
       educ2 |   .0628231   .0276399     2.27   0.023     .0086435    .1170027
       educ4 |  -.0181034   .0198612    -0.91   0.362    -.0570352    .0208284
       educ5 |   .0204856   .0301482     0.68   0.497    -.0386106    .0795819
      inform |  -.0750378   .0160094    -4.69   0.000    -.1064194   -.0436563
     routine |  -.0462384   .0218062    -2.12   0.034    -.0889827   -.0034941
        face |  -.0336385   .0133709    -2.52   0.012    -.0598481    -.007429
        site |   .0430642   .0169117     2.55   0.011     .0099141    .0762144
    decision |  -.0347299   .0126709    -2.74   0.006    -.0595673   -.0098924
       _cons |  -8.304946   .0375365  -221.25   0.000    -8.378524   -8.231367
------------------------------------------------------------------------------

. 
. 
. * manual RIF regression 3
. generate rif_03 = 6.551080 - (6.551080 - (lwage < 6.551080))/0.583479

. reg rif_03 expdum1-expdum3 expdum5-expdum9 female married ///
>       educ1 educ2 educ4 educ5 ///
>       inform routine face site decision [aweight = SIHPSWT], robust
(sum of wgt is   6.2202e+06)

Linear regression                                      Number of obs =   10433
                                                       F( 19, 10413) =   69.26
                                                       Prob > F      =  0.0000
                                                       R-squared     =  0.1994
                                                       Root MSE      =  .53288

------------------------------------------------------------------------------
             |               Robust
      rif_03 |      Coef.   Std. Err.      t    P>|t|     [95% Conf. Interval]
-------------+----------------------------------------------------------------
     expdum1 |   1.043274   .0503838    20.71   0.000     .9445116    1.142035
     expdum2 |   .2648979   .0334877     7.91   0.000     .1992556    .3305402
     expdum3 |   .0505598   .0250172     2.02   0.043     .0015213    .0995983
     expdum5 |  -.0403492   .0206308    -1.96   0.051    -.0807895     .000091
     expdum6 |   .0107374   .0239928     0.45   0.655    -.0362931    .0577678
     expdum7 |   .0101226   .0233032     0.43   0.664    -.0355561    .0558013
     expdum8 |  -.0313443   .0222913    -1.41   0.160    -.0750396     .012351
     expdum9 |  -.0202421   .0254588    -0.80   0.427    -.0701462    .0296621
      female |   .1553908   .0164652     9.44   0.000     .1231158    .1876658
     married |  -.0424575   .0158006    -2.69   0.007    -.0734296   -.0114854
       educ1 |     .09049   .0217006     4.17   0.000     .0479526    .1330274
       educ2 |    .045873   .0230888     1.99   0.047     .0006145    .0911315
       educ4 |  -.0136078   .0174792    -0.78   0.436    -.0478703    .0206547
       educ5 |   .0148852   .0253452     0.59   0.557    -.0347962    .0645667
      inform |  -.0976073   .0131323    -7.43   0.000    -.1233491   -.0718654
     routine |  -.0140645   .0188708    -0.75   0.456    -.0510548    .0229258
        face |  -.0357746   .0112738    -3.17   0.002    -.0578735   -.0136757
        site |   .0229062   .0142187     1.61   0.107    -.0049652    .0507776
    decision |  -.0303842   .0106876    -2.84   0.004    -.0513339   -.0094346
       _cons |  -4.442848   .0328282  -135.34   0.000    -4.507198   -4.378499
------------------------------------------------------------------------------

. 
. 
. * manual RIF regression 4
. generate rif_04 = 6.630683 - (6.630683 - (lwage < 6.630683))/0.705411

. reg rif_04 expdum1-expdum3 expdum5-expdum9 female married ///
>       educ1 educ2 educ4 educ5 ///
>       inform routine face site decision [aweight = SIHPSWT], robust
(sum of wgt is   6.2202e+06)

Linear regression                                      Number of obs =   10433
                                                       F( 19, 10413) =  109.66
                                                       Prob > F      =  0.0000
                                                       R-squared     =  0.2132
                                                       Root MSE      =  .50188

------------------------------------------------------------------------------
             |               Robust
      rif_04 |      Coef.   Std. Err.      t    P>|t|     [95% Conf. Interval]
-------------+----------------------------------------------------------------
     expdum1 |   .8420767   .0384292    21.91   0.000     .7667481    .9174053
     expdum2 |   .2757935   .0308305     8.95   0.000     .2153599    .3362272
     expdum3 |   .0482931   .0236228     2.04   0.041     .0019878    .0945983
     expdum5 |  -.0302945   .0206602    -1.47   0.143    -.0707925    .0102035
     expdum6 |   .0281402     .02343     1.20   0.230    -.0177871    .0740676
     expdum7 |   .0104702   .0223452     0.47   0.639    -.0333308    .0542712
     expdum8 |  -.0172192   .0222907    -0.77   0.440    -.0609133    .0264748
     expdum9 |  -.0143947   .0247086    -0.58   0.560    -.0628282    .0340388
      female |   .1657434   .0151723    10.92   0.000     .1360028     .195484
     married |  -.0594431   .0153323    -3.88   0.000    -.0894974   -.0293888
       educ1 |   .1248697   .0205729     6.07   0.000     .0845429    .1651965
       educ2 |   .0354631   .0213807     1.66   0.097    -.0064471    .0773733
       educ4 |  -.0482429   .0168781    -2.86   0.004    -.0813273   -.0151585
       educ5 |   .0040279   .0256455     0.16   0.875    -.0462422    .0542979
      inform |  -.1055909   .0121795    -8.67   0.000    -.1294651   -.0817167
     routine |   -.002179   .0176375    -0.12   0.902    -.0367518    .0323939
        face |  -.0326451   .0110079    -2.97   0.003    -.0542227   -.0110675
        site |  -.0128982   .0133351    -0.97   0.333    -.0390377    .0132412
    decision |   -.059621   .0107123    -5.57   0.000    -.0806191   -.0386228
       _cons |  -2.448495   .0318157   -76.96   0.000     -2.51086    -2.38613
------------------------------------------------------------------------------

. 
. 
. * manual RIF regression 5
. generate rif_05 = 6.684612 - (6.684612 - (lwage < 6.684612))/0.759589

. reg rif_05 expdum1-expdum3 expdum5-expdum9 female married ///
>       educ1 educ2 educ4 educ5 ///
>       inform routine face site decision [aweight = SIHPSWT], robust
(sum of wgt is   6.2202e+06)

Linear regression                                      Number of obs =   10433
                                                       F( 19, 10413) =  138.65
                                                       Prob > F      =  0.0000
                                                       R-squared     =  0.2241
                                                       Root MSE      =  .50194

------------------------------------------------------------------------------
             |               Robust
      rif_05 |      Coef.   Std. Err.      t    P>|t|     [95% Conf. Interval]
-------------+----------------------------------------------------------------
     expdum1 |   .6940618   .0351682    19.74   0.000     .6251254    .7629982
     expdum2 |   .2583156   .0302492     8.54   0.000     .1990215    .3176098
     expdum3 |   .0278719   .0243276     1.15   0.252    -.0198149    .0755587
     expdum5 |  -.0593907   .0217475    -2.73   0.006    -.1020198   -.0167615
     expdum6 |   .0064389   .0240366     0.27   0.789    -.0406775    .0535552
     expdum7 |  -.0090756    .023219    -0.39   0.696    -.0545893    .0364382
     expdum8 |  -.0401645     .02301    -1.75   0.081    -.0852685    .0049395
     expdum9 |  -.0453523   .0258462    -1.75   0.079    -.0960159    .0053113
      female |   .1813029   .0148488    12.21   0.000     .1521963    .2104094
     married |  -.0705397   .0152898    -4.61   0.000    -.1005107   -.0405687
       educ1 |   .1038594   .0200549     5.18   0.000     .0645479    .1431709
       educ2 |   .0426461   .0213392     2.00   0.046     .0008172     .084475
       educ4 |  -.0652253   .0174667    -3.73   0.000    -.0994634   -.0309871
       educ5 |  -.0148894   .0258089    -0.58   0.564    -.0654797    .0357009
      inform |  -.1316198   .0120332   -10.94   0.000    -.1552071   -.1080325
     routine |   .0272172   .0172566     1.58   0.115    -.0066091    .0610435
        face |  -.0273551   .0111129    -2.46   0.014    -.0491385   -.0055717
        site |  -.0316187   .0130159    -2.43   0.015    -.0571323   -.0061051
    decision |  -.0672444   .0107704    -6.24   0.000    -.0883564   -.0461323
       _cons |   -1.70361   .0323056   -52.73   0.000    -1.766935   -1.640285
------------------------------------------------------------------------------

. 
. 
. * manual RIF regression 6
. generate rif_06 = 6.756932 - (6.756932 - (lwage < 6.756932))/0.788736

. reg rif_06 expdum1-expdum3 expdum5-expdum9 female married ///
>       educ1 educ2 educ4 educ5 ///
>       inform routine face site decision [aweight = SIHPSWT], robust
(sum of wgt is   6.2202e+06)

Linear regression                                      Number of obs =   10433
                                                       F( 19, 10413) =  167.88
                                                       Prob > F      =  0.0000
                                                       R-squared     =  0.2378
                                                       Root MSE      =  .50638

------------------------------------------------------------------------------
             |               Robust
      rif_06 |      Coef.   Std. Err.      t    P>|t|     [95% Conf. Interval]
-------------+----------------------------------------------------------------
     expdum1 |   .6415106   .0328149    19.55   0.000     .5771871    .7058341
     expdum2 |   .2872431   .0296679     9.68   0.000     .2290883    .3453979
     expdum3 |   .0816362    .024924     3.28   0.001     .0327804     .130492
     expdum5 |  -.0431624    .022478    -1.92   0.055    -.0872236    .0008989
     expdum6 |  -.0003374   .0239505    -0.01   0.989    -.0472849    .0466102
     expdum7 |  -.0023929   .0233165    -0.10   0.918    -.0480976    .0433119
     expdum8 |  -.0271534   .0237912    -1.14   0.254    -.0737887    .0194819
     expdum9 |  -.0254541   .0265485    -0.96   0.338    -.0774943     .026586
      female |    .184367   .0147891    12.47   0.000     .1553776    .2133564
     married |  -.0557158   .0152923    -3.64   0.000    -.0856917   -.0257399
       educ1 |   .1290326   .0201065     6.42   0.000       .08962    .1684452
       educ2 |   .0512347   .0210308     2.44   0.015     .0100103    .0924592
       educ4 |  -.0582685   .0180423    -3.23   0.001    -.0936349   -.0229021
       educ5 |  -.0246935   .0256955    -0.96   0.337    -.0750616    .0256746
      inform |  -.1554942   .0120345   -12.92   0.000    -.1790842   -.1319042
     routine |   .0409123   .0169952     2.41   0.016     .0075984    .0742262
        face |  -.0285762   .0114348    -2.50   0.012    -.0509906   -.0061618
        site |  -.0486859   .0129521    -3.76   0.000    -.0740744   -.0232973
    decision |  -.0767847   .0111563    -6.88   0.000    -.0986531   -.0549163
       _cons |  -1.357229   .0324723   -41.80   0.000    -1.420881   -1.293577
------------------------------------------------------------------------------

. 
. 
. * manual RIF regression 7
. generate rif_07 = 6.819470 - (6.819470 - (lwage < 6.819470))/0.793478

. reg rif_07 expdum1-expdum3 expdum5-expdum9 female married ///
>       educ1 educ2 educ4 educ5 ///
>       inform routine face site decision [aweight = SIHPSWT], robust
(sum of wgt is   6.2202e+06)

Linear regression                                      Number of obs =   10433
                                                       F( 19, 10413) =  244.23
                                                       Prob > F      =  0.0000
                                                       R-squared     =  0.2617
                                                       Root MSE      =  .51605

------------------------------------------------------------------------------
             |               Robust
      rif_07 |      Coef.   Std. Err.      t    P>|t|     [95% Conf. Interval]
-------------+----------------------------------------------------------------
     expdum1 |   .5943365   .0289599    20.52   0.000     .5375695    .6511035
     expdum2 |   .3102232   .0293527    10.57   0.000     .2526862    .3677602
     expdum3 |   .0816381   .0255966     3.19   0.001     .0314638    .1318124
     expdum5 |  -.0599889   .0233901    -2.56   0.010    -.1058381   -.0141398
     expdum6 |   -.013729   .0247558    -0.55   0.579    -.0622551    .0347971
     expdum7 |   .0022316   .0241467     0.09   0.926    -.0451005    .0495637
     expdum8 |   -.032538   .0246535    -1.32   0.187    -.0808635    .0157875
     expdum9 |  -.0155519   .0275553    -0.56   0.573    -.0695655    .0384617
      female |   .1868399   .0148963    12.54   0.000     .1576402    .2160395
     married |  -.0599279    .015435    -3.88   0.000    -.0901836   -.0296723
       educ1 |   .1446517   .0201736     7.17   0.000     .1051075    .1841959
       educ2 |    .067649   .0210468     3.21   0.001     .0263932    .1089048
       educ4 |  -.0704425    .018544    -3.80   0.000    -.1067922   -.0340928
       educ5 |  -.0465734   .0260618    -1.79   0.074    -.0976596    .0045129
      inform |  -.1690483   .0121098   -13.96   0.000     -.192786   -.1453107
     routine |   .0524035   .0168706     3.11   0.002     .0193339    .0854731
        face |  -.0277599   .0118523    -2.34   0.019    -.0509926   -.0045272
        site |   -.073651   .0129647    -5.68   0.000    -.0990642   -.0482378
    decision |  -.1030697   .0113737    -9.06   0.000    -.1253644    -.080775
       _cons |  -1.227074   .0328352   -37.37   0.000    -1.291438   -1.162711
------------------------------------------------------------------------------

. 
. 
. * manual RIF regression 8
. generate rif_08 = 6.885653 - (6.885653 - (lwage < 6.885653))/0.793904

. reg rif_08 expdum1-expdum3 expdum5-expdum9 female married ///
>       educ1 educ2 educ4 educ5 ///
>       inform routine face site decision [aweight = SIHPSWT], robust
(sum of wgt is   6.2202e+06)

Linear regression                                      Number of obs =   10433
                                                       F( 19, 10413) =  253.16
                                                       Prob > F      =  0.0000
                                                       R-squared     =  0.2763
                                                       Root MSE      =  .52482

------------------------------------------------------------------------------
             |               Robust
      rif_08 |      Coef.   Std. Err.      t    P>|t|     [95% Conf. Interval]
-------------+----------------------------------------------------------------
     expdum1 |   .5244626    .029166    17.98   0.000     .4672917    .5816334
     expdum2 |   .3386882   .0286563    11.82   0.000     .2825164      .39486
     expdum3 |   .0877703   .0264895     3.31   0.001     .0358457    .1396948
     expdum5 |  -.0453541   .0245864    -1.84   0.065    -.0935481      .00284
     expdum6 |  -.0104795   .0256509    -0.41   0.683    -.0607601    .0398012
     expdum7 |  -.0062253   .0247545    -0.25   0.801    -.0547488    .0422983
     expdum8 |  -.0666642   .0252012    -2.65   0.008    -.1160634    -.017265
     expdum9 |   .0129291   .0284456     0.45   0.649    -.0428297    .0686879
      female |   .2096661    .015057    13.92   0.000     .1801515    .2391808
     married |  -.0616753   .0157421    -3.92   0.000    -.0925329   -.0308177
       educ1 |   .1621402   .0199838     8.11   0.000     .1229681    .2013123
       educ2 |   .0638781    .020982     3.04   0.002     .0227493    .1050069
       educ4 |  -.1127975   .0191685    -5.88   0.000    -.1503715   -.0752235
       educ5 |  -.0677554   .0289026    -2.34   0.019      -.12441   -.0111007
      inform |  -.1709808   .0123831   -13.81   0.000    -.1952542   -.1467075
     routine |   .0573536   .0168992     3.39   0.001      .024228    .0904791
        face |  -.0291117   .0123153    -2.36   0.018    -.0532519   -.0049714
        site |  -.0847856   .0131187    -6.46   0.000    -.1105008   -.0590705
    decision |  -.1095829   .0117649    -9.31   0.000    -.1326445   -.0865214
       _cons |  -1.167774   .0331606   -35.22   0.000    -1.232775   -1.102773
------------------------------------------------------------------------------

. 
. 
. * manual RIF regression 9
. generate rif_09 = 6.946187 - (6.946187 - (lwage < 6.946187))/0.787109

. reg rif_09 expdum1-expdum3 expdum5-expdum9 female married ///
>       educ1 educ2 educ4 educ5 ///
>       inform routine face site decision [aweight = SIHPSWT], robust
(sum of wgt is   6.2202e+06)

Linear regression                                      Number of obs =   10433
                                                       F( 19, 10413) =  295.56
                                                       Prob > F      =  0.0000
                                                       R-squared     =  0.2881
                                                       Root MSE      =  .53361

------------------------------------------------------------------------------
             |               Robust
      rif_09 |      Coef.   Std. Err.      t    P>|t|     [95% Conf. Interval]
-------------+----------------------------------------------------------------
     expdum1 |   .4605536    .027596    16.69   0.000     .4064602    .5146471
     expdum2 |    .341788   .0279508    12.23   0.000      .286999    .3965769
     expdum3 |   .1109895   .0271169     4.09   0.000     .0578353    .1641437
     expdum5 |  -.0551171   .0252546    -2.18   0.029    -.1046209   -.0056134
     expdum6 |  -.0211452   .0263256    -0.80   0.422    -.0727484    .0304579
     expdum7 |  -.0204633   .0254151    -0.81   0.421    -.0702818    .0293552
     expdum8 |  -.0741864   .0258856    -2.87   0.004    -.1249273   -.0234456
     expdum9 |  -.0012419   .0288621    -0.04   0.966    -.0578173    .0553334
      female |   .2208721   .0151655    14.56   0.000     .1911447    .2505994
     married |  -.0730266   .0158417    -4.61   0.000    -.1040793   -.0419739
       educ1 |   .1601167   .0198629     8.06   0.000     .1211816    .1990518
       educ2 |   .0661936   .0208378     3.18   0.001     .0253476    .1070396
       educ4 |  -.1166372   .0196195    -5.94   0.000    -.1550951   -.0781793
       educ5 |  -.1028744   .0299005    -3.44   0.001    -.1614851   -.0442637
      inform |   -.173261   .0126092   -13.74   0.000    -.1979774   -.1485446
     routine |   .0434105   .0168727     2.57   0.010     .0103368    .0764843
        face |  -.0322829   .0129072    -2.50   0.012    -.0575834   -.0069823
        site |  -.0833173   .0132318    -6.30   0.000    -.1092542   -.0573805
    decision |  -.1344758   .0121199   -11.10   0.000    -.1582333   -.1107184
       _cons |  -1.151532   .0335348   -34.34   0.000    -1.217267   -1.085797
------------------------------------------------------------------------------

. 
. 
. * manual RIF regression 10
. generate rif_10 = 7.006161 - (7.006161 - (lwage < 7.006161))/0.781563

. reg rif_10 expdum1-expdum3 expdum5-expdum9 female married ///
>       educ1 educ2 educ4 educ5 ///
>       inform routine face site decision [aweight = SIHPSWT], robust
(sum of wgt is   6.2202e+06)

Linear regression                                      Number of obs =   10433
                                                       F( 19, 10413) =  276.73
                                                       Prob > F      =  0.0000
                                                       R-squared     =  0.2903
                                                       Root MSE      =  .53944

------------------------------------------------------------------------------
             |               Robust
      rif_10 |      Coef.   Std. Err.      t    P>|t|     [95% Conf. Interval]
-------------+----------------------------------------------------------------
     expdum1 |   .3899236   .0278226    14.01   0.000     .3353859    .4444612
     expdum2 |   .3290916   .0271902    12.10   0.000     .2757935    .3823896
     expdum3 |   .1362884   .0274943     4.96   0.000     .0823944    .1901825
     expdum5 |  -.0674319   .0260653    -2.59   0.010    -.1185249    -.016339
     expdum6 |  -.0480431   .0268371    -1.79   0.073    -.1006489    .0045626
     expdum7 |   -.042352   .0259403    -1.63   0.103       -.0932    .0084961
     expdum8 |  -.0731636   .0263968    -2.77   0.006    -.1249063   -.0214209
     expdum9 |   -.017188   .0292437    -0.59   0.557    -.0745113    .0401354
      female |   .2172622   .0151876    14.31   0.000     .1874916    .2470328
     married |  -.0768277   .0158826    -4.84   0.000    -.1079606   -.0456948
       educ1 |   .1557576     .01961     7.94   0.000     .1173183    .1941969
       educ2 |   .0541014   .0205309     2.64   0.008     .0138569    .0943459
       educ4 |  -.1379045   .0201779    -6.83   0.000     -.177457   -.0983519
       educ5 |  -.1276294   .0316052    -4.04   0.000    -.1895816   -.0656772
      inform |  -.1632918   .0127968   -12.76   0.000     -.188376   -.1382076
     routine |   .0485957    .016729     2.90   0.004     .0158037    .0813877
        face |  -.0166357   .0133383    -1.25   0.212    -.0427814      .00951
        site |  -.0948908   .0135139    -7.02   0.000    -.1213807    -.068401
    decision |  -.1606322   .0125687   -12.78   0.000    -.1852693   -.1359952
       _cons |  -1.137636   .0334021   -34.06   0.000    -1.203111   -1.072162
------------------------------------------------------------------------------

. 
. 
. * manual RIF regression 11
. generate rif_11 = 7.078341 - (7.078341 - (lwage < 7.078341))/0.752327

. reg rif_11 expdum1-expdum3 expdum5-expdum9 female married ///
>       educ1 educ2 educ4 educ5 ///
>       inform routine face site decision [aweight = SIHPSWT], robust
(sum of wgt is   6.2202e+06)

Linear regression                                      Number of obs =   10433
                                                       F( 19, 10413) =  243.23
                                                       Prob > F      =  0.0000
                                                       R-squared     =  0.2808
                                                       Root MSE      =  .56141

------------------------------------------------------------------------------
             |               Robust
      rif_11 |      Coef.   Std. Err.      t    P>|t|     [95% Conf. Interval]
-------------+----------------------------------------------------------------
     expdum1 |   .2919508   .0283267    10.31   0.000      .236425    .3474766
     expdum2 |   .2733326   .0272435    10.03   0.000     .2199302     .326735
     expdum3 |    .126966   .0283557     4.48   0.000     .0713833    .1825487
     expdum5 |   -.109534    .027307    -4.01   0.000     -.163061   -.0560071
     expdum6 |   -.088179   .0281776    -3.13   0.002    -.1434124   -.0329456
     expdum7 |  -.0848629   .0273422    -3.10   0.002    -.1384588    -.031267
     expdum8 |  -.0938394   .0275558    -3.41   0.001     -.147854   -.0398248
     expdum9 |  -.0649275   .0304352    -2.13   0.033    -.1245863   -.0052687
      female |   .2018913   .0155421    12.99   0.000     .1714258    .2323569
     married |  -.0944118   .0162851    -5.80   0.000    -.1263337   -.0624899
       educ1 |   .1731591   .0199658     8.67   0.000     .1340223    .2122959
       educ2 |   .0607955   .0205971     2.95   0.003     .0204213    .1011698
       educ4 |  -.1677225   .0212819    -7.88   0.000     -.209439    -.126006
       educ5 |  -.1861761   .0330256    -5.64   0.000    -.2509126   -.1214396
      inform |  -.1490355   .0133958   -11.13   0.000    -.1752938   -.1227772
     routine |   .0535097   .0170235     3.14   0.002     .0201404    .0868791
        face |  -.0096529   .0139403    -0.69   0.489    -.0369785    .0176727
        site |  -.1036622   .0138505    -7.48   0.000    -.1308119   -.0765126
    decision |  -.1733315   .0132126   -13.12   0.000    -.1992307   -.1474323
       _cons |  -1.367102   .0342823   -39.88   0.000    -1.434302   -1.299902
------------------------------------------------------------------------------

. 
. 
. * manual RIF regression 12
. generate rif_12 = 7.136905 - (7.136905 - (lwage < 7.136905))/0.718137

. reg rif_12 expdum1-expdum3 expdum5-expdum9 female married ///
>       educ1 educ2 educ4 educ5 ///
>       inform routine face site decision [aweight = SIHPSWT], robust
(sum of wgt is   6.2202e+06)

Linear regression                                      Number of obs =   10433
                                                       F( 19, 10413) =  212.98
                                                       Prob > F      =  0.0000
                                                       R-squared     =  0.2703
                                                       Root MSE      =  .58332

------------------------------------------------------------------------------
             |               Robust
      rif_12 |      Coef.   Std. Err.      t    P>|t|     [95% Conf. Interval]
-------------+----------------------------------------------------------------
     expdum1 |   .2459115   .0288159     8.53   0.000     .1894268    .3023962
     expdum2 |   .2711489   .0271502     9.99   0.000     .2179293    .3243686
     expdum3 |   .1452327   .0289347     5.02   0.000     .0885152    .2019503
     expdum5 |  -.1153028   .0287886    -4.01   0.000     -.171734   -.0588715
     expdum6 |  -.0924661   .0294271    -3.14   0.002    -.1501488   -.0347833
     expdum7 |    -.09795    .028538    -3.43   0.001      -.15389     -.04201
     expdum8 |  -.0888199   .0286166    -3.10   0.002    -.1449139   -.0327259
     expdum9 |  -.0966149   .0318311    -3.04   0.002      -.15901   -.0342198
      female |    .220152   .0162339    13.56   0.000     .1883303    .2519736
     married |  -.0847275   .0165633    -5.12   0.000    -.1171948   -.0522602
       educ1 |   .1732329    .020327     8.52   0.000     .1333881    .2130776
       educ2 |    .058296   .0209211     2.79   0.005     .0172866    .0993054
       educ4 |  -.1809402    .022393    -8.08   0.000    -.2248348   -.1370457
       educ5 |  -.2361721    .035229    -6.70   0.000    -.3052278   -.1671165
      inform |  -.1256214   .0141503    -8.88   0.000    -.1533587   -.0978841
     routine |   .0458061   .0174656     2.62   0.009     .0115701    .0800421
        face |   .0016654   .0146668     0.11   0.910    -.0270843    .0304151
        site |  -.0842411   .0141601    -5.95   0.000    -.1119976   -.0564846
    decision |  -.1889036   .0142947   -13.21   0.000    -.2169239   -.1608833
       _cons |  -1.756262   .0350818   -50.06   0.000    -1.825029   -1.687495
------------------------------------------------------------------------------

. 
. 
. * manual RIF regression 13
. generate rif_13 = 7.211911 - (7.211911 - (lwage < 7.211911))/0.685978

. reg rif_13 expdum1-expdum3 expdum5-expdum9 female married ///
>       educ1 educ2 educ4 educ5 ///
>       inform routine face site decision [aweight = SIHPSWT], robust
(sum of wgt is   6.2202e+06)

Linear regression                                      Number of obs =   10433
                                                       F( 19, 10413) =  193.92
                                                       Prob > F      =  0.0000
                                                       R-squared     =  0.2659
                                                       Root MSE      =  .59591

------------------------------------------------------------------------------
             |               Robust
      rif_13 |      Coef.   Std. Err.      t    P>|t|     [95% Conf. Interval]
-------------+----------------------------------------------------------------
     expdum1 |   .1533965   .0281952     5.44   0.000     .0981285    .2086645
     expdum2 |   .2144123   .0267794     8.01   0.000     .1619195    .2669051
     expdum3 |   .1220287   .0292182     4.18   0.000     .0647553     .179302
     expdum5 |  -.1543915   .0297451    -5.19   0.000    -.2126976   -.0960854
     expdum6 |  -.1301607   .0300854    -4.33   0.000     -.189134   -.0711875
     expdum7 |  -.1316302   .0290604    -4.53   0.000    -.1885942   -.0746662
     expdum8 |  -.1418515   .0297149    -4.77   0.000    -.2000984   -.0836045
     expdum9 |  -.1504375   .0331356    -4.54   0.000    -.2153897   -.0854854
      female |   .2157387     .01658    13.01   0.000     .1832388    .2482386
     married |  -.0978425   .0166587    -5.87   0.000    -.1304967   -.0651882
       educ1 |   .1657857   .0201505     8.23   0.000     .1262868    .2052846
       educ2 |    .051843   .0206588     2.51   0.012     .0113478    .0923382
       educ4 |  -.1919882   .0231491    -8.29   0.000    -.2373648   -.1466115
       educ5 |  -.2669064   .0369093    -7.23   0.000    -.3392557   -.1945572
      inform |  -.1094472   .0145576    -7.52   0.000    -.1379828   -.0809116
     routine |   .0401048   .0175414     2.29   0.022     .0057203    .0744894
        face |   .0246011   .0149325     1.65   0.099    -.0046695    .0538716
        site |  -.0683207   .0142421    -4.80   0.000    -.0962379   -.0404034
    decision |  -.2125184   .0149052   -14.26   0.000    -.2417354   -.1833014
       _cons |  -2.104873   .0354185   -59.43   0.000      -2.1743   -2.035446
------------------------------------------------------------------------------

. 
. 
. * manual RIF regression 14
. generate rif_14 = 7.296644 - (7.296644 - (lwage < 7.296644))/0.656732

. reg rif_14 expdum1-expdum3 expdum5-expdum9 female married ///
>       educ1 educ2 educ4 educ5 ///
>       inform routine face site decision [aweight = SIHPSWT], robust
(sum of wgt is   6.2202e+06)

Linear regression                                      Number of obs =   10433
                                                       F( 19, 10413) =  159.74
                                                       Prob > F      =  0.0000
                                                       R-squared     =  0.2451
                                                       Root MSE      =  .60563

------------------------------------------------------------------------------
             |               Robust
      rif_14 |      Coef.   Std. Err.      t    P>|t|     [95% Conf. Interval]
-------------+----------------------------------------------------------------
     expdum1 |   .1139473   .0277593     4.10   0.000     .0595338    .1683608
     expdum2 |   .1770194   .0263713     6.71   0.000     .1253266    .2287123
     expdum3 |   .1136304   .0289168     3.93   0.000     .0569479    .1703129
     expdum5 |  -.1714447   .0304831    -5.62   0.000    -.2311975   -.1116919
     expdum6 |  -.1449696   .0305819    -4.74   0.000     -.204916   -.0850232
     expdum7 |    -.13235   .0295721    -4.48   0.000     -.190317    -.074383
     expdum8 |  -.1586359    .030363    -5.22   0.000    -.2181533   -.0991186
     expdum9 |  -.1578165   .0345351    -4.57   0.000    -.2255119   -.0901211
      female |   .2162438    .016785    12.88   0.000     .1833421    .2491456
     married |  -.0842055   .0166665    -5.05   0.000     -.116875    -.051536
       educ1 |   .1567128   .0199299     7.86   0.000     .1176464    .1957793
       educ2 |   .0425041   .0207108     2.05   0.040     .0019069    .0831012
       educ4 |  -.1847571   .0234784    -7.87   0.000    -.2307793   -.1387349
       educ5 |   -.323974   .0390141    -8.30   0.000     -.400449   -.2474989
      inform |  -.0762903   .0148551    -5.14   0.000    -.1054092   -.0471714
     routine |   .0500477   .0176315     2.84   0.005     .0154865    .0846089
        face |   .0517671   .0151611     3.41   0.001     .0220485    .0814857
        site |   -.054678   .0141391    -3.87   0.000    -.0823934   -.0269626
    decision |  -.2220627   .0158236   -14.03   0.000    -.2530801   -.1910453
       _cons |  -2.537701   .0357411   -71.00   0.000    -2.607761   -2.467642
------------------------------------------------------------------------------

. 
. 
. * manual RIF regression 15
. generate rif_15 = 7.362652 - (7.362652 - (lwage < 7.362652))/0.619972

. reg rif_15 expdum1-expdum3 expdum5-expdum9 female married ///
>       educ1 educ2 educ4 educ5 ///
>       inform routine face site decision [aweight = SIHPSWT], robust
(sum of wgt is   6.2202e+06)

Linear regression                                      Number of obs =   10433
                                                       F( 19, 10413) =  123.08
                                                       Prob > F      =  0.0000
                                                       R-squared     =  0.2223
                                                       Root MSE      =  .61509

------------------------------------------------------------------------------
             |               Robust
      rif_15 |      Coef.   Std. Err.      t    P>|t|     [95% Conf. Interval]
-------------+----------------------------------------------------------------
     expdum1 |   .0701321   .0278584     2.52   0.012     .0155243      .12474
     expdum2 |   .1296112   .0262704     4.93   0.000     .0781162    .1811061
     expdum3 |   .0922555   .0288415     3.20   0.001     .0357207    .1487904
     expdum5 |  -.1491968   .0313748    -4.76   0.000    -.2106974   -.0876963
     expdum6 |  -.1493348   .0310802    -4.80   0.000    -.2102579   -.0884117
     expdum7 |  -.1279863   .0303791    -4.21   0.000    -.1875352   -.0684374
     expdum8 |  -.1317912   .0303303    -4.35   0.000    -.1912445    -.072338
     expdum9 |  -.1333083   .0350422    -3.80   0.000    -.2019977   -.0646189
      female |   .2304168   .0169892    13.56   0.000     .1971148    .2637189
     married |  -.0932789    .016701    -5.59   0.000    -.1260161   -.0605416
       educ1 |   .1454046    .019706     7.38   0.000     .1067771    .1840321
       educ2 |    .039878   .0208313     1.91   0.056    -.0009554    .0807114
       educ4 |   -.153431   .0240359    -6.38   0.000    -.2005459   -.1063161
       educ5 |  -.3244249   .0411503    -7.88   0.000    -.4050875   -.2437624
      inform |  -.0430105   .0154423    -2.79   0.005    -.0732804   -.0127407
     routine |   .0478691   .0179793     2.66   0.008     .0126262     .083112
        face |   .0962433   .0155042     6.21   0.000     .0658522    .1266344
        site |  -.0282273   .0140313    -2.01   0.044    -.0557314   -.0007233
    decision |  -.2468493   .0167104   -14.77   0.000     -.279605   -.2140936
       _cons |   -3.14498   .0360337   -87.28   0.000    -3.215613   -3.074347
------------------------------------------------------------------------------

. 
. 
. * manual RIF regression 16
. generate rif_16 = 7.453545 - (7.453545 - (lwage < 7.453545))/0.515545

. reg rif_16 expdum1-expdum3 expdum5-expdum9 female married ///
>       educ1 educ2 educ4 educ5 ///
>       inform routine face site decision [aweight = SIHPSWT], robust
(sum of wgt is   6.2202e+06)

Linear regression                                      Number of obs =   10433
                                                       F( 19, 10413) =   98.47
                                                       Prob > F      =  0.0000
                                                       R-squared     =  0.2013
                                                       Root MSE      =  .69222

------------------------------------------------------------------------------
             |               Robust
      rif_16 |      Coef.   Std. Err.      t    P>|t|     [95% Conf. Interval]
-------------+----------------------------------------------------------------
     expdum1 |   .0545806   .0291301     1.87   0.061    -.0025201    .1116812
     expdum2 |   .1181871   .0283869     4.16   0.000     .0625433    .1738309
     expdum3 |   .0938425   .0318846     2.94   0.003     .0313426    .1563425
     expdum5 |  -.1441683   .0353443    -4.08   0.000    -.2134499   -.0748867
     expdum6 |  -.1608878   .0354915    -4.53   0.000     -.230458   -.0913176
     expdum7 |  -.1431266   .0350919    -4.08   0.000    -.2119134   -.0743399
     expdum8 |  -.1425232   .0348909    -4.08   0.000    -.2109161   -.0741304
     expdum9 |  -.1285533   .0398611    -3.23   0.001    -.2066888   -.0504179
      female |   .2705912   .0190759    14.18   0.000     .2331988    .3079836
     married |  -.0982819   .0185868    -5.29   0.000    -.1347155   -.0618483
       educ1 |   .1301385   .0218566     5.95   0.000     .0872953    .1729816
       educ2 |   .0489154   .0225482     2.17   0.030     .0047165    .0931142
       educ4 |  -.1466443   .0273721    -5.36   0.000    -.2002988   -.0929898
       educ5 |  -.3657049   .0485507    -7.53   0.000    -.4608735   -.2705363
      inform |  -.0324894   .0177229    -1.83   0.067    -.0672297     .002251
     routine |   .0537241   .0200114     2.68   0.007     .0144981    .0929502
        face |   .1217167   .0175336     6.94   0.000     .0873475    .1560859
        site |  -.0109339   .0154467    -0.71   0.479    -.0412125    .0193447
    decision |  -.2672795   .0198038   -13.50   0.000    -.3060988   -.2284602
       _cons |  -5.322295   .0405795  -131.16   0.000    -5.401839   -5.242751
------------------------------------------------------------------------------

. 
. 
. * manual RIF regression 17
. generate rif_17 = 7.563143 - (7.563143 - (lwage < 7.563143))/0.400368

. reg rif_17 expdum1-expdum3 expdum5-expdum9 female married ///
>       educ1 educ2 educ4 educ5 ///
>       inform routine face site decision [aweight = SIHPSWT], robust
(sum of wgt is   6.2202e+06)

Linear regression                                      Number of obs =   10433
                                                       F( 19, 10413) =   67.04
                                                       Prob > F      =  0.0000
                                                       R-squared     =  0.1699
                                                       Root MSE      =  .81031

------------------------------------------------------------------------------
             |               Robust
      rif_17 |      Coef.   Std. Err.      t    P>|t|     [95% Conf. Interval]
-------------+----------------------------------------------------------------
     expdum1 |   .0063824   .0335072     0.19   0.849    -.0592983     .072063
     expdum2 |   .0866846    .031862     2.72   0.007     .0242289    .1491403
     expdum3 |   .0948744   .0354884     2.67   0.008     .0253103    .1644386
     expdum5 |  -.1630871   .0420853    -3.88   0.000    -.2455824   -.0805919
     expdum6 |  -.1752445   .0418802    -4.18   0.000    -.2573378   -.0931513
     expdum7 |  -.1657074   .0415785    -3.99   0.000    -.2472093   -.0842056
     expdum8 |  -.1737071   .0415986    -4.18   0.000    -.2552483   -.0921659
     expdum9 |  -.1528005   .0463644    -3.30   0.001    -.2436837   -.0619173
      female |   .2905452   .0218412    13.30   0.000     .2477323    .3333582
     married |   -.107035   .0209601    -5.11   0.000    -.1481209   -.0659491
       educ1 |   .1395307   .0241406     5.78   0.000     .0922105     .186851
       educ2 |   .0566161   .0257468     2.20   0.028     .0061475    .1070847
       educ4 |  -.1346654   .0319454    -4.22   0.000    -.1972846   -.0720462
       educ5 |  -.4006751   .0593171    -6.75   0.000     -.516948   -.2844022
      inform |  -.0130358   .0211082    -0.62   0.537     -.054412    .0283404
     routine |   .0544931    .022614     2.41   0.016     .0101653    .0988209
        face |   .1350779     .02071     6.52   0.000     .0944823    .1756736
        site |  -.0022931   .0174156    -0.13   0.895     -.036431    .0318447
    decision |  -.3003698   .0248403   -12.09   0.000    -.3490615   -.2516782
       _cons |  -9.069757   .0460025  -197.16   0.000    -9.159931   -8.979583
------------------------------------------------------------------------------

. 
. 
. * manual RIF regression 18
. generate rif_18 = 7.711822 - (7.711822 - (lwage < 7.711822))/0.288694

. reg rif_18 expdum1-expdum3 expdum5-expdum9 female married ///
>       educ1 educ2 educ4 educ5 ///
>       inform routine face site decision [aweight = SIHPSWT], robust
(sum of wgt is   6.2202e+06)

Linear regression                                      Number of obs =   10433
                                                       F( 19, 10413) =   44.04
                                                       Prob > F      =  0.0000
                                                       R-squared     =  0.1505
                                                       Root MSE      =  .95358

------------------------------------------------------------------------------
             |               Robust
      rif_18 |      Coef.   Std. Err.      t    P>|t|     [95% Conf. Interval]
-------------+----------------------------------------------------------------
     expdum1 |  -.1017789   .0364447    -2.79   0.005    -.1732175   -.0303403
     expdum2 |  -.0149349   .0362013    -0.41   0.680    -.0858964    .0560267
     expdum3 |   .0692059   .0379669     1.82   0.068    -.0052164    .1436283
     expdum5 |  -.1788559   .0481462    -3.71   0.000    -.2732317   -.0844801
     expdum6 |  -.2401168   .0487073    -4.93   0.000    -.3355925   -.1446411
     expdum7 |  -.1701516   .0471412    -3.61   0.000    -.2625574   -.0777458
     expdum8 |  -.2596076   .0504652    -5.14   0.000    -.3585291   -.1606861
     expdum9 |  -.2320043   .0558593    -4.15   0.000    -.3414992   -.1225094
      female |   .3077522   .0253659    12.13   0.000     .2580302    .3574742
     married |   -.131486   .0233756    -5.62   0.000    -.1773068   -.0856653
       educ1 |   .1257091    .025996     4.84   0.000     .0747519    .1766663
       educ2 |   .0420342   .0288527     1.46   0.145    -.0145226     .098591
       educ4 |   -.188775   .0384106    -4.91   0.000    -.2640672   -.1134829
       educ5 |   -.430296   .0724713    -5.94   0.000    -.5723536   -.2882385
      inform |   .0122349   .0262808     0.47   0.642    -.0392805    .0637502
     routine |    .076307   .0251616     3.03   0.002     .0269855    .1256285
        face |    .180737   .0248735     7.27   0.000     .1319802    .2294937
        site |   .0226314   .0191846     1.18   0.238    -.0149741    .0602369
    decision |  -.3493937   .0319666   -10.93   0.000    -.4120544   -.2867331
       _cons |  -15.71827   .0520251  -302.13   0.000    -15.82025   -15.61629
------------------------------------------------------------------------------

. 
. 
. * manual RIF regression 19
. generate rif_19 = 7.962973 - (7.962973 - (lwage < 7.962973))/0.143471

. reg rif_19 expdum1-expdum3 expdum5-expdum9 female married ///
>       educ1 educ2 educ4 educ5 ///
>       inform routine face site decision [aweight = SIHPSWT], robust
(sum of wgt is   6.2202e+06)

Linear regression                                      Number of obs =   10433
                                                       F( 19, 10413) =   19.22
                                                       Prob > F      =  0.0000
                                                       R-squared     =  0.0906
                                                       Root MSE      =  1.4298

------------------------------------------------------------------------------
             |               Robust
      rif_19 |      Coef.   Std. Err.      t    P>|t|     [95% Conf. Interval]
-------------+----------------------------------------------------------------
     expdum1 |  -.2500845   .0470474    -5.32   0.000    -.3423064   -.1578626
     expdum2 |   -.143746    .046317    -3.10   0.002    -.2345363   -.0529558
     expdum3 |   -.024669    .047474    -0.52   0.603    -.1177272    .0683892
     expdum5 |   -.324333   .0679275    -4.77   0.000    -.4574839    -.191182
     expdum6 |  -.3637764   .0655598    -5.55   0.000    -.4922863   -.2352666
     expdum7 |  -.3561555   .0671811    -5.30   0.000    -.4878432   -.2244677
     expdum8 |  -.4103896   .0749874    -5.47   0.000    -.5573793   -.2633999
     expdum9 |   -.320117   .0762704    -4.20   0.000    -.4696217   -.1706124
      female |   .3524802   .0375678     9.38   0.000       .27884    .4261204
     married |  -.1172899   .0328704    -3.57   0.000    -.1817222   -.0528575
       educ1 |   .1141504   .0344365     3.31   0.001     .0466482    .1816526
       educ2 |   .0163105   .0411008     0.40   0.691     -.064255     .096876
       educ4 |  -.3485112   .0571492    -6.10   0.000    -.4605347   -.2364878
       educ5 |  -.4813161   .1085927    -4.43   0.000    -.6941786   -.2684537
      inform |   .1054389   .0404716     2.61   0.009     .0261068    .1847711
     routine |   .0327773   .0354418     0.92   0.355    -.0366955      .10225
        face |   .1962347   .0369066     5.32   0.000     .1238908    .2685787
        site |   .0883124   .0274448     3.22   0.001     .0345154    .1421094
    decision |   -.417901   .0538438    -7.76   0.000    -.5234452   -.3123569
       _cons |  -40.65402   .0682713  -595.48   0.000    -40.78785    -40.5202
------------------------------------------------------------------------------

. 
. 
. 
. 
. 
. /* XX_ABS_STARTLOG (START OF ABS TERMINATION CODE) */
. 
. XABSTERM

. /* XX_ABS_ENDLOG (END OF ABS TERMINATION CODE) */
. 
end of do-file
