/**********************************************************************/
     Australian Bureau of Statistics Remote Access Data Laboratory
     
 The following specifies the details of this file and the job that
 produced it as originally written by the RADL.
 
 User Id        : COOPAL
 Job Identifier : 0057
 File Name      : output0057.txt
 Date/Time      : 05 Oct 2013  22:18:13
  
/**********************************************************************/



. * Perform a RIF regression on the 2010 CURF with the 1st combined grouping
. *
. * NB: All loops are unrolled, quantiles/densities are hard-coded and matrixes
>  are
. *     not used because of RADL restrictions. Results are computer-processed f
> rom 
. *     output log files using the script analysis/parse_rif_2010.py
. *
. * This is a generated file -- do not edit. Edit analysis/make_rif_2010.py ins
> tead.
. *
. * USE EXPANDED CURF
. use "`SIH10EP'"

. 
. keep ABSHID ABSFID ABSIID ABSLID ABSPID ///
>     FTPTSTAT SECEDQL OCC6DIG AGEEC PSRC4PP PSRCSCP IWSSUCP8 IWSUCP SIHPSWT //
> /
>     SEXP LVLEDUA MSTATP ///
>     WPS0101-WPS0160
. 
. * stone age STATA means we need a workaround for merge
. sort OCC6DIG

. joinby OCC6DIG using "`SAVED'Combined2Map", unmatched(both)

. 
. sort COMBINEDII

. 
. svrset set meth jk1 pw SIHPSWT rw WPS0101-WPS0160 dof 59

. 
. * keep only full-time Wage & Salary records
. drop if (PSRCSCP != 1) | (FTPTSTAT != 1)
(22903 observations deleted)
. 
. * remove "Not Applicable" or "Inadequately Described" records
. drop if (OCC6DIG == 0) | (OCC6DIG == 99)
(27 observations deleted)
. 
. svrmean IWSSUCP8, by(OCC6DIG)
dropping IWSSUCP8
*ABSTABLE_START*
*ABSTABLE_UR*1
*ABSTABLE_NSTATVAR*1
*ABSTABLE_CONTRIB*11064
*ABSTABLE_SINGLE*3
*ABSTABLE_NONZERO*51
*ABSTABLE_VSINGLE*3
*ABSTABLE_VSINGMAX*3

Survey mean estimation, replication (jk1) variance method

Analysis weight:      SIHPSWT                  Number of obs       =     11064
Replicate weights:    WPS0101...               Population size     = 6567248.8
Number of replicates: 60                       Degrees of freedom  =        59

------------------------------------------------------------------------------
Mean   Subpop. |   Estimate    Std. Err.   [95% Conf. Interval]        Deff
---------------+--------------------------------------------------------------
IWSSUCP8       |
      Managers |   2224.455     575.019    1073.845    3375.065    2.557435
      Chief_Ex |   3222.638    310.8412    2600.646    3844.629    1.659228
      Farmers_ |   1093.027    72.21134    948.5322    1237.521    1.040478
      Speciali |   2014.458    56.78456    1900.832    2128.083    2.299623
      Hospital |   1155.938    39.14269    1077.614    1234.263    1.819151
      Professi |     1313.7     117.276    1079.031    1548.368    1.178246
      Arts_and |   1438.149    181.7644    1074.439    1801.859    2.231993
      Business |   1612.816    45.64443    1521.481     1704.15    1.444093
      Design,_ |   1768.558     82.0167    1604.443    1932.673    1.727634
      Educatio |   1382.512    19.18101    1344.131    1420.893    1.460537
      Health_P |   1875.402     90.9586    1693.394     2057.41    1.540409
      ICT_Prof |   1805.397    69.99554    1665.336    1945.458    1.834223
      Legal,_S |   1729.153    215.4118    1298.115    2160.191    1.591898
      Technici |   1920.962    235.7277    1449.272    2392.652    1.243554
      Engineer |   1503.722    65.68549    1372.285    1635.158    1.305959
      Automoti |   1232.687    41.87347    1148.898    1316.475    1.960116
      Construc |   1031.306    37.70011    955.8679    1106.743    1.618618
      Electrot |   1205.853    52.01526    1101.771    1309.935    1.360673
      Food_Tra |   891.2404    45.12293    800.9496    981.5311    2.549276
      Skilled_ |   879.4981    32.72169    814.0221     944.974    1.026727
      Other_Te |    973.515    52.79235    867.8777    1079.152    1.429051
      Communit |        704         ***           .           .           .
      Health_a |   1231.447    53.88446    1123.625     1339.27    1.388745
      Carers_a |   805.5333    16.57788    772.3611    838.7056    1.271766
      Hospital |   788.7299    30.99421    726.7106    850.7492    1.479027
      Protecti |   1270.768    39.31585    1192.098    1349.439    1.472101
      Sports_a |   949.5052    82.92561    783.5715    1115.439     1.84931
      Clerical |       1185         ***           .           .           .
      Office_M |   1483.157    86.21129    1310.648    1655.665    1.691104
      Personal |   1034.539    37.58823    959.3256    1109.753    1.450066
      General_ |   901.8739    26.41058    849.0265    954.7214    1.495108
      Inquiry_ |   848.2443    20.21862     807.787    888.7017    1.272998
      Numerica |   1062.044    49.27865    963.4379    1160.651    1.939307
      Clerical |   966.6771    43.73937    879.1548    1054.199    1.843634
      Other_Cl |   1095.345    27.01417    1041.289      1149.4    1.433916
      Sales_Wo |        496         ***           .           .           .
      Sales_Re |   1420.794    47.47975    1325.788    1515.801    1.456732
      Sales_As |   857.0255    23.96202    809.0776    904.9734    1.363002
      Sales_Su |   860.4096    44.53283    771.2996    949.5196    1.426726
      Machiner |   924.7767    92.17847     740.328    1109.225    .9820787
      Machine_ |   1343.239    48.32091    1246.549    1439.929    1.295563
      Mobile_P |   1119.316    63.19622    992.8605    1245.771     1.64265
      Road_and |   1143.199    33.56613    1076.034    1210.365    1.751464
      Storeper |   878.5135    43.57779    791.3145    965.7124    2.463856
      Labourer |   396.2952    726.0329   -1056.493    1849.084    10.63366
      Cleaners |   805.6199     50.5703     704.429    906.8109     1.68401
      Construc |   1256.692    59.95193    1136.729    1376.656    1.198047
      Factory_ |   869.3324    27.64033    814.0243    924.6406    1.531949
      Farm,_Fo |   799.7502    26.16485    747.3944    852.1059    1.268306
      Food_Pre |   674.3341    40.17973    593.9347    754.7336    2.297253
      Other_La |   956.4362    59.03831    838.3008    1074.572    2.213347
------------------------------------------------------------------------------
(***) Unable to calculate estimates in 1 or more
      replicates. Standard error not calculated.
*ABSTABLE_END*

. *ABS Change: svrmean IWSSUCP8, by(COMBINEDII)
. XABSSVRMEAN IWSSUCP8, by(COMBINEDII)
dropping IWSSUCP8
*ABSTABLE_START*
*ABSTABLE_UR*1
*ABSTABLE_NSTATVAR*1
*ABSTABLE_CONTRIB*11064
*ABSTABLE_SINGLE*0
*ABSTABLE_NONZERO*29
*ABSTABLE_VSINGLE*0
*ABSTABLE_VSINGMAX*0

Survey mean estimation, replication (jk1) variance method

Analysis weight:      SIHPSWT                  Number of obs       =     11064
Replicate weights:    WPS0101...               Population size     = 6567248.8
Number of replicates: 60                       Degrees of freedom  =        59

------------------------------------------------------------------------------
Mean   Subpop. |   Estimate    Std. Err.   [95% Conf. Interval]        Deff
---------------+--------------------------------------------------------------
IWSSUCP8       |
 COMBINEDII==1 |   3059.874    266.8936    2525.821    3593.926    1.583317
 COMBINEDII==2 |   1093.027    72.21134    948.5322    1237.521    1.040478
 COMBINEDII==3 |   2014.458    56.78456    1900.832    2128.083    2.299623
 COMBINEDII==4 |   1107.671    32.46548    1042.707    1172.634    1.564591
 COMBINEDII==5 |    1414.15    147.3372    1119.329    1708.971    2.148295
 COMBINEDII==6 |   1671.275    40.21594    1590.803    1751.747    1.696954
 COMBINEDII==7 |   1768.558     82.0167    1604.443    1932.673    1.727634
 COMBINEDII==8 |   1382.512    19.18101    1344.131    1420.893    1.460537
 COMBINEDII==9 |   1875.402     90.9586    1693.394     2057.41    1.540409
COMBINEDII==10 |   1420.794    47.47975    1325.788    1515.801    1.456732
COMBINEDII==11 |   1729.153    215.4118    1298.115    2160.191    1.591898
COMBINEDII==12 |   1515.852    65.97049    1383.845    1647.859    1.373173
COMBINEDII==13 |   1232.687    41.87347    1148.898    1316.475    1.960116
COMBINEDII==14 |   1031.306    37.70011    955.8679    1106.743    1.618618
COMBINEDII==15 |   1205.853    52.01526    1101.771    1309.935    1.360673
COMBINEDII==16 |   891.2404    45.12293    800.9496    981.5311    2.549276
COMBINEDII==17 |   879.4981    32.72169    814.0221     944.974    1.026727
COMBINEDII==18 |   1081.958    31.69713    1018.532    1145.384    1.438872
COMBINEDII==19 |   952.9622    22.24412    908.4518    997.4725    2.022693
COMBINEDII==20 |   1146.522    47.60424    1051.266    1241.777    1.596913
COMBINEDII==21 |   1034.539    37.58823    959.3256    1109.753    1.450066
COMBINEDII==22 |   1095.345    27.01417    1041.289      1149.4    1.433916
COMBINEDII==23 |   856.6781    20.60162    815.4544    897.9019    1.289817
COMBINEDII==24 |   1240.915    35.78614    1169.307    1312.523    1.241708
COMBINEDII==25 |   1143.199    33.56613    1076.034    1210.365    1.751464
COMBINEDII==26 |   872.3071    25.35634    821.5692     923.045    2.081751
COMBINEDII==27 |   979.0735    34.46159     910.116    1048.031    1.941163
COMBINEDII==28 |   805.6199     50.5703     704.429    906.8109     1.68401
COMBINEDII==29 |   1230.894    53.82997    1123.181    1338.608    1.387322
------------------------------------------------------------------------------
*ABSTABLE_END*

. 
. *ABS Change: table COMBINEDII
. XABSTABLE COMBINEDII
*ABSTABLE_START*
*ABSTABLE_UR*1
*ABSTABLE_NSTATVAR*0
*ABSTABLE_CONTRIB*11064
*ABSTABLE_SINGLE*0
*ABSTABLE_NONZERO*29
*ABSTABLE_VSINGLE*0
*ABSTABLE_VSINGMAX*0

----------------------
COMBINEDI |
I         |      Freq.
----------+-----------
        1 |        186
        2 |         74
        3 |        991
        4 |        548
        5 |         76
        6 |      1,030
        7 |        433
        8 |        537
        9 |        438
       10 |        227
       11 |        174
       12 |        302
       13 |        608
       14 |        298
       15 |        274
       16 |        151
       17 |         77
       18 |        470
       19 |        819
       20 |        501
       21 |        135
       22 |        300
       23 |        410
       24 |        494
       25 |        356
       26 |        385
       27 |        528
       28 |        103
       29 |        139
----------------------
*ABSTABLE_END*

. 
. * see http://www.abs.gov.au/ausstats/abs@.nsf/Lookup/3607C2551414E995CA257A5D
> 000F7C5D?opendocument
. svrset set meth jk1 pw SIHPSWT rw WPS0101-WPS0160 dof 59

. 
. generate lwage = log(IWSSUCP8)

. 
. * find percentiles, as 19*0.5 increments
. pctile pc_lwage = lwage [aweight = SIHPSWT] , nq(20)

. * then densities at those particular percentile
. 
. * generate potential experience flags
. * (for this one we deem experience to start at 15)
. egen potexp = cut(AGEEC), at(15,20,25,30,35,40,45,50,55,60) label
(631 missing values generated)

. *ABS Change: tabulate potexp, generate(expdum)
. XABSTABULATE potexp, generate(expdum)
*ABSTABLE_START*
*ABSTABLE_UR*1
*ABSTABLE_NSTATVAR*0
*ABSTABLE_CONTRIB*10433
*ABSTABLE_SINGLE*0
*ABSTABLE_NONZERO*9
*ABSTABLE_VSINGLE*0
*ABSTABLE_VSINGMAX*0

     potexp |      Freq.     Percent        Cum.
------------+-----------------------------------
        15- |        380        3.64        3.64
        20- |      1,042        9.99       13.63
        25- |      1,355       12.99       26.62
        30- |      1,373       13.16       39.78
        35- |      1,311       12.57       52.34
        40- |      1,359       13.03       65.37
        45- |      1,406       13.48       78.85
        50- |      1,283       12.30       91.14
        55- |        924        8.86      100.00
------------+-----------------------------------
      Total |     10,433      100.00
*ABSTABLE_END*

. 
. generate educ = .
(11064 missing values generated)

. * 1 = some high school or undetermined
. replace educ = 1 if (LVLEDUA == 0 | LVLEDUA == 13 | LVLEDUA == 12 | ///
>          LVLEDUA == 11 | LVLEDUA == 10 | LVLEDUA == 9)
(2494 real changes made)

. * 2 = high school
. replace educ = 2 if (LVLEDUA == 8)
(1708 real changes made)

. * 3 = non-bachelor tertiary qualification
. replace educ = 3 if (LVLEDUA == 7 | LVLEDUA == 6 | LVLEDUA == 5 | LVLEDUA == 
> 4)
(3676 real changes made)

. * 4 = bachelor degree or grad dip/cert
. replace educ = 4 if (LVLEDUA == 3 | LVLEDUA == 2)
(2557 real changes made)

. * 5 = postgrad degree (master or higher)
. replace educ = 5 if (LVLEDUA == 1)
(629 real changes made)

. 
. * now create education dummies
. *ABS Change: tabulate educ, generate(educ)
. XABSTABULATE educ, generate(educ)
*ABSTABLE_START*
*ABSTABLE_UR*1
*ABSTABLE_NSTATVAR*0
*ABSTABLE_CONTRIB*11064
*ABSTABLE_SINGLE*0
*ABSTABLE_NONZERO*5
*ABSTABLE_VSINGLE*0
*ABSTABLE_VSINGMAX*0

       educ |      Freq.     Percent        Cum.
------------+-----------------------------------
          1 |      2,494       22.54       22.54
          2 |      1,708       15.44       37.98
          3 |      3,676       33.22       71.20
          4 |      2,557       23.11       94.31
          5 |        629        5.69      100.00
------------+-----------------------------------
      Total |     11,064      100.00
*ABSTABLE_END*

. 
. generate female = 0

. replace  female = 1 if (SEXP == 2)
(4046 real changes made)

. 
. generate married = 0

. replace  married = 1 if (MSTATP == 1)
(7545 real changes made)

. 
. 
. 
. * manual RIF regression 1
. generate rif_01 = 6.253829 + (6.253829 - (lwage < 6.253829))/0.156011

. reg rif_01 expdum1-expdum3 expdum5-expdum9 female married ///
>       educ1 educ2 educ4 educ5 ///
>       inform routine face site decision [aweight = SIHPSWT], robust
(sum of wgt is   6.2202e+06)

Linear regression                                      Number of obs =   10433
                                                       F( 19, 10413) =   19.75
                                                       Prob > F      =  0.0000
                                                       R-squared     =  0.1976
                                                       Root MSE      =  1.2488

------------------------------------------------------------------------------
             |               Robust
      rif_01 |      Coef.   Std. Err.      t    P>|t|     [95% Conf. Interval]
-------------+----------------------------------------------------------------
     expdum1 |  -3.166609   .2176579   -14.55   0.000     -3.59326   -2.739957
     expdum2 |  -.4032543   .0804684    -5.01   0.000    -.5609878   -.2455209
     expdum3 |  -.0889205   .0564086    -1.58   0.115    -.1994922    .0216512
     expdum5 |   .0733182   .0380988     1.92   0.054    -.0013627    .1479991
     expdum6 |   -.021568   .0493667    -0.44   0.662    -.1183362    .0752003
     expdum7 |  -.0308641   .0495411    -0.62   0.533     -.127974    .0662459
     expdum8 |   .0705307   .0415061     1.70   0.089    -.0108292    .1518906
     expdum9 |   .0678305     .04487     1.51   0.131    -.0201232    .1557842
      female |  -.0827944   .0371924    -2.23   0.026    -.1556986   -.0098901
     married |    .087769   .0356641     2.46   0.014     .0178605    .1576775
       educ1 |  -.1650946   .0485427    -3.40   0.001    -.2602476   -.0699417
       educ2 |  -.1687514   .0572182    -2.95   0.003    -.2809102   -.0565927
       educ4 |  -.0167933   .0367304    -0.46   0.648     -.088792    .0552053
       educ5 |   -.072697   .0575491    -1.26   0.207    -.1855043    .0401102
      inform |  -.0009858   .0321709    -0.03   0.976     -.064047    .0620754
     routine |   .1350005   .0442142     3.05   0.002     .0483323    .2216688
        face |   .0319471   .0250119     1.28   0.202     -.017081    .0809752
        site |  -.1539163   .0373516    -4.12   0.000    -.2271326      -.0807
    decision |     .06221   .0254452     2.44   0.015     .0123327    .1120874
       _cons |   46.14693    .070975   650.19   0.000      46.0078    46.28605
------------------------------------------------------------------------------

. 
. 
. * manual RIF regression 2
. generate rif_02 = 6.458777 + (6.458777 - (lwage < 6.458777))/0.430942

. reg rif_02 expdum1-expdum3 expdum5-expdum9 female married ///
>       educ1 educ2 educ4 educ5 ///
>       inform routine face site decision [aweight = SIHPSWT], robust
(sum of wgt is   6.2202e+06)

Linear regression                                      Number of obs =   10433
                                                       F( 19, 10413) =   48.12
                                                       Prob > F      =  0.0000
                                                       R-squared     =  0.2022
                                                       Root MSE      =  .62395

------------------------------------------------------------------------------
             |               Robust
      rif_02 |      Coef.   Std. Err.      t    P>|t|     [95% Conf. Interval]
-------------+----------------------------------------------------------------
     expdum1 |  -1.424827   .0718761   -19.82   0.000    -1.565718   -1.283937
     expdum2 |  -.2702421   .0402533    -6.71   0.000    -.3491463   -.1913379
     expdum3 |  -.0239163   .0283508    -0.84   0.399    -.0794893    .0316567
     expdum5 |    .047649   .0233947     2.04   0.042     .0017908    .0935071
     expdum6 |   .0027249   .0272539     0.10   0.920     -.050698    .0561479
     expdum7 |     .00106   .0263781     0.04   0.968    -.0506461    .0527662
     expdum8 |   .0397072   .0257136     1.54   0.123    -.0106964    .0901108
     expdum9 |   .0233078   .0288013     0.81   0.418    -.0331482    .0797639
      female |  -.1420943   .0196819    -7.22   0.000    -.1806747   -.1035139
     married |   .0426107   .0180417     2.36   0.018     .0072454     .077976
       educ1 |  -.0801447   .0249122    -3.22   0.001    -.1289774    -.031312
       educ2 |  -.0628231   .0276399    -2.27   0.023    -.1170027   -.0086435
       educ4 |   .0181034   .0198612     0.91   0.362    -.0208284    .0570352
       educ5 |  -.0204856   .0301482    -0.68   0.497    -.0795819    .0386106
      inform |   .0750378   .0160094     4.69   0.000     .0436563    .1064194
     routine |   .0462384   .0218062     2.12   0.034     .0034941    .0889827
        face |   .0336385   .0133709     2.52   0.012      .007429    .0598481
        site |  -.0430642   .0169117    -2.55   0.011    -.0762144   -.0099141
    decision |   .0347299   .0126709     2.74   0.006     .0098924    .0595673
       _cons |    21.2225   .0375365   565.38   0.000     21.14892    21.29608
------------------------------------------------------------------------------

. 
. 
. * manual RIF regression 3
. generate rif_03 = 6.551080 + (6.551080 - (lwage < 6.551080))/0.583479

. reg rif_03 expdum1-expdum3 expdum5-expdum9 female married ///
>       educ1 educ2 educ4 educ5 ///
>       inform routine face site decision [aweight = SIHPSWT], robust
(sum of wgt is   6.2202e+06)

Linear regression                                      Number of obs =   10433
                                                       F( 19, 10413) =   69.26
                                                       Prob > F      =  0.0000
                                                       R-squared     =  0.1994
                                                       Root MSE      =  .53288

------------------------------------------------------------------------------
             |               Robust
      rif_03 |      Coef.   Std. Err.      t    P>|t|     [95% Conf. Interval]
-------------+----------------------------------------------------------------
     expdum1 |  -1.043274   .0503838   -20.71   0.000    -1.142036   -.9445117
     expdum2 |  -.2648979   .0334877    -7.91   0.000    -.3305402   -.1992556
     expdum3 |  -.0505598   .0250172    -2.02   0.043    -.0995983   -.0015213
     expdum5 |   .0403492   .0206308     1.96   0.051     -.000091    .0807895
     expdum6 |  -.0107374   .0239928    -0.45   0.655    -.0577678    .0362931
     expdum7 |  -.0101226   .0233032    -0.43   0.664    -.0558013    .0355561
     expdum8 |   .0313443   .0222913     1.41   0.160     -.012351    .0750396
     expdum9 |   .0202421   .0254588     0.80   0.427    -.0296621    .0701462
      female |  -.1553908   .0164652    -9.44   0.000    -.1876658   -.1231158
     married |   .0424575   .0158006     2.69   0.007     .0114854    .0734297
       educ1 |    -.09049   .0217006    -4.17   0.000    -.1330274   -.0479526
       educ2 |   -.045873   .0230888    -1.99   0.047    -.0911315   -.0006145
       educ4 |   .0136078   .0174792     0.78   0.436    -.0206547    .0478703
       educ5 |  -.0148852   .0253452    -0.59   0.557    -.0645667    .0347962
      inform |   .0976073   .0131323     7.43   0.000     .0718654    .1233491
     routine |   .0140645   .0188708     0.75   0.456    -.0229258    .0510548
        face |   .0357746   .0112738     3.17   0.002     .0136757    .0578735
        site |  -.0229062   .0142187    -1.61   0.107    -.0507776    .0049652
    decision |   .0303843   .0106876     2.84   0.004     .0094346    .0513339
       _cons |   17.54501   .0328282   534.45   0.000     17.48066    17.60936
------------------------------------------------------------------------------

. 
. 
. * manual RIF regression 4
. generate rif_04 = 6.630683 + (6.630683 - (lwage < 6.630683))/0.705411

. reg rif_04 expdum1-expdum3 expdum5-expdum9 female married ///
>       educ1 educ2 educ4 educ5 ///
>       inform routine face site decision [aweight = SIHPSWT], robust
(sum of wgt is   6.2202e+06)

Linear regression                                      Number of obs =   10433
                                                       F( 19, 10413) =  109.66
                                                       Prob > F      =  0.0000
                                                       R-squared     =  0.2132
                                                       Root MSE      =  .50188

------------------------------------------------------------------------------
             |               Robust
      rif_04 |      Coef.   Std. Err.      t    P>|t|     [95% Conf. Interval]
-------------+----------------------------------------------------------------
     expdum1 |   -.842077   .0384292   -21.91   0.000    -.9174057   -.7667484
     expdum2 |  -.2757936   .0308305    -8.95   0.000    -.3362273   -.2153599
     expdum3 |  -.0482931   .0236228    -2.04   0.041    -.0945984   -.0019878
     expdum5 |   .0302945   .0206602     1.47   0.143    -.0102035    .0707925
     expdum6 |  -.0281402     .02343    -1.20   0.230    -.0740676    .0177872
     expdum7 |  -.0104702   .0223453    -0.47   0.639    -.0542712    .0333308
     expdum8 |   .0172192   .0222907     0.77   0.440    -.0264748    .0609133
     expdum9 |   .0143947   .0247086     0.58   0.560    -.0340389    .0628282
      female |  -.1657435   .0151723   -10.92   0.000    -.1954841   -.1360029
     married |   .0594431   .0153323     3.88   0.000     .0293888    .0894974
       educ1 |  -.1248697   .0205729    -6.07   0.000    -.1651965   -.0845429
       educ2 |  -.0354631   .0213807    -1.66   0.097    -.0773733    .0064471
       educ4 |   .0482429   .0168782     2.86   0.004     .0151585    .0813274
       educ5 |  -.0040279   .0256455    -0.16   0.875    -.0542979    .0462422
      inform |   .1055909   .0121795     8.67   0.000     .0817167    .1294651
     routine |    .002179   .0176375     0.12   0.902    -.0323939    .0367518
        face |   .0326451   .0110079     2.97   0.003     .0110675    .0542227
        site |   .0128982   .0133352     0.97   0.333    -.0132412    .0390377
    decision |    .059621   .0107123     5.57   0.000     .0386228    .0806192
       _cons |   15.70986   .0318158   493.78   0.000      15.6475    15.77223
------------------------------------------------------------------------------

. 
. 
. * manual RIF regression 5
. generate rif_05 = 6.684612 + (6.684612 - (lwage < 6.684612))/0.759589

. reg rif_05 expdum1-expdum3 expdum5-expdum9 female married ///
>       educ1 educ2 educ4 educ5 ///
>       inform routine face site decision [aweight = SIHPSWT], robust
(sum of wgt is   6.2202e+06)

Linear regression                                      Number of obs =   10433
                                                       F( 19, 10413) =  138.65
                                                       Prob > F      =  0.0000
                                                       R-squared     =  0.2241
                                                       Root MSE      =  .50194

------------------------------------------------------------------------------
             |               Robust
      rif_05 |      Coef.   Std. Err.      t    P>|t|     [95% Conf. Interval]
-------------+----------------------------------------------------------------
     expdum1 |  -.6940614   .0351682   -19.74   0.000    -.7629977    -.625125
     expdum2 |  -.2583155   .0302491    -8.54   0.000    -.3176096   -.1990214
     expdum3 |  -.0278718   .0243276    -1.15   0.252    -.0755586    .0198149
     expdum5 |   .0593906   .0217474     2.73   0.006     .0167615    .1020198
     expdum6 |  -.0064388   .0240366    -0.27   0.789    -.0535552    .0406775
     expdum7 |   .0090756    .023219     0.39   0.696    -.0364382    .0545893
     expdum8 |   .0401645     .02301     1.75   0.081    -.0049395    .0852685
     expdum9 |   .0453523   .0258462     1.75   0.079    -.0053113    .0960158
      female |  -.1813027   .0148488   -12.21   0.000    -.2104093   -.1521962
     married |   .0705396   .0152898     4.61   0.000     .0405687    .1005106
       educ1 |  -.1038593   .0200549    -5.18   0.000    -.1431708   -.0645479
       educ2 |  -.0426461   .0213392    -2.00   0.046    -.0844749   -.0008172
       educ4 |   .0652252   .0174667     3.73   0.000     .0309871    .0994633
       educ5 |   .0148894   .0258088     0.58   0.564    -.0357009    .0654797
      inform |   .1316197   .0120332    10.94   0.000     .1080324     .155207
     routine |  -.0272172   .0172566    -1.58   0.115    -.0610435    .0066091
        face |   .0273551   .0111129     2.46   0.014     .0055717    .0491384
        site |   .0316187   .0130159     2.43   0.015     .0061051    .0571322
    decision |   .0672443   .0107704     6.24   0.000     .0461323    .0883564
       _cons |   15.07283   .0323056   466.57   0.000     15.00951    15.13616
------------------------------------------------------------------------------

. 
. 
. * manual RIF regression 6
. generate rif_06 = 6.756932 + (6.756932 - (lwage < 6.756932))/0.788736

. reg rif_06 expdum1-expdum3 expdum5-expdum9 female married ///
>       educ1 educ2 educ4 educ5 ///
>       inform routine face site decision [aweight = SIHPSWT], robust
(sum of wgt is   6.2202e+06)

Linear regression                                      Number of obs =   10433
                                                       F( 19, 10413) =  167.88
                                                       Prob > F      =  0.0000
                                                       R-squared     =  0.2378
                                                       Root MSE      =  .50638

------------------------------------------------------------------------------
             |               Robust
      rif_06 |      Coef.   Std. Err.      t    P>|t|     [95% Conf. Interval]
-------------+----------------------------------------------------------------
     expdum1 |  -.6415104   .0328149   -19.55   0.000    -.7058338   -.5771869
     expdum2 |   -.287243   .0296679    -9.68   0.000    -.3453978   -.2290882
     expdum3 |  -.0816362    .024924    -3.28   0.001     -.130492   -.0327804
     expdum5 |   .0431624    .022478     1.92   0.055    -.0008989    .0872236
     expdum6 |   .0003374   .0239505     0.01   0.989    -.0466101    .0472849
     expdum7 |   .0023929   .0233165     0.10   0.918    -.0433119    .0480976
     expdum8 |   .0271534   .0237912     1.14   0.254    -.0194819    .0737886
     expdum9 |   .0254541   .0265485     0.96   0.338     -.026586    .0774943
      female |  -.1843669   .0147891   -12.47   0.000    -.2133563   -.1553776
     married |   .0557158   .0152923     3.64   0.000     .0257399    .0856916
       educ1 |  -.1290325   .0201065    -6.42   0.000    -.1684451   -.0896199
       educ2 |  -.0512347   .0210308    -2.44   0.015    -.0924592   -.0100103
       educ4 |   .0582685   .0180423     3.23   0.001     .0229021    .0936349
       educ5 |   .0246935   .0256955     0.96   0.337    -.0256745    .0750616
      inform |   .1554941   .0120345    12.92   0.000     .1319042    .1790841
     routine |  -.0409123   .0169952    -2.41   0.016    -.0742262   -.0075984
        face |   .0285762   .0114348     2.50   0.012     .0061618    .0509906
        site |   .0486858   .0129521     3.76   0.000     .0232973    .0740744
    decision |   .0767847   .0111563     6.88   0.000     .0549162    .0986531
       _cons |   14.87109   .0324723   457.96   0.000     14.80744    14.93474
------------------------------------------------------------------------------

. 
. 
. * manual RIF regression 7
. generate rif_07 = 6.819470 + (6.819470 - (lwage < 6.819470))/0.793478

. reg rif_07 expdum1-expdum3 expdum5-expdum9 female married ///
>       educ1 educ2 educ4 educ5 ///
>       inform routine face site decision [aweight = SIHPSWT], robust
(sum of wgt is   6.2202e+06)

Linear regression                                      Number of obs =   10433
                                                       F( 19, 10413) =  244.23
                                                       Prob > F      =  0.0000
                                                       R-squared     =  0.2617
                                                       Root MSE      =  .51605

------------------------------------------------------------------------------
             |               Robust
      rif_07 |      Coef.   Std. Err.      t    P>|t|     [95% Conf. Interval]
-------------+----------------------------------------------------------------
     expdum1 |  -.5943368   .0289599   -20.52   0.000    -.6511038   -.5375697
     expdum2 |  -.3102233   .0293527   -10.57   0.000    -.3677603   -.2526863
     expdum3 |  -.0816381   .0255966    -3.19   0.001    -.1318124   -.0314638
     expdum5 |    .059989   .0233902     2.56   0.010     .0141398    .1058382
     expdum6 |    .013729   .0247558     0.55   0.579    -.0347971    .0622551
     expdum7 |  -.0022316   .0241467    -0.09   0.926    -.0495638    .0451005
     expdum8 |    .032538   .0246535     1.32   0.187    -.0157875    .0808636
     expdum9 |   .0155519   .0275553     0.56   0.573    -.0384618    .0695656
      female |    -.18684   .0148963   -12.54   0.000    -.2160396   -.1576403
     married |   .0599279    .015435     3.88   0.000     .0296723    .0901836
       educ1 |  -.1446517   .0201737    -7.17   0.000     -.184196   -.1051075
       educ2 |   -.067649   .0210468    -3.21   0.001    -.1089049   -.0263932
       educ4 |   .0704425    .018544     3.80   0.000     .0340928    .1067923
       educ5 |   .0465734   .0260619     1.79   0.074    -.0045129    .0976596
      inform |   .1690484   .0121099    13.96   0.000     .1453108    .1927861
     routine |  -.0524035   .0168706    -3.11   0.002    -.0854732   -.0193339
        face |   .0277599   .0118523     2.34   0.019     .0045272    .0509927
        site |    .073651   .0129647     5.68   0.000     .0482378    .0990643
    decision |   .1030697   .0113737     9.06   0.000      .080775    .1253644
       _cons |   14.86601   .0328352   452.75   0.000     14.80165    14.93038
------------------------------------------------------------------------------

. 
. 
. * manual RIF regression 8
. generate rif_08 = 6.885653 + (6.885653 - (lwage < 6.885653))/0.793904

. reg rif_08 expdum1-expdum3 expdum5-expdum9 female married ///
>       educ1 educ2 educ4 educ5 ///
>       inform routine face site decision [aweight = SIHPSWT], robust
(sum of wgt is   6.2202e+06)

Linear regression                                      Number of obs =   10433
                                                       F( 19, 10413) =  253.16
                                                       Prob > F      =  0.0000
                                                       R-squared     =  0.2763
                                                       Root MSE      =  .52482

------------------------------------------------------------------------------
             |               Robust
      rif_08 |      Coef.   Std. Err.      t    P>|t|     [95% Conf. Interval]
-------------+----------------------------------------------------------------
     expdum1 |  -.5244624    .029166   -17.98   0.000    -.5816333   -.4672916
     expdum2 |  -.3386881   .0286563   -11.82   0.000    -.3948599   -.2825163
     expdum3 |  -.0877703   .0264895    -3.31   0.001    -.1396948   -.0358457
     expdum5 |   .0453541   .0245864     1.84   0.065      -.00284    .0935481
     expdum6 |   .0104795   .0256509     0.41   0.683    -.0398012    .0607601
     expdum7 |   .0062253   .0247545     0.25   0.801    -.0422983    .0547488
     expdum8 |   .0666642   .0252012     2.65   0.008      .017265    .1160633
     expdum9 |  -.0129291   .0284456    -0.45   0.649    -.0686879    .0428297
      female |  -.2096661    .015057   -13.92   0.000    -.2391807   -.1801515
     married |   .0616753   .0157421     3.92   0.000     .0308177    .0925329
       educ1 |  -.1621402   .0199838    -8.11   0.000    -.2013122   -.1229681
       educ2 |  -.0638781    .020982    -3.04   0.002    -.1050069   -.0227493
       educ4 |   .1127975   .0191685     5.88   0.000     .0752235    .1503715
       educ5 |   .0677554   .0289026     2.34   0.019     .0111007      .12441
      inform |   .1709808   .0123831    13.81   0.000     .1467075    .1952541
     routine |  -.0573536   .0168991    -3.39   0.001    -.0904791    -.024228
        face |   .0291116   .0123153     2.36   0.018     .0049714    .0532519
        site |   .0847856   .0131187     6.46   0.000     .0590704    .1105008
    decision |   .1095829   .0117649     9.31   0.000     .0865214    .1326444
       _cons |   14.93908   .0331605   450.51   0.000     14.87408    15.00408
------------------------------------------------------------------------------

. 
. 
. * manual RIF regression 9
. generate rif_09 = 6.946187 + (6.946187 - (lwage < 6.946187))/0.787109

. reg rif_09 expdum1-expdum3 expdum5-expdum9 female married ///
>       educ1 educ2 educ4 educ5 ///
>       inform routine face site decision [aweight = SIHPSWT], robust
(sum of wgt is   6.2202e+06)

Linear regression                                      Number of obs =   10433
                                                       F( 19, 10413) =  295.56
                                                       Prob > F      =  0.0000
                                                       R-squared     =  0.2881
                                                       Root MSE      =  .53361

------------------------------------------------------------------------------
             |               Robust
      rif_09 |      Coef.   Std. Err.      t    P>|t|     [95% Conf. Interval]
-------------+----------------------------------------------------------------
     expdum1 |  -.4605538    .027596   -16.69   0.000    -.5146473   -.4064603
     expdum2 |  -.3417881   .0279508   -12.23   0.000     -.396577   -.2869991
     expdum3 |  -.1109895   .0271169    -4.09   0.000    -.1641438   -.0578353
     expdum5 |   .0551172   .0252546     2.18   0.029     .0056134     .104621
     expdum6 |   .0211453   .0263256     0.80   0.422    -.0304579    .0727484
     expdum7 |   .0204633   .0254151     0.81   0.421    -.0293552    .0702818
     expdum8 |   .0741865   .0258856     2.87   0.004     .0234456    .1249273
     expdum9 |   .0012419   .0288622     0.04   0.966    -.0553334    .0578173
      female |  -.2208721   .0151655   -14.56   0.000    -.2505995   -.1911448
     married |   .0730266   .0158417     4.61   0.000     .0419739    .1040794
       educ1 |  -.1601168   .0198629    -8.06   0.000    -.1990519   -.1211817
       educ2 |  -.0661937   .0208378    -3.18   0.001    -.1070397   -.0253476
       educ4 |   .1166373   .0196195     5.94   0.000     .0781794    .1550952
       educ5 |   .1028745   .0299005     3.44   0.001     .0442638    .1614851
      inform |    .173261   .0126092    13.74   0.000     .1485446    .1979774
     routine |  -.0434105   .0168727    -2.57   0.010    -.0764843   -.0103368
        face |   .0322829   .0129072     2.50   0.012     .0069823    .0575835
        site |   .0833174   .0132318     6.30   0.000     .0573805    .1092542
    decision |   .1344759     .01212    11.10   0.000     .1107185    .1582333
       _cons |   15.04391   .0335348   448.61   0.000     14.97817    15.10964
------------------------------------------------------------------------------

. 
. 
. * manual RIF regression 10
. generate rif_10 = 7.006161 + (7.006161 - (lwage < 7.006161))/0.781563

. reg rif_10 expdum1-expdum3 expdum5-expdum9 female married ///
>       educ1 educ2 educ4 educ5 ///
>       inform routine face site decision [aweight = SIHPSWT], robust
(sum of wgt is   6.2202e+06)

Linear regression                                      Number of obs =   10433
                                                       F( 19, 10413) =  276.73
                                                       Prob > F      =  0.0000
                                                       R-squared     =  0.2903
                                                       Root MSE      =  .53944

------------------------------------------------------------------------------
             |               Robust
      rif_10 |      Coef.   Std. Err.      t    P>|t|     [95% Conf. Interval]
-------------+----------------------------------------------------------------
     expdum1 |  -.3899234   .0278226   -14.01   0.000     -.444461   -.3353858
     expdum2 |  -.3290914   .0271902   -12.10   0.000    -.3823895   -.2757933
     expdum3 |  -.1362884   .0274943    -4.96   0.000    -.1901824   -.0823943
     expdum5 |   .0674319   .0260653     2.59   0.010      .016339    .1185248
     expdum6 |   .0480431    .026837     1.79   0.073    -.0045626    .1006489
     expdum7 |    .042352   .0259403     1.63   0.103    -.0084961       .0932
     expdum8 |   .0731635   .0263967     2.77   0.006     .0214209    .1249062
     expdum9 |   .0171879   .0292437     0.59   0.557    -.0401354    .0745113
      female |  -.2172621   .0151876   -14.31   0.000    -.2470327   -.1874915
     married |   .0768276   .0158826     4.84   0.000     .0456947    .1079605
       educ1 |  -.1557575     .01961    -7.94   0.000    -.1941968   -.1173182
       educ2 |  -.0541014   .0205309    -2.64   0.008    -.0943458   -.0138569
       educ4 |   .1379044   .0201779     6.83   0.000     .0983519    .1774569
       educ5 |   .1276294   .0316052     4.04   0.000     .0656772    .1895815
      inform |   .1632917   .0127968    12.76   0.000     .1382075    .1883759
     routine |  -.0485957    .016729    -2.90   0.004    -.0813877   -.0158037
        face |   .0166357   .0133383     1.25   0.212      -.00951    .0427814
        site |   .0948908   .0135139     7.02   0.000     .0684009    .1213807
    decision |   .1606321   .0125687    12.78   0.000     .1359951    .1852692
       _cons |   15.14996   .0334021   453.56   0.000     15.08448    15.21543
------------------------------------------------------------------------------

. 
. 
. * manual RIF regression 11
. generate rif_11 = 7.078341 + (7.078341 - (lwage < 7.078341))/0.752327

. reg rif_11 expdum1-expdum3 expdum5-expdum9 female married ///
>       educ1 educ2 educ4 educ5 ///
>       inform routine face site decision [aweight = SIHPSWT], robust
(sum of wgt is   6.2202e+06)

Linear regression                                      Number of obs =   10433
                                                       F( 19, 10413) =  243.23
                                                       Prob > F      =  0.0000
                                                       R-squared     =  0.2808
                                                       Root MSE      =  .56141

------------------------------------------------------------------------------
             |               Robust
      rif_11 |      Coef.   Std. Err.      t    P>|t|     [95% Conf. Interval]
-------------+----------------------------------------------------------------
     expdum1 |  -.2919506   .0283267   -10.31   0.000    -.3474763   -.2364249
     expdum2 |  -.2733324   .0272435   -10.03   0.000    -.3267348   -.2199301
     expdum3 |  -.1269659   .0283557    -4.48   0.000    -.1825486   -.0713833
     expdum5 |    .109534    .027307     4.01   0.000      .056007    .1630609
     expdum6 |    .088179   .0281775     3.13   0.002     .0329456    .1434123
     expdum7 |   .0848628   .0273422     3.10   0.002      .031267    .1384587
     expdum8 |   .0938394   .0275558     3.41   0.001     .0398248    .1478539
     expdum9 |   .0649275   .0304352     2.13   0.033     .0052687    .1245862
      female |  -.2018912   .0155421   -12.99   0.000    -.2323567   -.1714257
     married |   .0944117   .0162851     5.80   0.000     .0624899    .1263336
       educ1 |   -.173159   .0199658    -8.67   0.000    -.2122958   -.1340222
       educ2 |  -.0607955   .0205971    -2.95   0.003    -.1011697   -.0204213
       educ4 |   .1677224   .0212818     7.88   0.000     .1260059    .2094389
       educ5 |    .186176   .0330256     5.64   0.000     .1214396    .2509124
      inform |   .1490354   .0133958    11.13   0.000     .1227771    .1752937
     routine |  -.0535097   .0170235    -3.14   0.002     -.086879   -.0201404
        face |   .0096529   .0139403     0.69   0.489    -.0176727    .0369784
        site |   .1036622   .0138505     7.48   0.000     .0765125    .1308119
    decision |   .1733314   .0132126    13.12   0.000     .1474322    .1992306
       _cons |   15.52378   .0342823   452.82   0.000     15.45658    15.59098
------------------------------------------------------------------------------

. 
. 
. * manual RIF regression 12
. generate rif_12 = 7.136905 + (7.136905 - (lwage < 7.136905))/0.718137

. reg rif_12 expdum1-expdum3 expdum5-expdum9 female married ///
>       educ1 educ2 educ4 educ5 ///
>       inform routine face site decision [aweight = SIHPSWT], robust
(sum of wgt is   6.2202e+06)

Linear regression                                      Number of obs =   10433
                                                       F( 19, 10413) =  212.98
                                                       Prob > F      =  0.0000
                                                       R-squared     =  0.2703
                                                       Root MSE      =  .58332

------------------------------------------------------------------------------
             |               Robust
      rif_12 |      Coef.   Std. Err.      t    P>|t|     [95% Conf. Interval]
-------------+----------------------------------------------------------------
     expdum1 |  -.2459114   .0288159    -8.53   0.000    -.3023961   -.1894267
     expdum2 |  -.2711489   .0271502    -9.99   0.000    -.3243685   -.2179292
     expdum3 |  -.1452327   .0289347    -5.02   0.000    -.2019502   -.0885151
     expdum5 |   .1153027   .0287886     4.01   0.000     .0588715     .171734
     expdum6 |    .092466   .0294271     3.14   0.002     .0347833    .1501488
     expdum7 |   .0979499    .028538     3.43   0.001     .0420099      .15389
     expdum8 |   .0888199   .0286166     3.10   0.002     .0327259    .1449139
     expdum9 |   .0966148   .0318311     3.04   0.002     .0342198    .1590099
      female |  -.2201519   .0162339   -13.56   0.000    -.2519735   -.1883303
     married |   .0847274   .0165633     5.12   0.000     .0522601    .1171947
       educ1 |  -.1732328   .0203269    -8.52   0.000    -.2130775   -.1333881
       educ2 |   -.058296   .0209211    -2.79   0.005    -.0993054   -.0172866
       educ4 |   .1809402    .022393     8.08   0.000     .1370456    .2248347
       educ5 |    .236172    .035229     6.70   0.000     .1671164    .3052276
      inform |   .1256213   .0141503     8.88   0.000     .0978841    .1533586
     routine |  -.0458061   .0174656    -2.62   0.009     -.080042   -.0115701
        face |  -.0016654   .0146668    -0.11   0.910    -.0304151    .0270843
        site |   .0842411   .0141601     5.95   0.000     .0564846    .1119976
    decision |   .1889035   .0142947    13.21   0.000     .1608832    .2169238
       _cons |   16.03007   .0350818   456.93   0.000      15.9613    16.09884
------------------------------------------------------------------------------

. 
. 
. * manual RIF regression 13
. generate rif_13 = 7.211911 + (7.211911 - (lwage < 7.211911))/0.685978

. reg rif_13 expdum1-expdum3 expdum5-expdum9 female married ///
>       educ1 educ2 educ4 educ5 ///
>       inform routine face site decision [aweight = SIHPSWT], robust
(sum of wgt is   6.2202e+06)

Linear regression                                      Number of obs =   10433
                                                       F( 19, 10413) =  193.92
                                                       Prob > F      =  0.0000
                                                       R-squared     =  0.2659
                                                       Root MSE      =  .59591

------------------------------------------------------------------------------
             |               Robust
      rif_13 |      Coef.   Std. Err.      t    P>|t|     [95% Conf. Interval]
-------------+----------------------------------------------------------------
     expdum1 |  -.1533965   .0281952    -5.44   0.000    -.2086646   -.0981285
     expdum2 |  -.2144124   .0267794    -8.01   0.000    -.2669052   -.1619195
     expdum3 |  -.1220287   .0292182    -4.18   0.000    -.1793021   -.0647554
     expdum5 |   .1543916   .0297451     5.19   0.000     .0960854    .2126977
     expdum6 |   .1301608   .0300855     4.33   0.000     .0711875     .189134
     expdum7 |   .1316303   .0290604     4.53   0.000     .0746663    .1885943
     expdum8 |   .1418515   .0297149     4.77   0.000     .0836046    .2000985
     expdum9 |   .1504376   .0331356     4.54   0.000     .0854854    .2153898
      female |  -.2157388     .01658   -13.01   0.000    -.2482387   -.1832389
     married |   .0978425   .0166587     5.87   0.000     .0651882    .1304967
       educ1 |  -.1657858   .0201505    -8.23   0.000    -.2052847   -.1262869
       educ2 |   -.051843   .0206588    -2.51   0.012    -.0923382   -.0113478
       educ4 |   .1919882   .0231491     8.29   0.000     .1466116    .2373649
       educ5 |   .2669065   .0369093     7.23   0.000     .1945573    .3392558
      inform |   .1094473   .0145576     7.52   0.000     .0809116    .1379829
     routine |  -.0401048   .0175414    -2.29   0.022    -.0744894   -.0057203
        face |  -.0246011   .0149325    -1.65   0.099    -.0538716    .0046695
        site |   .0683207   .0142421     4.80   0.000     .0404034     .096238
    decision |   .2125185   .0149052    14.26   0.000     .1833015    .2417355
       _cons |    16.5287   .0354185   466.67   0.000     16.45927    16.59812
------------------------------------------------------------------------------

. 
. 
. * manual RIF regression 14
. generate rif_14 = 7.296644 + (7.296644 - (lwage < 7.296644))/0.656732

. reg rif_14 expdum1-expdum3 expdum5-expdum9 female married ///
>       educ1 educ2 educ4 educ5 ///
>       inform routine face site decision [aweight = SIHPSWT], robust
(sum of wgt is   6.2202e+06)

Linear regression                                      Number of obs =   10433
                                                       F( 19, 10413) =  159.74
                                                       Prob > F      =  0.0000
                                                       R-squared     =  0.2451
                                                       Root MSE      =  .60563

------------------------------------------------------------------------------
             |               Robust
      rif_14 |      Coef.   Std. Err.      t    P>|t|     [95% Conf. Interval]
-------------+----------------------------------------------------------------
     expdum1 |  -.1139474   .0277593    -4.10   0.000    -.1683609   -.0595339
     expdum2 |  -.1770195   .0263713    -6.71   0.000    -.2287124   -.1253267
     expdum3 |  -.1136305   .0289168    -3.93   0.000     -.170313   -.0569479
     expdum5 |   .1714448   .0304831     5.62   0.000      .111692    .2311976
     expdum6 |   .1449697   .0305819     4.74   0.000     .0850233    .2049161
     expdum7 |   .1323501   .0295721     4.48   0.000     .0743831    .1903171
     expdum8 |    .158636    .030363     5.22   0.000     .0991187    .2181534
     expdum9 |   .1578166   .0345351     4.57   0.000     .0901212     .225512
      female |  -.2162439    .016785   -12.88   0.000    -.2491457   -.1833422
     married |   .0842055   .0166665     5.05   0.000      .051536     .116875
       educ1 |  -.1567129   .0199299    -7.86   0.000    -.1957793   -.1176465
       educ2 |  -.0425041   .0207108    -2.05   0.040    -.0831013   -.0019069
       educ4 |   .1847572   .0234784     7.87   0.000      .138735    .2307794
       educ5 |   .3239741   .0390141     8.30   0.000     .2474991    .4004492
      inform |   .0762904   .0148551     5.14   0.000     .0471715    .1054093
     routine |  -.0500477   .0176316    -2.84   0.005     -.084609   -.0154865
        face |  -.0517671   .0151611    -3.41   0.001    -.0814857   -.0220485
        site |    .054678   .0141391     3.87   0.000     .0269626    .0823934
    decision |   .2220628   .0158237    14.03   0.000     .1910454    .2530802
       _cons |   17.13099   .0357411   479.31   0.000     17.06093    17.20105
------------------------------------------------------------------------------

. 
. 
. * manual RIF regression 15
. generate rif_15 = 7.362652 + (7.362652 - (lwage < 7.362652))/0.619972

. reg rif_15 expdum1-expdum3 expdum5-expdum9 female married ///
>       educ1 educ2 educ4 educ5 ///
>       inform routine face site decision [aweight = SIHPSWT], robust
(sum of wgt is   6.2202e+06)

Linear regression                                      Number of obs =   10433
                                                       F( 19, 10413) =  123.08
                                                       Prob > F      =  0.0000
                                                       R-squared     =  0.2223
                                                       Root MSE      =  .61509

------------------------------------------------------------------------------
             |               Robust
      rif_15 |      Coef.   Std. Err.      t    P>|t|     [95% Conf. Interval]
-------------+----------------------------------------------------------------
     expdum1 |  -.0701321   .0278584    -2.52   0.012      -.12474   -.0155243
     expdum2 |  -.1296112   .0262704    -4.93   0.000    -.1811061   -.0781162
     expdum3 |  -.0922555   .0288415    -3.20   0.001    -.1487904   -.0357207
     expdum5 |   .1491968   .0313748     4.76   0.000     .0876963    .2106974
     expdum6 |   .1493348   .0310802     4.80   0.000     .0884117    .2102579
     expdum7 |   .1279863   .0303791     4.21   0.000     .0684374    .1875351
     expdum8 |   .1317912   .0303303     4.35   0.000      .072338    .1912444
     expdum9 |   .1333082   .0350422     3.80   0.000     .0646189    .2019976
      female |  -.2304168   .0169892   -13.56   0.000    -.2637188   -.1971147
     married |   .0932788    .016701     5.59   0.000     .0605416    .1260161
       educ1 |  -.1454046    .019706    -7.38   0.000    -.1840321    -.106777
       educ2 |   -.039878   .0208313    -1.91   0.056    -.0807114    .0009554
       educ4 |    .153431   .0240359     6.38   0.000     .1063161    .2005459
       educ5 |   .3244249   .0411503     7.88   0.000     .2437624    .4050874
      inform |   .0430105   .0154423     2.79   0.005     .0127407    .0732803
     routine |  -.0478691   .0179793    -2.66   0.008     -.083112   -.0126262
        face |  -.0962433   .0155042    -6.21   0.000    -.1266344   -.0658522
        site |   .0282273   .0140313     2.01   0.044     .0007233    .0557314
    decision |   .2468493   .0167104    14.77   0.000     .2140936     .279605
       _cons |   17.87028   .0360337   495.93   0.000     17.79965    17.94092
------------------------------------------------------------------------------

. 
. 
. * manual RIF regression 16
. generate rif_16 = 7.453545 + (7.453545 - (lwage < 7.453545))/0.515545

. reg rif_16 expdum1-expdum3 expdum5-expdum9 female married ///
>       educ1 educ2 educ4 educ5 ///
>       inform routine face site decision [aweight = SIHPSWT], robust
(sum of wgt is   6.2202e+06)

Linear regression                                      Number of obs =   10433
                                                       F( 19, 10413) =   98.47
                                                       Prob > F      =  0.0000
                                                       R-squared     =  0.2013
                                                       Root MSE      =  .69222

------------------------------------------------------------------------------
             |               Robust
      rif_16 |      Coef.   Std. Err.      t    P>|t|     [95% Conf. Interval]
-------------+----------------------------------------------------------------
     expdum1 |  -.0545806   .0291301    -1.87   0.061    -.1116813    .0025201
     expdum2 |  -.1181872   .0283869    -4.16   0.000     -.173831   -.0625433
     expdum3 |  -.0938426   .0318846    -2.94   0.003    -.1563425   -.0313426
     expdum5 |   .1441683   .0353443     4.08   0.000     .0748867      .21345
     expdum6 |   .1608878   .0354915     4.53   0.000     .0913176     .230458
     expdum7 |   .1431267   .0350919     4.08   0.000     .0743399    .2119135
     expdum8 |   .1425233   .0348909     4.08   0.000     .0741304    .2109162
     expdum9 |   .1285534   .0398611     3.23   0.001     .0504179    .2066889
      female |  -.2705912   .0190759   -14.18   0.000    -.3079836   -.2331988
     married |   .0982819   .0185868     5.29   0.000     .0618483    .1347156
       educ1 |  -.1301385   .0218566    -5.95   0.000    -.1729817   -.0872953
       educ2 |  -.0489154   .0225482    -2.17   0.030    -.0931143   -.0047165
       educ4 |   .1466443   .0273721     5.36   0.000     .0929898    .2002989
       educ5 |   .3657049   .0485507     7.53   0.000     .2705363    .4608736
      inform |   .0324894   .0177229     1.83   0.067     -.002251    .0672298
     routine |  -.0537242   .0200114    -2.68   0.007    -.0929503   -.0144981
        face |  -.1217168   .0175336    -6.94   0.000     -.156086   -.0873475
        site |   .0109339   .0154467     0.71   0.479    -.0193447    .0412125
    decision |   .2672795   .0198038    13.50   0.000     .2284602    .3060989
       _cons |   20.22938   .0405796   498.51   0.000     20.14984    20.30893
------------------------------------------------------------------------------

. 
. 
. * manual RIF regression 17
. generate rif_17 = 7.563143 + (7.563143 - (lwage < 7.563143))/0.400368

. reg rif_17 expdum1-expdum3 expdum5-expdum9 female married ///
>       educ1 educ2 educ4 educ5 ///
>       inform routine face site decision [aweight = SIHPSWT], robust
(sum of wgt is   6.2202e+06)

Linear regression                                      Number of obs =   10433
                                                       F( 19, 10413) =   67.04
                                                       Prob > F      =  0.0000
                                                       R-squared     =  0.1699
                                                       Root MSE      =  .81031

------------------------------------------------------------------------------
             |               Robust
      rif_17 |      Coef.   Std. Err.      t    P>|t|     [95% Conf. Interval]
-------------+----------------------------------------------------------------
     expdum1 |  -.0063824   .0335072    -0.19   0.849     -.072063    .0592982
     expdum2 |  -.0866846    .031862    -2.72   0.007    -.1491402   -.0242289
     expdum3 |  -.0948744   .0354884    -2.67   0.008    -.1644385   -.0253103
     expdum5 |   .1630871   .0420853     3.88   0.000     .0805919    .2455823
     expdum6 |   .1752445   .0418802     4.18   0.000     .0931513    .2573377
     expdum7 |   .1657073   .0415785     3.99   0.000     .0842055    .2472092
     expdum8 |    .173707   .0415986     4.18   0.000     .0921658    .2552482
     expdum9 |   .1528004   .0463644     3.30   0.001     .0619172    .2436836
      female |  -.2905451   .0218412   -13.30   0.000     -.333358   -.2477322
     married |    .107035   .0209601     5.11   0.000     .0659491    .1481209
       educ1 |  -.1395307   .0241406    -5.78   0.000    -.1868509   -.0922105
       educ2 |  -.0566161   .0257467    -2.20   0.028    -.1070846   -.0061475
       educ4 |   .1346654   .0319454     4.22   0.000     .0720462    .1972845
       educ5 |    .400675   .0593171     6.75   0.000     .2844021    .5169478
      inform |   .0130358   .0211082     0.62   0.537    -.0283404     .054412
     routine |  -.0544931    .022614    -2.41   0.016    -.0988208   -.0101653
        face |  -.1350779     .02071    -6.52   0.000    -.1756735   -.0944822
        site |   .0022931   .0174156     0.13   0.895    -.0318447     .036431
    decision |   .3003697   .0248402    12.09   0.000     .2516781    .3490613
       _cons |   24.19604   .0460025   525.97   0.000     24.10587    24.28622
------------------------------------------------------------------------------

. 
. 
. * manual RIF regression 18
. generate rif_18 = 7.711822 + (7.711822 - (lwage < 7.711822))/0.288694

. reg rif_18 expdum1-expdum3 expdum5-expdum9 female married ///
>       educ1 educ2 educ4 educ5 ///
>       inform routine face site decision [aweight = SIHPSWT], robust
(sum of wgt is   6.2202e+06)

Linear regression                                      Number of obs =   10433
                                                       F( 19, 10413) =   44.04
                                                       Prob > F      =  0.0000
                                                       R-squared     =  0.1505
                                                       Root MSE      =  .95358

------------------------------------------------------------------------------
             |               Robust
      rif_18 |      Coef.   Std. Err.      t    P>|t|     [95% Conf. Interval]
-------------+----------------------------------------------------------------
     expdum1 |   .1017789   .0364447     2.79   0.005     .0303403    .1732175
     expdum2 |   .0149349   .0362013     0.41   0.680    -.0560267    .0858964
     expdum3 |  -.0692059   .0379669    -1.82   0.068    -.1436283    .0052164
     expdum5 |   .1788559   .0481462     3.71   0.000     .0844801    .2732317
     expdum6 |   .2401168   .0487073     4.93   0.000     .1446411    .3355925
     expdum7 |   .1701516   .0471412     3.61   0.000     .0777458    .2625574
     expdum8 |   .2596076   .0504652     5.14   0.000     .1606861    .3585291
     expdum9 |   .2320043   .0558593     4.15   0.000     .1225094    .3414992
      female |  -.3077522   .0253659   -12.13   0.000    -.3574742   -.2580302
     married |    .131486   .0233756     5.62   0.000     .0856653    .1773068
       educ1 |  -.1257091    .025996    -4.84   0.000    -.1766663   -.0747519
       educ2 |  -.0420342   .0288527    -1.46   0.145     -.098591    .0145226
       educ4 |    .188775   .0384106     4.91   0.000     .1134829    .2640672
       educ5 |    .430296   .0724713     5.94   0.000     .2882385    .5723536
      inform |  -.0122349   .0262808    -0.47   0.642    -.0637502    .0392805
     routine |   -.076307   .0251616    -3.03   0.002    -.1256285   -.0269855
        face |   -.180737   .0248735    -7.27   0.000    -.2294937   -.1319802
        site |  -.0226314   .0191846    -1.18   0.238    -.0602369    .0149741
    decision |   .3493937   .0319666    10.93   0.000     .2867331    .4120544
       _cons |   31.14191   .0520251   598.59   0.000     31.03993    31.24389
------------------------------------------------------------------------------

. 
. 
. * manual RIF regression 19
. generate rif_19 = 7.962973 + (7.962973 - (lwage < 7.962973))/0.143471

. reg rif_19 expdum1-expdum3 expdum5-expdum9 female married ///
>       educ1 educ2 educ4 educ5 ///
>       inform routine face site decision [aweight = SIHPSWT], robust
(sum of wgt is   6.2202e+06)

Linear regression                                      Number of obs =   10433
                                                       F( 19, 10413) =   19.22
                                                       Prob > F      =  0.0000
                                                       R-squared     =  0.0906
                                                       Root MSE      =  1.4298

------------------------------------------------------------------------------
             |               Robust
      rif_19 |      Coef.   Std. Err.      t    P>|t|     [95% Conf. Interval]
-------------+----------------------------------------------------------------
     expdum1 |   .2500845   .0470474     5.32   0.000     .1578626    .3423064
     expdum2 |    .143746    .046317     3.10   0.002     .0529558    .2345363
     expdum3 |    .024669    .047474     0.52   0.603    -.0683892    .1177272
     expdum5 |    .324333   .0679275     4.77   0.000      .191182    .4574839
     expdum6 |   .3637764   .0655598     5.55   0.000     .2352666    .4922863
     expdum7 |   .3561555   .0671811     5.30   0.000     .2244677    .4878432
     expdum8 |   .4103896   .0749874     5.47   0.000     .2633999    .5573793
     expdum9 |    .320117   .0762704     4.20   0.000     .1706124    .4696217
      female |  -.3524802   .0375678    -9.38   0.000    -.4261204     -.27884
     married |   .1172899   .0328704     3.57   0.000     .0528575    .1817222
       educ1 |  -.1141504   .0344365    -3.31   0.001    -.1816526   -.0466482
       educ2 |  -.0163105   .0411008    -0.40   0.691     -.096876     .064255
       educ4 |   .3485112   .0571492     6.10   0.000     .2364878    .4605347
       educ5 |   .4813161   .1085927     4.43   0.000     .2684537    .6941786
      inform |  -.1054389   .0404716    -2.61   0.009    -.1847711   -.0261068
     routine |  -.0327773   .0354418    -0.92   0.355      -.10225    .0366955
        face |  -.1962347   .0369066    -5.32   0.000    -.2685787   -.1238908
        site |  -.0883124   .0274448    -3.22   0.001    -.1421094   -.0345154
    decision |    .417901   .0538438     7.76   0.000     .3123569    .5234452
       _cons |   56.57997   .0682713   828.75   0.000     56.44614    56.71379
------------------------------------------------------------------------------

. 
. 
. 
. 
. 
. /* XX_ABS_STARTLOG (START OF ABS TERMINATION CODE) */
. 
. XABSTERM

. /* XX_ABS_ENDLOG (END OF ABS TERMINATION CODE) */
. 
end of do-file
