/**********************************************************************/
     Australian Bureau of Statistics Remote Access Data Laboratory
     
 The following specifies the details of this file and the job that
 produced it as originally written by the RADL.
 
 User Id        : COOPAL
 Job Identifier : 0051
 File Name      : output0051.txt
 Date/Time      : 05 Oct 2013  14:38:17
  
/**********************************************************************/



. 
. * Perform a RIF regression on the 2010 CURF with the 1st combined grouping
. *
. * Generated file -- do not edit. Edit analysis/make_rif_2010.py instead.
. 
. * EXPANDED CURF
. use "`SIH10EP'"

. 
. keep ABSHID ABSFID ABSIID ABSLID ABSPID ///
>     FTPTSTAT SECEDQL OCC6DIG AGEEC PSRC4PP PSRCSCP IWSSUCP8 IWSUCP SIHPSWT //
> /
>     WPS0101-WPS0160
. 
. * stone age STATA means we need a workaround for merge
. sort OCC6DIG

. joinby OCC6DIG using "`SAVED'Combined2Map", unmatched(both)

. 
. sort COMBINEDII

. 
. svrset set meth jk1 pw SIHPSWT rw WPS0101-WPS0160 dof 59

. 
. * keep only full-time Wage & Salary records
. drop if (PSRCSCP != 1) | (FTPTSTAT != 1)
(22903 observations deleted)
. 
. * remove "Not Applicable" or "Inadequately Described" records
. drop if (OCC6DIG == 0) | (OCC6DIG == 99)
(27 observations deleted)
. 
. svrmean IWSSUCP8, by(OCC6DIG)
dropping IWSSUCP8
*ABSTABLE_START*
*ABSTABLE_UR*1
*ABSTABLE_NSTATVAR*1
*ABSTABLE_CONTRIB*11064
*ABSTABLE_SINGLE*3
*ABSTABLE_NONZERO*51
*ABSTABLE_VSINGLE*3
*ABSTABLE_VSINGMAX*3

Survey mean estimation, replication (jk1) variance method

Analysis weight:      SIHPSWT                  Number of obs       =     11064
Replicate weights:    WPS0101...               Population size     = 6567248.8
Number of replicates: 60                       Degrees of freedom  =        59

------------------------------------------------------------------------------
Mean   Subpop. |   Estimate    Std. Err.   [95% Conf. Interval]        Deff
---------------+--------------------------------------------------------------
IWSSUCP8       |
      Managers |   2224.455     575.019    1073.845    3375.065    2.557435
      Chief_Ex |   3222.638    310.8412    2600.646    3844.629    1.659228
      Farmers_ |   1093.027    72.21134    948.5322    1237.521    1.040478
      Speciali |   2014.458    56.78456    1900.832    2128.083    2.299623
      Hospital |   1155.938    39.14269    1077.614    1234.263    1.819151
      Professi |     1313.7     117.276    1079.031    1548.368    1.178246
      Arts_and |   1438.149    181.7644    1074.439    1801.859    2.231993
      Business |   1612.816    45.64443    1521.481     1704.15    1.444093
      Design,_ |   1768.558     82.0167    1604.443    1932.673    1.727634
      Educatio |   1382.512    19.18101    1344.131    1420.893    1.460537
      Health_P |   1875.402     90.9586    1693.394     2057.41    1.540409
      ICT_Prof |   1805.397    69.99554    1665.336    1945.458    1.834223
      Legal,_S |   1729.153    215.4118    1298.115    2160.191    1.591898
      Technici |   1920.962    235.7277    1449.272    2392.652    1.243554
      Engineer |   1503.722    65.68549    1372.285    1635.158    1.305959
      Automoti |   1232.687    41.87347    1148.898    1316.475    1.960116
      Construc |   1031.306    37.70011    955.8679    1106.743    1.618618
      Electrot |   1205.853    52.01526    1101.771    1309.935    1.360673
      Food_Tra |   891.2404    45.12293    800.9496    981.5311    2.549276
      Skilled_ |   879.4981    32.72169    814.0221     944.974    1.026727
      Other_Te |    973.515    52.79235    867.8777    1079.152    1.429051
      Communit |        704         ***           .           .           .
      Health_a |   1231.447    53.88446    1123.625     1339.27    1.388745
      Carers_a |   805.5333    16.57788    772.3611    838.7056    1.271766
      Hospital |   788.7299    30.99421    726.7106    850.7492    1.479027
      Protecti |   1270.768    39.31585    1192.098    1349.439    1.472101
      Sports_a |   949.5052    82.92561    783.5715    1115.439     1.84931
      Clerical |       1185         ***           .           .           .
      Office_M |   1483.157    86.21129    1310.648    1655.665    1.691104
      Personal |   1034.539    37.58823    959.3256    1109.753    1.450066
      General_ |   901.8739    26.41058    849.0265    954.7214    1.495108
      Inquiry_ |   848.2443    20.21862     807.787    888.7017    1.272998
      Numerica |   1062.044    49.27865    963.4379    1160.651    1.939307
      Clerical |   966.6771    43.73937    879.1548    1054.199    1.843634
      Other_Cl |   1095.345    27.01417    1041.289      1149.4    1.433916
      Sales_Wo |        496         ***           .           .           .
      Sales_Re |   1420.794    47.47975    1325.788    1515.801    1.456732
      Sales_As |   857.0255    23.96202    809.0776    904.9734    1.363002
      Sales_Su |   860.4096    44.53283    771.2996    949.5196    1.426726
      Machiner |   924.7767    92.17847     740.328    1109.225    .9820787
      Machine_ |   1343.239    48.32091    1246.549    1439.929    1.295563
      Mobile_P |   1119.316    63.19622    992.8605    1245.771     1.64265
      Road_and |   1143.199    33.56613    1076.034    1210.365    1.751464
      Storeper |   878.5135    43.57779    791.3145    965.7124    2.463856
      Labourer |   396.2952    726.0329   -1056.493    1849.084    10.63366
      Cleaners |   805.6199     50.5703     704.429    906.8109     1.68401
      Construc |   1256.692    59.95193    1136.729    1376.656    1.198047
      Factory_ |   869.3324    27.64033    814.0243    924.6406    1.531949
      Farm,_Fo |   799.7502    26.16485    747.3944    852.1059    1.268306
      Food_Pre |   674.3341    40.17973    593.9347    754.7336    2.297253
      Other_La |   956.4362    59.03831    838.3008    1074.572    2.213347
------------------------------------------------------------------------------
(***) Unable to calculate estimates in 1 or more
      replicates. Standard error not calculated.
*ABSTABLE_END*

. *ABS Change: svrmean IWSSUCP8, by(COMBINEDII)
. XABSSVRMEAN IWSSUCP8, by(COMBINEDII)
dropping IWSSUCP8
*ABSTABLE_START*
*ABSTABLE_UR*1
*ABSTABLE_NSTATVAR*1
*ABSTABLE_CONTRIB*11064
*ABSTABLE_SINGLE*0
*ABSTABLE_NONZERO*29
*ABSTABLE_VSINGLE*0
*ABSTABLE_VSINGMAX*0

Survey mean estimation, replication (jk1) variance method

Analysis weight:      SIHPSWT                  Number of obs       =     11064
Replicate weights:    WPS0101...               Population size     = 6567248.8
Number of replicates: 60                       Degrees of freedom  =        59

------------------------------------------------------------------------------
Mean   Subpop. |   Estimate    Std. Err.   [95% Conf. Interval]        Deff
---------------+--------------------------------------------------------------
IWSSUCP8       |
 COMBINEDII==1 |   3059.874    266.8936    2525.821    3593.926    1.583317
 COMBINEDII==2 |   1093.027    72.21134    948.5322    1237.521    1.040478
 COMBINEDII==3 |   2014.458    56.78456    1900.832    2128.083    2.299623
 COMBINEDII==4 |   1107.671    32.46548    1042.707    1172.634    1.564591
 COMBINEDII==5 |    1414.15    147.3372    1119.329    1708.971    2.148295
 COMBINEDII==6 |   1671.275    40.21594    1590.803    1751.747    1.696954
 COMBINEDII==7 |   1768.558     82.0167    1604.443    1932.673    1.727634
 COMBINEDII==8 |   1382.512    19.18101    1344.131    1420.893    1.460537
 COMBINEDII==9 |   1875.402     90.9586    1693.394     2057.41    1.540409
COMBINEDII==10 |   1420.794    47.47975    1325.788    1515.801    1.456732
COMBINEDII==11 |   1729.153    215.4118    1298.115    2160.191    1.591898
COMBINEDII==12 |   1515.852    65.97049    1383.845    1647.859    1.373173
COMBINEDII==13 |   1232.687    41.87347    1148.898    1316.475    1.960116
COMBINEDII==14 |   1031.306    37.70011    955.8679    1106.743    1.618618
COMBINEDII==15 |   1205.853    52.01526    1101.771    1309.935    1.360673
COMBINEDII==16 |   891.2404    45.12293    800.9496    981.5311    2.549276
COMBINEDII==17 |   879.4981    32.72169    814.0221     944.974    1.026727
COMBINEDII==18 |   1081.958    31.69713    1018.532    1145.384    1.438872
COMBINEDII==19 |   952.9622    22.24412    908.4518    997.4725    2.022693
COMBINEDII==20 |   1146.522    47.60424    1051.266    1241.777    1.596913
COMBINEDII==21 |   1034.539    37.58823    959.3256    1109.753    1.450066
COMBINEDII==22 |   1095.345    27.01417    1041.289      1149.4    1.433916
COMBINEDII==23 |   856.6781    20.60162    815.4544    897.9019    1.289817
COMBINEDII==24 |   1240.915    35.78614    1169.307    1312.523    1.241708
COMBINEDII==25 |   1143.199    33.56613    1076.034    1210.365    1.751464
COMBINEDII==26 |   872.3071    25.35634    821.5692     923.045    2.081751
COMBINEDII==27 |   979.0735    34.46159     910.116    1048.031    1.941163
COMBINEDII==28 |   805.6199     50.5703     704.429    906.8109     1.68401
COMBINEDII==29 |   1230.894    53.82997    1123.181    1338.608    1.387322
------------------------------------------------------------------------------
*ABSTABLE_END*

. 
. *ABS Change: table COMBINEDII
. XABSTABLE COMBINEDII
*ABSTABLE_START*
*ABSTABLE_UR*1
*ABSTABLE_NSTATVAR*0
*ABSTABLE_CONTRIB*11064
*ABSTABLE_SINGLE*0
*ABSTABLE_NONZERO*29
*ABSTABLE_VSINGLE*0
*ABSTABLE_VSINGMAX*0

----------------------
COMBINEDI |
I         |      Freq.
----------+-----------
        1 |        186
        2 |         74
        3 |        991
        4 |        548
        5 |         76
        6 |      1,030
        7 |        433
        8 |        537
        9 |        438
       10 |        227
       11 |        174
       12 |        302
       13 |        608
       14 |        298
       15 |        274
       16 |        151
       17 |         77
       18 |        470
       19 |        819
       20 |        501
       21 |        135
       22 |        300
       23 |        410
       24 |        494
       25 |        356
       26 |        385
       27 |        528
       28 |        103
       29 |        139
----------------------
*ABSTABLE_END*

. 
. * see http://www.abs.gov.au/ausstats/abs@.nsf/Lookup/3607C2551414E995CA257A5D
> 000F7C5D?opendocument
. svrset set meth jk1 pw SIHPSWT rw WPS0101-WPS0160 dof 59

. 
. generate lwage = log(IWSSUCP8)

. 
. * find percentiles, as 19*0.5 increments
. pctile pc_lwage = lwage [aweight = SIHPSWT] , nq(20)

. * then densities at those particular percentile
. 
. 
. 
. * manual RIF regression 1
. generate rif_01 = 6.253829 - (6.253829 - (lwage < 6.253829))/0.156011

. reg rif_01 AGEEC inform routine face site decision [aweight = SIHPSWT]
(sum of wgt is   6.5672e+06)

      Source |       SS       df       MS              Number of obs =   11064
-------------+------------------------------           F(  6, 11057) =  101.32
       Model |  1113.51071     6  185.585118           Prob > F      =  0.0000
    Residual |  20252.6998 11057  1.83166318           R-squared     =  0.0521
-------------+------------------------------           Adj R-squared =  0.0516
       Total |  21366.2105 11063  1.93132157           Root MSE      =  1.3534

------------------------------------------------------------------------------
      rif_01 |      Coef.   Std. Err.      t    P>|t|     [95% Conf. Interval]
-------------+----------------------------------------------------------------
       AGEEC |  -.0192997   .0010488   -18.40   0.000    -.0213555   -.0172438
      inform |   -.072626   .0236493    -3.07   0.002    -.1189829    -.026269
     routine |  -.1654181   .0316678    -5.22   0.000    -.2274926   -.1033436
        face |  -.0434424   .0254879    -1.70   0.088    -.0934032    .0065183
        site |   .1633272   .0233742     6.99   0.000     .1175095    .2091449
    decision |   -.120991   .0254088    -4.76   0.000    -.1707968   -.0711851
       _cons |  -32.59205   .0598432  -544.62   0.000    -32.70935   -32.47475
------------------------------------------------------------------------------

. 
. 
. * manual RIF regression 2
. generate rif_02 = 6.458777 - (6.458777 - (lwage < 6.458777))/0.430942

. reg rif_02 AGEEC inform routine face site decision [aweight = SIHPSWT]
(sum of wgt is   6.5672e+06)

      Source |       SS       df       MS              Number of obs =   11064
-------------+------------------------------           F(  6, 11057) =  144.34
       Model |  390.303083     6  65.0505138           Prob > F      =  0.0000
    Residual |  4983.09626 11057  .450673443           R-squared     =  0.0726
-------------+------------------------------           Adj R-squared =  0.0721
       Total |  5373.39934 11063  .485709061           Root MSE      =  .67132

------------------------------------------------------------------------------
      rif_02 |      Coef.   Std. Err.      t    P>|t|     [95% Conf. Interval]
-------------+----------------------------------------------------------------
       AGEEC |   -.009829   .0005202   -18.89   0.000    -.0108488   -.0088093
      inform |  -.1127978   .0117308    -9.62   0.000    -.1357923   -.0898034
     routine |  -.0523782   .0157082    -3.33   0.001     -.083169   -.0215874
        face |  -.0274212   .0126427    -2.17   0.030    -.0522033   -.0026392
        site |   .0232625   .0115943     2.01   0.045     .0005355    .0459894
    decision |  -.0844902   .0126036    -6.70   0.000    -.1091954    -.059785
       _cons |  -7.739584   .0296841  -260.73   0.000     -7.79777   -7.681398
------------------------------------------------------------------------------

. 
. 
. * manual RIF regression 3
. generate rif_03 = 6.551080 - (6.551080 - (lwage < 6.551080))/0.583479

. reg rif_03 AGEEC inform routine face site decision [aweight = SIHPSWT]
(sum of wgt is   6.5672e+06)

      Source |       SS       df       MS              Number of obs =   11064
-------------+------------------------------           F(  6, 11057) =  176.06
       Model |  344.995497     6  57.4992495           Prob > F      =  0.0000
    Residual |  3611.16482 11057  .326595353           R-squared     =  0.0872
-------------+------------------------------           Adj R-squared =  0.0867
       Total |  3956.16032 11063  .357602849           Root MSE      =  .57149

------------------------------------------------------------------------------
      rif_03 |      Coef.   Std. Err.      t    P>|t|     [95% Conf. Interval]
-------------+----------------------------------------------------------------
       AGEEC |   -.007754   .0004429   -17.51   0.000    -.0086221   -.0068859
      inform |  -.1295651   .0099862   -12.97   0.000    -.1491399   -.1099903
     routine |  -.0092554   .0133721    -0.69   0.489    -.0354671    .0169563
        face |  -.0219496   .0107626    -2.04   0.041    -.0430461    -.000853
        site |  -.0059619   .0098701    -0.60   0.546     -.025309    .0133852
    decision |  -.0806404   .0107292    -7.52   0.000    -.1016715   -.0596093
       _cons |  -3.963682   .0252695  -156.86   0.000    -4.013215   -3.914149
------------------------------------------------------------------------------

. 
. 
. * manual RIF regression 4
. generate rif_04 = 6.630683 - (6.630683 - (lwage < 6.630683))/0.705411

. reg rif_04 AGEEC inform routine face site decision [aweight = SIHPSWT]
(sum of wgt is   6.5672e+06)

      Source |       SS       df       MS              Number of obs =   11064
-------------+------------------------------           F(  6, 11057) =  222.80
       Model |  383.851646     6  63.9752744           Prob > F      =  0.0000
    Residual |  3174.95339 11057  .287144198           R-squared     =  0.1079
-------------+------------------------------           Adj R-squared =  0.1074
       Total |  3558.80504 11063  .321685351           Root MSE      =  .53586

------------------------------------------------------------------------------
      rif_04 |      Coef.   Std. Err.      t    P>|t|     [95% Conf. Interval]
-------------+----------------------------------------------------------------
       AGEEC |  -.0069095   .0004153   -16.64   0.000    -.0077235   -.0060956
      inform |  -.1454288   .0093637   -15.53   0.000    -.1637833   -.1270744
     routine |   .0076716   .0125385     0.61   0.541    -.0169061    .0322492
        face |  -.0215103   .0100916    -2.13   0.033    -.0412916   -.0017289
        site |   -.046795   .0092548    -5.06   0.000     -.064936   -.0286541
    decision |  -.1123531   .0100603   -11.17   0.000    -.1320731    -.092633
       _cons |  -2.005402   .0236942   -84.64   0.000    -2.051847   -1.958957
------------------------------------------------------------------------------

. 
. 
. * manual RIF regression 5
. generate rif_05 = 6.684612 - (6.684612 - (lwage < 6.684612))/0.759589

. reg rif_05 AGEEC inform routine face site decision [aweight = SIHPSWT]
(sum of wgt is   6.5672e+06)

      Source |       SS       df       MS              Number of obs =   11064
-------------+------------------------------           F(  6, 11057) =  280.48
       Model |  475.459311     6  79.2432186           Prob > F      =  0.0000
    Residual |  3123.86645 11057  .282523872           R-squared     =  0.1321
-------------+------------------------------           Adj R-squared =  0.1316
       Total |  3599.32576 11063  .325348076           Root MSE      =  .53153

------------------------------------------------------------------------------
      rif_05 |      Coef.   Std. Err.      t    P>|t|     [95% Conf. Interval]
-------------+----------------------------------------------------------------
       AGEEC |  -.0069837   .0004119   -16.95   0.000    -.0077911   -.0061763
      inform |  -.1703902    .009288   -18.35   0.000    -.1885964    -.152184
     routine |   .0382179   .0124372     3.07   0.002     .0138388     .062597
        face |  -.0147837   .0100101    -1.48   0.140    -.0344053    .0048378
        site |  -.0710682     .00918    -7.74   0.000    -.0890626   -.0530738
    decision |  -.1226467   .0099791   -12.29   0.000    -.1422074   -.1030859
       _cons |  -1.289337   .0235028   -54.86   0.000    -1.335407   -1.243267
------------------------------------------------------------------------------

. 
. 
. * manual RIF regression 6
. generate rif_06 = 6.756932 - (6.756932 - (lwage < 6.756932))/0.788736

. reg rif_06 AGEEC inform routine face site decision [aweight = SIHPSWT]
(sum of wgt is   6.5672e+06)

      Source |       SS       df       MS              Number of obs =   11064
-------------+------------------------------           F(  6, 11057) =  333.48
       Model |   572.06407     6  95.3440117           Prob > F      =  0.0000
    Residual |  3161.23428 11057  .285903435           R-squared     =  0.1532
-------------+------------------------------           Adj R-squared =  0.1528
       Total |  3733.29835 11063  .337458045           Root MSE      =   .5347

------------------------------------------------------------------------------
      rif_06 |      Coef.   Std. Err.      t    P>|t|     [95% Conf. Interval]
-------------+----------------------------------------------------------------
       AGEEC |  -.0068961   .0004144   -16.64   0.000    -.0077084   -.0060839
      inform |  -.1964302   .0093434   -21.02   0.000     -.214745   -.1781154
     routine |    .055669   .0125114     4.45   0.000     .0311445    .0801935
        face |  -.0166565   .0100698    -1.65   0.098    -.0363951     .003082
        site |  -.0906046   .0092347    -9.81   0.000    -.1087064   -.0725029
    decision |  -.1313881   .0100386   -13.09   0.000    -.1510655   -.1117107
       _cons |    -.91143    .023643   -38.55   0.000    -.9577744   -.8650856
------------------------------------------------------------------------------

. 
. 
. * manual RIF regression 7
. generate rif_07 = 6.819470 - (6.819470 - (lwage < 6.819470))/0.793478

. reg rif_07 AGEEC inform routine face site decision [aweight = SIHPSWT]
(sum of wgt is   6.5672e+06)

      Source |       SS       df       MS              Number of obs =   11064
-------------+------------------------------           F(  6, 11057) =  395.83
       Model |  707.285552     6  117.880925           Prob > F      =  0.0000
    Residual |  3292.85351 11057  .297807137           R-squared     =  0.1768
-------------+------------------------------           Adj R-squared =  0.1764
       Total |  4000.13907 11063  .361578149           Root MSE      =  .54572

------------------------------------------------------------------------------
      rif_07 |      Coef.   Std. Err.      t    P>|t|     [95% Conf. Interval]
-------------+----------------------------------------------------------------
       AGEEC |  -.0068929   .0004229   -16.30   0.000    -.0077219    -.006064
      inform |  -.2160623   .0095359   -22.66   0.000    -.2347545   -.1973702
     routine |   .0698168   .0127692     5.47   0.000      .044787    .0948466
        face |  -.0161737   .0102773    -1.57   0.116     -.036319    .0039716
        site |  -.1169538    .009425   -12.41   0.000    -.1354285   -.0984791
    decision |   -.160958   .0102454   -15.71   0.000    -.1810409   -.1408752
       _cons |   -.777143   .0241301   -32.21   0.000    -.8244424   -.7298436
------------------------------------------------------------------------------

. 
. 
. * manual RIF regression 8
. generate rif_08 = 6.885653 - (6.885653 - (lwage < 6.885653))/0.793904

. reg rif_08 AGEEC inform routine face site decision [aweight = SIHPSWT]
(sum of wgt is   6.5672e+06)

      Source |       SS       df       MS              Number of obs =   11064
-------------+------------------------------           F(  6, 11057) =  423.61
       Model |  787.869591     6  131.311598           Prob > F      =  0.0000
    Residual |  3427.51422 11057  .309985911           R-squared     =  0.1869
-------------+------------------------------           Adj R-squared =  0.1865
       Total |  4215.38381 11063  .381034422           Root MSE      =  .55676

------------------------------------------------------------------------------
      rif_08 |      Coef.   Std. Err.      t    P>|t|     [95% Conf. Interval]
-------------+----------------------------------------------------------------
       AGEEC |   -.007009   .0004315   -16.24   0.000    -.0078547   -.0061632
      inform |  -.2289704    .009729   -23.53   0.000    -.2480409   -.2098998
     routine |   .0799175   .0130276     6.13   0.000      .054381     .105454
        face |  -.0171939   .0104853    -1.64   0.101    -.0377469    .0033592
        site |  -.1369004   .0096158   -14.24   0.000    -.1557491   -.1180517
    decision |  -.1745867   .0104528   -16.70   0.000    -.1950761   -.1540974
       _cons |  -.6989261   .0246186   -28.39   0.000    -.7471829   -.6506692
------------------------------------------------------------------------------

. 
. 
. * manual RIF regression 9
. generate rif_09 = 6.946187 - (6.946187 - (lwage < 6.946187))/0.787109

. reg rif_09 AGEEC inform routine face site decision [aweight = SIHPSWT]
(sum of wgt is   6.5672e+06)

      Source |       SS       df       MS              Number of obs =   11064
-------------+------------------------------           F(  6, 11057) =  466.90
       Model |  893.830553     6  148.971759           Prob > F      =  0.0000
    Residual |  3527.94643 11057  .319069045           R-squared     =  0.2021
-------------+------------------------------           Adj R-squared =  0.2017
       Total |  4421.77699 11063  .399690589           Root MSE      =  .56486

------------------------------------------------------------------------------
      rif_09 |      Coef.   Std. Err.      t    P>|t|     [95% Conf. Interval]
-------------+----------------------------------------------------------------
       AGEEC |  -.0076702   .0004377   -17.52   0.000    -.0085282   -.0068121
      inform |  -.2331478   .0098705   -23.62   0.000    -.2524957   -.2137999
     routine |   .0671061   .0132171     5.08   0.000     .0411981     .093014
        face |  -.0192522   .0106378    -1.81   0.070    -.0401042    .0015999
        site |   -.140303   .0097557   -14.38   0.000    -.1594258   -.1211801
    decision |  -.2022398   .0106048   -19.07   0.000    -.2230272   -.1814524
       _cons |  -.6640099   .0249767   -26.59   0.000    -.7129686   -.6150511
------------------------------------------------------------------------------

. 
. 
. * manual RIF regression 10
. generate rif_10 = 7.006161 - (7.006161 - (lwage < 7.006161))/0.781563

. reg rif_10 AGEEC inform routine face site decision [aweight = SIHPSWT]
(sum of wgt is   6.5672e+06)

      Source |       SS       df       MS              Number of obs =   11064
-------------+------------------------------           F(  6, 11057) =  489.76
       Model |  950.756936     6  158.459489           Prob > F      =  0.0000
    Residual |   3577.4188 11057  .323543349           R-squared     =  0.2100
-------------+------------------------------           Adj R-squared =  0.2095
       Total |  4528.17574 11063  .409308121           Root MSE      =  .56881

------------------------------------------------------------------------------
      rif_10 |      Coef.   Std. Err.      t    P>|t|     [95% Conf. Interval]
-------------+----------------------------------------------------------------
       AGEEC |  -.0080873   .0004408   -18.35   0.000    -.0089513   -.0072232
      inform |  -.2263366   .0099395   -22.77   0.000    -.2458197   -.2068535
     routine |   .0735649   .0133095     5.53   0.000      .047476    .0996538
        face |  -.0049345   .0107122    -0.46   0.645    -.0259322    .0160632
        site |  -.1504762   .0098238   -15.32   0.000    -.1697327   -.1312197
    decision |  -.2268258   .0106789   -21.24   0.000    -.2477584   -.2058932
       _cons |  -.6564349   .0251512   -26.10   0.000    -.7057358   -.6071341
------------------------------------------------------------------------------

. 
. 
. * manual RIF regression 11
. generate rif_11 = 7.078341 - (7.078341 - (lwage < 7.078341))/0.752327

. reg rif_11 AGEEC inform routine face site decision [aweight = SIHPSWT]
(sum of wgt is   6.5672e+06)

      Source |       SS       df       MS              Number of obs =   11064
-------------+------------------------------           F(  6, 11057) =  476.90
       Model |  994.412358     6  165.735393           Prob > F      =  0.0000
    Residual |  3842.58781 11057  .347525352           R-squared     =  0.2056
-------------+------------------------------           Adj R-squared =  0.2052
       Total |  4837.00017 11063  .437223192           Root MSE      =  .58951

------------------------------------------------------------------------------
      rif_11 |      Coef.   Std. Err.      t    P>|t|     [95% Conf. Interval]
-------------+----------------------------------------------------------------
       AGEEC |  -.0083494   .0004568   -18.28   0.000    -.0092449   -.0074539
      inform |  -.2219641   .0103012   -21.55   0.000    -.2421564   -.2017718
     routine |     .07945   .0137939     5.76   0.000     .0524114    .1064885
        face |  -.0040319   .0111021    -0.36   0.716     -.025794    .0177301
        site |  -.1566186   .0101814   -15.38   0.000     -.176576   -.1366612
    decision |  -.2392291   .0110676   -21.62   0.000    -.2609237   -.2175345
       _cons |  -.9239675   .0260667   -35.45   0.000    -.9750628   -.8728721
------------------------------------------------------------------------------

. 
. 
. * manual RIF regression 12
. generate rif_12 = 7.136905 - (7.136905 - (lwage < 7.136905))/0.718137

. reg rif_12 AGEEC inform routine face site decision [aweight = SIHPSWT]
(sum of wgt is   6.5672e+06)

      Source |       SS       df       MS              Number of obs =   11064
-------------+------------------------------           F(  6, 11057) =  450.26
       Model |  1010.84387     6  168.473978           Prob > F      =  0.0000
    Residual |  4137.18085 11057  .374168477           R-squared     =  0.1964
-------------+------------------------------           Adj R-squared =  0.1959
       Total |  5148.02472 11063  .465337135           Root MSE      =  .61169

------------------------------------------------------------------------------
      rif_12 |      Coef.   Std. Err.      t    P>|t|     [95% Conf. Interval]
-------------+----------------------------------------------------------------
       AGEEC |  -.0087991    .000474   -18.56   0.000    -.0097282   -.0078699
      inform |  -.2021441   .0106888   -18.91   0.000    -.2230961   -.1811921
     routine |    .071481   .0143129     4.99   0.000     .0434251    .0995369
        face |   .0065376   .0115198     0.57   0.570    -.0160432    .0291184
        site |  -.1429873   .0105645   -13.53   0.000    -.1636956    -.122279
    decision |  -.2591701   .0114841   -22.57   0.000    -.2816809   -.2366593
       _cons |   -1.28471   .0270474   -47.50   0.000    -1.337728   -1.231692
------------------------------------------------------------------------------

. 
. 
. * manual RIF regression 13
. generate rif_13 = 7.211911 - (7.211911 - (lwage < 7.211911))/0.685978

. reg rif_13 AGEEC inform routine face site decision [aweight = SIHPSWT]
(sum of wgt is   6.5672e+06)

      Source |       SS       df       MS              Number of obs =   11064
-------------+------------------------------           F(  6, 11057) =  450.35
       Model |  1049.83151     6  174.971918           Prob > F      =  0.0000
    Residual |  4295.95876 11057  .388528422           R-squared     =  0.1964
-------------+------------------------------           Adj R-squared =  0.1959
       Total |  5345.79027 11063  .483213439           Root MSE      =  .62332

------------------------------------------------------------------------------
      rif_13 |      Coef.   Std. Err.      t    P>|t|     [95% Conf. Interval]
-------------+----------------------------------------------------------------
       AGEEC |  -.0092914    .000483   -19.24   0.000    -.0102382   -.0083445
      inform |  -.1853485    .010892   -17.02   0.000    -.2066987   -.1639982
     routine |   .0688163    .014585     4.72   0.000     .0402272    .0974055
        face |   .0281908   .0117388     2.40   0.016     .0051807    .0512008
        site |  -.1278313   .0107653   -11.87   0.000    -.1489332   -.1067293
    decision |  -.2808482   .0117024   -24.00   0.000     -.303787   -.2579095
       _cons |   -1.67233   .0275615   -60.68   0.000    -1.726355   -1.618304
------------------------------------------------------------------------------

. 
. 
. * manual RIF regression 14
. generate rif_14 = 7.296644 - (7.296644 - (lwage < 7.296644))/0.656732

. reg rif_14 AGEEC inform routine face site decision [aweight = SIHPSWT]
(sum of wgt is   6.5672e+06)

      Source |       SS       df       MS              Number of obs =   11064
-------------+------------------------------           F(  6, 11057) =  402.07
       Model |  962.815032     6  160.469172           Prob > F      =  0.0000
    Residual |  4412.93547 11057  .399107848           R-squared     =  0.1791
-------------+------------------------------           Adj R-squared =  0.1787
       Total |   5375.7505 11063  .485921586           Root MSE      =  .63175

------------------------------------------------------------------------------
      rif_14 |      Coef.   Std. Err.      t    P>|t|     [95% Conf. Interval]
-------------+----------------------------------------------------------------
       AGEEC |  -.0088684   .0004896   -18.11   0.000     -.009828   -.0079087
      inform |  -.1521802   .0110393   -13.79   0.000    -.1738192   -.1305412
     routine |   .0765965   .0147822     5.18   0.000     .0476207    .1055723
        face |   .0566431   .0118975     4.76   0.000     .0333219    .0799643
        site |  -.1134264   .0109109   -10.40   0.000    -.1348137   -.0920392
    decision |  -.2902691   .0118606   -24.47   0.000    -.3135181   -.2670202
       _cons |  -2.131374   .0279343   -76.30   0.000     -2.18613   -2.076618
------------------------------------------------------------------------------

. 
. 
. * manual RIF regression 15
. generate rif_15 = 7.362652 - (7.362652 - (lwage < 7.362652))/0.619972

. reg rif_15 AGEEC inform routine face site decision [aweight = SIHPSWT]
(sum of wgt is   6.5672e+06)

      Source |       SS       df       MS              Number of obs =   11064
-------------+------------------------------           F(  6, 11057) =  357.31
       Model |  874.803179     6   145.80053           Prob > F      =  0.0000
    Residual |  4511.81841 11057  .408050865           R-squared     =  0.1624
-------------+------------------------------           Adj R-squared =  0.1619
       Total |  5386.62159 11063  .486904238           Root MSE      =  .63879

------------------------------------------------------------------------------
      rif_15 |      Coef.   Std. Err.      t    P>|t|     [95% Conf. Interval]
-------------+----------------------------------------------------------------
       AGEEC |   -.007671    .000495   -15.50   0.000    -.0086413   -.0067007
      inform |  -.1097252   .0111623    -9.83   0.000    -.1316053   -.0878451
     routine |   .0732266   .0149469     4.90   0.000      .043928    .1025252
        face |   .1077366   .0120301     8.96   0.000     .0841556    .1313177
        site |  -.0885547   .0110324    -8.03   0.000    -.1101803   -.0669291
    decision |  -.3168503   .0119928   -26.42   0.000    -.3403583   -.2933424
       _cons |  -2.791231   .0282455   -98.82   0.000    -2.846598   -2.735865
------------------------------------------------------------------------------

. 
. 
. * manual RIF regression 16
. generate rif_16 = 7.453545 - (7.453545 - (lwage < 7.453545))/0.515545

. reg rif_16 AGEEC inform routine face site decision [aweight = SIHPSWT]
(sum of wgt is   6.5672e+06)

      Source |       SS       df       MS              Number of obs =   11064
-------------+------------------------------           F(  6, 11057) =  312.91
       Model |  965.999087     6  160.999848           Prob > F      =  0.0000
    Residual |  5689.07026 11057  .514522045           R-squared     =  0.1452
-------------+------------------------------           Adj R-squared =  0.1447
       Total |  6655.06934 11063     .601561           Root MSE      =   .7173

------------------------------------------------------------------------------
      rif_16 |      Coef.   Std. Err.      t    P>|t|     [95% Conf. Interval]
-------------+----------------------------------------------------------------
       AGEEC |  -.0080382   .0005559   -14.46   0.000    -.0091278   -.0069486
      inform |   -.094957   .0125343    -7.58   0.000    -.1195264   -.0703876
     routine |   .0803548    .016784     4.79   0.000     .0474551    .1132545
        face |   .1382148   .0135087    10.23   0.000     .1117354    .1646942
        site |  -.0821668   .0123884    -6.63   0.000    -.1064503   -.0578832
    decision |  -.3473211   .0134668   -25.79   0.000    -.3737184   -.3209238
       _cons |  -4.945554   .0317172  -155.93   0.000    -5.007725   -4.883383
------------------------------------------------------------------------------

. 
. 
. * manual RIF regression 17
. generate rif_17 = 7.563143 - (7.563143 - (lwage < 7.563143))/0.400368

. reg rif_17 AGEEC inform routine face site decision [aweight = SIHPSWT]
(sum of wgt is   6.5672e+06)

      Source |       SS       df       MS              Number of obs =   11064
-------------+------------------------------           F(  6, 11057) =  262.07
       Model |  1095.36895     6  182.561491           Prob > F      =  0.0000
    Residual |  7702.33772 11057  .696602851           R-squared     =  0.1245
-------------+------------------------------           Adj R-squared =  0.1240
       Total |  8797.70666 11063  .795236976           Root MSE      =  .83463

------------------------------------------------------------------------------
      rif_17 |      Coef.   Std. Err.      t    P>|t|     [95% Conf. Interval]
-------------+----------------------------------------------------------------
       AGEEC |  -.0086555   .0006468   -13.38   0.000    -.0099233   -.0073877
      inform |  -.0708442   .0145844    -4.86   0.000    -.0994322   -.0422561
     routine |   .0838555   .0195293     4.29   0.000     .0455746    .1221365
        face |   .1566478   .0157182     9.97   0.000     .1258373    .1874583
        site |  -.0767044   .0144148    -5.32   0.000    -.1049599   -.0484489
    decision |   -.389082   .0156695   -24.83   0.000     -.419797    -.358367
       _cons |  -8.682825    .036905  -235.28   0.000    -8.755165   -8.610485
------------------------------------------------------------------------------

. 
. 
. * manual RIF regression 18
. generate rif_18 = 7.711822 - (7.711822 - (lwage < 7.711822))/0.288694

. reg rif_18 AGEEC inform routine face site decision [aweight = SIHPSWT]
(sum of wgt is   6.5672e+06)

      Source |       SS       df       MS              Number of obs =   11064
-------------+------------------------------           F(  6, 11057) =  225.41
       Model |  1301.30574     6  216.884289           Prob > F      =  0.0000
    Residual |  10638.7871 11057   .96217664           R-squared     =  0.1090
-------------+------------------------------           Adj R-squared =  0.1085
       Total |  11940.0928 11063  1.07928165           Root MSE      =  .98091

------------------------------------------------------------------------------
      rif_18 |      Coef.   Std. Err.      t    P>|t|     [95% Conf. Interval]
-------------+----------------------------------------------------------------
       AGEEC |  -.0090912   .0007601   -11.96   0.000    -.0105812   -.0076012
      inform |  -.0514651   .0171405    -3.00   0.003    -.0850635   -.0178666
     routine |    .103884   .0229521     4.53   0.000     .0588938    .1488742
        face |    .191883    .018473    10.39   0.000     .1556725    .2280934
        site |  -.0588469   .0169411    -3.47   0.001    -.0920545   -.0256393
    decision |  -.4320265   .0184158   -23.46   0.000    -.4681247   -.3959284
       _cons |  -15.37855    .043373  -354.56   0.000    -15.46357   -15.29353
------------------------------------------------------------------------------

. 
. 
. * manual RIF regression 19
. generate rif_19 = 7.962973 - (7.962973 - (lwage < 7.962973))/0.143471

. reg rif_19 AGEEC inform routine face site decision [aweight = SIHPSWT]
(sum of wgt is   6.5672e+06)

      Source |       SS       df       MS              Number of obs =   11064
-------------+------------------------------           F(  6, 11057) =  126.91
       Model |  1642.10142     6   273.68357           Prob > F      =  0.0000
    Residual |  23845.2888 11057  2.15657853           R-squared     =  0.0644
-------------+------------------------------           Adj R-squared =  0.0639
       Total |  25487.3902 11063  2.30384075           Root MSE      =  1.4685

------------------------------------------------------------------------------
      rif_19 |      Coef.   Std. Err.      t    P>|t|     [95% Conf. Interval]
-------------+----------------------------------------------------------------
       AGEEC |  -.0104033    .001138    -9.14   0.000    -.0126341   -.0081726
      inform |   .0056538   .0256613     0.22   0.826     -.044647    .0559546
     routine |   .0773806   .0343619     2.25   0.024     .0100251    .1447361
        face |   .2032591   .0276562     7.35   0.000      .149048    .2574703
        site |  -.0068264   .0253628    -0.27   0.788    -.0565421    .0428892
    decision |  -.5138471   .0275705   -18.64   0.000    -.5678903    -.459804
       _cons |  -40.37341   .0649344  -621.76   0.000    -40.50069   -40.24613
------------------------------------------------------------------------------

. 
. 
. 
. 
. 
. /* XX_ABS_STARTLOG (START OF ABS TERMINATION CODE) */
. 
. XABSTERM

. /* XX_ABS_ENDLOG (END OF ABS TERMINATION CODE) */
. 
end of do-file
