/**********************************************************************/
     Australian Bureau of Statistics Remote Access Data Laboratory
     
 The following specifies the details of this file and the job that
 produced it as originally written by the RADL.
 
 User Id        : COOPAL
 Job Identifier : 0062
 File Name      : output0062.txt
 Date/Time      : 06 Oct 2013  00:48:25
  
/**********************************************************************/



. * Perform a RIF regression on the 2010 CURF with the 1st combined grouping
. *
. * NB: All loops are unrolled, quantiles/densities are hard-coded and matrixes
>  are
. *     not used because of RADL restrictions. Results are computer-processed f
> rom 
. *     output log files using the script analysis/parse_rif_2010.py
. *
. * This is a generated file -- do not edit. Edit analysis/make_rif_2010.py ins
> tead.
. *
. * USE EXPANDED CURF
. use "`SIH10EP'"

. 
. keep ABSHID ABSFID ABSIID ABSLID ABSPID ///
>     FTPTSTAT SECEDQL OCC6DIG AGEEC PSRC4PP PSRCSCP IWSSUCP8 IWSUCP SIHPSWT //
> /
>     SEXP LVLEDUA MSTATP ///
>     WPS0101-WPS0160
. 
. * stone age STATA means we need a workaround for merge
. sort OCC6DIG

. joinby OCC6DIG using "`SAVED'AnzscoCombined1Map", unmatched(both)

. 
. sort COMBINEDI

. 
. svrset set meth jk1 pw SIHPSWT rw WPS0101-WPS0160 dof 59

. 
. * keep only full-time Wage & Salary records
. drop if (PSRCSCP != 1) | (FTPTSTAT != 1)
(22903 observations deleted)
. 
. * remove "Not Applicable" or "Inadequately Described" records
. drop if (OCC6DIG == 0) | (OCC6DIG == 99)
(27 observations deleted)
. 
. svrmean IWSSUCP8, by(OCC6DIG)
dropping IWSSUCP8
*ABSTABLE_START*
*ABSTABLE_UR*1
*ABSTABLE_NSTATVAR*1
*ABSTABLE_CONTRIB*11064
*ABSTABLE_SINGLE*3
*ABSTABLE_NONZERO*51
*ABSTABLE_VSINGLE*3
*ABSTABLE_VSINGMAX*3

Survey mean estimation, replication (jk1) variance method

Analysis weight:      SIHPSWT                  Number of obs       =     11064
Replicate weights:    WPS0101...               Population size     = 6567248.8
Number of replicates: 60                       Degrees of freedom  =        59

------------------------------------------------------------------------------
Mean   Subpop. |   Estimate    Std. Err.   [95% Conf. Interval]        Deff
---------------+--------------------------------------------------------------
IWSSUCP8       |
      Managers |   2224.455     575.019    1073.845    3375.065    2.557435
      Chief_Ex |   3222.638    310.8412    2600.646    3844.629    1.659228
      Farmers_ |   1093.027    72.21134    948.5322    1237.521    1.040478
      Speciali |   2014.458    56.78456    1900.832    2128.083    2.299623
      Hospital |   1155.938    39.14269    1077.614    1234.263    1.819151
      Professi |     1313.7     117.276    1079.031    1548.368    1.178246
      Arts_and |   1438.149    181.7644    1074.439    1801.859    2.231993
      Business |   1612.816    45.64443    1521.481     1704.15    1.444093
      Design,_ |   1768.558     82.0167    1604.443    1932.673    1.727634
      Educatio |   1382.512    19.18101    1344.131    1420.893    1.460537
      Health_P |   1875.402     90.9586    1693.394     2057.41    1.540409
      ICT_Prof |   1805.397    69.99554    1665.336    1945.458    1.834223
      Legal,_S |   1729.153    215.4118    1298.115    2160.191    1.591898
      Technici |   1920.962    235.7277    1449.272    2392.652    1.243554
      Engineer |   1503.722    65.68549    1372.285    1635.158    1.305959
      Automoti |   1232.687    41.87347    1148.898    1316.475    1.960116
      Construc |   1031.306    37.70011    955.8679    1106.743    1.618618
      Electrot |   1205.853    52.01526    1101.771    1309.935    1.360673
      Food_Tra |   891.2404    45.12293    800.9496    981.5311    2.549276
      Skilled_ |   879.4981    32.72169    814.0221     944.974    1.026727
      Other_Te |    973.515    52.79235    867.8777    1079.152    1.429051
      Communit |        704         ***           .           .           .
      Health_a |   1231.447    53.88446    1123.625     1339.27    1.388745
      Carers_a |   805.5333    16.57788    772.3611    838.7056    1.271766
      Hospital |   788.7299    30.99421    726.7106    850.7492    1.479027
      Protecti |   1270.768    39.31585    1192.098    1349.439    1.472101
      Sports_a |   949.5052    82.92561    783.5715    1115.439     1.84931
      Clerical |       1185         ***           .           .           .
      Office_M |   1483.157    86.21129    1310.648    1655.665    1.691104
      Personal |   1034.539    37.58823    959.3256    1109.753    1.450066
      General_ |   901.8739    26.41058    849.0265    954.7214    1.495108
      Inquiry_ |   848.2443    20.21862     807.787    888.7017    1.272998
      Numerica |   1062.044    49.27865    963.4379    1160.651    1.939307
      Clerical |   966.6771    43.73937    879.1548    1054.199    1.843634
      Other_Cl |   1095.345    27.01417    1041.289      1149.4    1.433916
      Sales_Wo |        496         ***           .           .           .
      Sales_Re |   1420.794    47.47975    1325.788    1515.801    1.456732
      Sales_As |   857.0255    23.96202    809.0776    904.9734    1.363002
      Sales_Su |   860.4096    44.53283    771.2996    949.5196    1.426726
      Machiner |   924.7767    92.17847     740.328    1109.225    .9820787
      Machine_ |   1343.239    48.32091    1246.549    1439.929    1.295563
      Mobile_P |   1119.316    63.19622    992.8605    1245.771     1.64265
      Road_and |   1143.199    33.56613    1076.034    1210.365    1.751464
      Storeper |   878.5135    43.57779    791.3145    965.7124    2.463856
      Labourer |   396.2952    726.0329   -1056.493    1849.084    10.63366
      Cleaners |   805.6199     50.5703     704.429    906.8109     1.68401
      Construc |   1256.692    59.95193    1136.729    1376.656    1.198047
      Factory_ |   869.3324    27.64033    814.0243    924.6406    1.531949
      Farm,_Fo |   799.7502    26.16485    747.3944    852.1059    1.268306
      Food_Pre |   674.3341    40.17973    593.9347    754.7336    2.297253
      Other_La |   956.4362    59.03831    838.3008    1074.572    2.213347
------------------------------------------------------------------------------
(***) Unable to calculate estimates in 1 or more
      replicates. Standard error not calculated.
*ABSTABLE_END*

. *ABS Change: svrmean IWSSUCP8, by(COMBINEDI)
. XABSSVRMEAN IWSSUCP8, by(COMBINEDI)
dropping IWSSUCP8
*ABSTABLE_START*
*ABSTABLE_UR*1
*ABSTABLE_NSTATVAR*1
*ABSTABLE_CONTRIB*11064
*ABSTABLE_SINGLE*0
*ABSTABLE_NONZERO*28
*ABSTABLE_VSINGLE*0
*ABSTABLE_VSINGMAX*0

Survey mean estimation, replication (jk1) variance method

Analysis weight:      SIHPSWT                  Number of obs       =     11064
Replicate weights:    WPS0101...               Population size     = 6567248.8
Number of replicates: 60                       Degrees of freedom  =        59

------------------------------------------------------------------------------
Mean   Subpop. |   Estimate    Std. Err.   [95% Conf. Interval]        Deff
---------------+--------------------------------------------------------------
IWSSUCP8       |
  COMBINEDI==1 |   1918.978     53.2327     1812.46    2025.497    2.490268
  COMBINEDI==2 |    1858.06    53.78387    1750.439    1965.681    1.618949
  COMBINEDI==3 |   1735.472    70.59014    1594.222    1876.723    1.419619
  COMBINEDI==4 |     1313.7     117.276    1079.031    1548.368    1.178246
  COMBINEDI==5 |   1382.512    19.18101    1344.131    1420.893    1.460537
  COMBINEDI==6 |   1729.153    215.4118    1298.115    2160.191    1.591898
  COMBINEDI==7 |   1768.558     82.0167    1604.443    1932.673    1.727634
  COMBINEDI==8 |   1515.852    65.97049    1383.845    1647.859    1.373173
  COMBINEDI==9 |   1143.199    33.56613    1076.034    1210.365    1.751464
 COMBINEDI==10 |   1205.853    52.01526    1101.771    1309.935    1.360673
 COMBINEDI==11 |   997.2282    15.84952    965.5134    1028.943     1.71432
 COMBINEDI==12 |   1093.027    72.21134    948.5322    1237.521    1.040478
 COMBINEDI==13 |   799.7502    26.16485    747.3944    852.1059    1.268306
 COMBINEDI==14 |   878.5135    43.57779    791.3145    965.7124    2.463856
 COMBINEDI==15 |   1094.846    44.25127      1006.3    1183.393    1.644319
 COMBINEDI==16 |   1031.306    37.70011    955.8679    1106.743    1.618618
 COMBINEDI==17 |   825.8781    35.51866    754.8054    896.9507    2.521136
 COMBINEDI==18 |   1438.149    181.7644    1074.439    1801.859    2.231993
 COMBINEDI==19 |   1107.671    32.46548    1042.707    1172.634    1.564591
 COMBINEDI==20 |    948.747    40.91514     866.876    1030.618    1.473104
 COMBINEDI==21 |   1420.794    47.47975    1325.788    1515.801    1.456732
 COMBINEDI==22 |   856.6781    20.60162    815.4544    897.9019    1.289817
 COMBINEDI==23 |   1232.687    41.87347    1148.898    1316.475    1.960116
 COMBINEDI==24 |   805.5582    19.29213    766.9547    844.1616    1.584951
 COMBINEDI==25 |   949.1147     82.8033    783.4257    1114.804    1.849169
 COMBINEDI==26 |   869.3324    27.64033    814.0243    924.6406    1.531949
 COMBINEDI==27 |   1270.768    39.31585    1192.098    1349.439    1.472101
 COMBINEDI==28 |   1240.915    35.78614    1169.307    1312.523    1.241708
------------------------------------------------------------------------------
*ABSTABLE_END*

. 
. *ABS Change: table COMBINEDI
. XABSTABLE COMBINEDI
*ABSTABLE_START*
*ABSTABLE_UR*1
*ABSTABLE_NSTATVAR*0
*ABSTABLE_CONTRIB*11064
*ABSTABLE_SINGLE*0
*ABSTABLE_NONZERO*28
*ABSTABLE_VSINGLE*0
*ABSTABLE_VSINGMAX*0

----------------------
COMBINEDI |      Freq.
----------+-----------
        1 |      1,274
        2 |      1,192
        3 |        576
        4 |         17
        5 |        537
        6 |        174
        7 |        433
        8 |        302
        9 |        356
       10 |        274
       11 |      1,254
       12 |         74
       13 |        123
       14 |        120
       15 |        346
       16 |        298
       17 |        210
       18 |         59
       19 |        548
       20 |        265
       21 |        227
       22 |        410
       23 |        608
       24 |        345
       25 |         76
       26 |        265
       27 |        207
       28 |        494
----------------------
*ABSTABLE_END*

. 
. * see http://www.abs.gov.au/ausstats/abs@.nsf/Lookup/3607C2551414E995CA257A5D
> 000F7C5D?opendocument
. svrset set meth jk1 pw SIHPSWT rw WPS0101-WPS0160 dof 59

. 
. generate lwage = log(IWSSUCP8)

. 
. * find percentiles, as 19*0.05 increments
. pctile pc_lwage = lwage [aweight = SIHPSWT] , nq(20)

. * then densities at those particular percentile
. 
. generate female = 0

. replace  female = 1 if (SEXP == 2)
(4046 real changes made)

. 
. generate married = 0

. replace  married = 1 if (MSTATP == 1)
(7545 real changes made)

. 
. generate educ = .
(11064 missing values generated)

. * 1 = some high school or undetermined
. replace educ = 1 if (LVLEDUA == 0 | LVLEDUA == 13 | LVLEDUA == 12 | ///
>          LVLEDUA == 11 | LVLEDUA == 10 | LVLEDUA == 9)
(2494 real changes made)

. * 2 = high school
. replace educ = 2 if (LVLEDUA == 8)
(1708 real changes made)

. * 3 = non-bachelor tertiary qualification
. replace educ = 3 if (LVLEDUA == 7 | LVLEDUA == 6 | LVLEDUA == 5 | LVLEDUA == 
> 4)
(3676 real changes made)

. * 4 = bachelor degree or grad dip/cert
. replace educ = 4 if (LVLEDUA == 3 | LVLEDUA == 2)
(2557 real changes made)

. * 5 = postgrad degree (master or higher)
. replace educ = 5 if (LVLEDUA == 1)
(629 real changes made)

. 
. * now create education dummies
. *ABS Change: tabulate educ, generate(educ)
. XABSTABULATE educ, generate(educ)
*ABSTABLE_START*
*ABSTABLE_UR*1
*ABSTABLE_NSTATVAR*0
*ABSTABLE_CONTRIB*11064
*ABSTABLE_SINGLE*0
*ABSTABLE_NONZERO*5
*ABSTABLE_VSINGLE*0
*ABSTABLE_VSINGMAX*0

       educ |      Freq.     Percent        Cum.
------------+-----------------------------------
          1 |      2,494       22.54       22.54
          2 |      1,708       15.44       37.98
          3 |      3,676       33.22       71.20
          4 |      2,557       23.11       94.31
          5 |        629        5.69      100.00
------------+-----------------------------------
      Total |     11,064      100.00
*ABSTABLE_END*

. 
. 
. * generate potential experience flags
. * (for this one we deem experience to start at 15)
. egen potexp = cut(AGEEC), at(15,20,25,30,35,40,45,50,55,60) label
(631 missing values generated)

. *ABS Change: tabulate potexp, generate(expdum)
. XABSTABULATE potexp, generate(expdum)
*ABSTABLE_START*
*ABSTABLE_UR*1
*ABSTABLE_NSTATVAR*0
*ABSTABLE_CONTRIB*10433
*ABSTABLE_SINGLE*0
*ABSTABLE_NONZERO*9
*ABSTABLE_VSINGLE*0
*ABSTABLE_VSINGMAX*0

     potexp |      Freq.     Percent        Cum.
------------+-----------------------------------
        15- |        380        3.64        3.64
        20- |      1,042        9.99       13.63
        25- |      1,355       12.99       26.62
        30- |      1,373       13.16       39.78
        35- |      1,311       12.57       52.34
        40- |      1,359       13.03       65.37
        45- |      1,406       13.48       78.85
        50- |      1,283       12.30       91.14
        55- |        924        8.86      100.00
------------+-----------------------------------
      Total |     10,433      100.00
*ABSTABLE_END*

. 
. 
. * manual RIF regression 1
. generate rif_01 = 6.253829 + (6.253829 - (lwage < 6.253829))/0.156011

. reg rif_01 expdum1-expdum3 expdum5-expdum9 female married ///
>       educ1 educ2 educ4 educ5 ///
>       inform routine face site decision [aweight = SIHPSWT], robust
(sum of wgt is   6.2202e+06)

Linear regression                                      Number of obs =   10433
                                                       F( 19, 10413) =   19.05
                                                       Prob > F      =  0.0000
                                                       R-squared     =  0.1947
                                                       Root MSE      =  1.2511

------------------------------------------------------------------------------
             |               Robust
      rif_01 |      Coef.   Std. Err.      t    P>|t|     [95% Conf. Interval]
-------------+----------------------------------------------------------------
     expdum1 |  -3.197178   .2183134   -14.64   0.000    -3.625114   -2.769242
     expdum2 |  -.4149131    .080771    -5.14   0.000    -.5732398   -.2565864
     expdum3 |  -.0886836   .0562751    -1.58   0.115    -.1989936    .0216264
     expdum5 |   .0797137   .0384209     2.07   0.038     .0044014     .155026
     expdum6 |  -.0146486   .0494695    -0.30   0.767    -.1116183     .082321
     expdum7 |  -.0233693   .0498865    -0.47   0.639    -.1211564    .0744179
     expdum8 |   .0767379   .0416554     1.84   0.065    -.0049146    .1583904
     expdum9 |   .0759338   .0450286     1.69   0.092     -.012331    .1641985
      female |  -.0662145   .0370258    -1.79   0.074    -.1387921    .0063631
     married |   .0886699   .0357142     2.48   0.013     .0186632    .1586767
       educ1 |  -.1647046   .0483163    -3.41   0.001    -.2594139   -.0699953
       educ2 |  -.1544704   .0570021    -2.71   0.007    -.2662054   -.0427354
       educ4 |   .0024864   .0348816     0.07   0.943    -.0658882    .0708611
       educ5 |  -.0495961   .0577397    -0.86   0.390     -.162777    .0635848
      inform |    .055872   .0287224     1.95   0.052    -.0004294    .1121734
     routine |    .074855   .0433344     1.73   0.084    -.0100887    .1597986
        face |   .0136085    .016026     0.85   0.396    -.0178055    .0450225
        site |  -.0993948   .0379867    -2.62   0.009    -.1738561   -.0249336
    decision |   .0111314   .0299704     0.37   0.710    -.0476163    .0698791
       _cons |   46.13351   .0666838   691.82   0.000     46.00279    46.26422
------------------------------------------------------------------------------

. 
. 
. * manual RIF regression 2
. generate rif_02 = 6.458777 + (6.458777 - (lwage < 6.458777))/0.430942

. reg rif_02 expdum1-expdum3 expdum5-expdum9 female married ///
>       educ1 educ2 educ4 educ5 ///
>       inform routine face site decision [aweight = SIHPSWT], robust
(sum of wgt is   6.2202e+06)

Linear regression                                      Number of obs =   10433
                                                       F( 19, 10413) =   46.12
                                                       Prob > F      =  0.0000
                                                       R-squared     =  0.2001
                                                       Root MSE      =  .62477

------------------------------------------------------------------------------
             |               Robust
      rif_02 |      Coef.   Std. Err.      t    P>|t|     [95% Conf. Interval]
-------------+----------------------------------------------------------------
     expdum1 |   -1.43214   .0719992   -19.89   0.000    -1.573272   -1.291008
     expdum2 |  -.2710551   .0403104    -6.72   0.000    -.3500713   -.1920389
     expdum3 |  -.0223913   .0283141    -0.79   0.429    -.0778924    .0331097
     expdum5 |   .0499283   .0234912     2.13   0.034     .0038811    .0959756
     expdum6 |   .0050773   .0272297     0.19   0.852    -.0482981    .0584528
     expdum7 |    .005024   .0265368     0.19   0.850    -.0469931    .0570412
     expdum8 |    .042539   .0257449     1.65   0.098     -.007926    .0930039
     expdum9 |   .0296106   .0287633     1.03   0.303     -.026771    .0859922
      female |  -.1319756   .0197418    -6.69   0.000    -.1706733    -.093278
     married |   .0433181   .0180907     2.39   0.017     .0078569    .0787793
       educ1 |  -.0831138   .0250815    -3.31   0.001    -.1322784   -.0339492
       educ2 |  -.0574079   .0275141    -2.09   0.037    -.1113407   -.0034751
       educ4 |   .0325357   .0191367     1.70   0.089    -.0049759    .0700474
       educ5 |  -.0063327   .0298345    -0.21   0.832     -.064814    .0521485
      inform |   .0890996   .0151399     5.89   0.000     .0594226    .1187766
     routine |     .03704   .0217817     1.70   0.089    -.0056564    .0797364
        face |   .0254388   .0084053     3.03   0.002     .0089629    .0419147
        site |   -.021156   .0177566    -1.19   0.234    -.0559624    .0136504
    decision |   .0200605   .0150641     1.33   0.183     -.009468    .0495889
       _cons |   21.20173     .03573   593.39   0.000      21.1317    21.27177
------------------------------------------------------------------------------

. 
. 
. * manual RIF regression 3
. generate rif_03 = 6.551080 + (6.551080 - (lwage < 6.551080))/0.583479

. reg rif_03 expdum1-expdum3 expdum5-expdum9 female married ///
>       educ1 educ2 educ4 educ5 ///
>       inform routine face site decision [aweight = SIHPSWT], robust
(sum of wgt is   6.2202e+06)

Linear regression                                      Number of obs =   10433
                                                       F( 19, 10413) =   66.76
                                                       Prob > F      =  0.0000
                                                       R-squared     =  0.1978
                                                       Root MSE      =   .5334

------------------------------------------------------------------------------
             |               Robust
      rif_03 |      Coef.   Std. Err.      t    P>|t|     [95% Conf. Interval]
-------------+----------------------------------------------------------------
     expdum1 |  -1.044396   .0505488   -20.66   0.000    -1.143481   -.9453105
     expdum2 |  -.2619621   .0334301    -7.84   0.000    -.3274916   -.1964327
     expdum3 |  -.0484686   .0250078    -1.94   0.053    -.0974887    .0005515
     expdum5 |   .0420514   .0207301     2.03   0.043     .0014163    .0826865
     expdum6 |  -.0088803   .0239523    -0.37   0.711    -.0558314    .0380708
     expdum7 |  -.0059808   .0234338    -0.26   0.799    -.0519155    .0399539
     expdum8 |   .0344379     .02233     1.54   0.123    -.0093333     .078209
     expdum9 |    .027699   .0254073     1.09   0.276    -.0221041    .0775022
      female |  -.1442759   .0164022    -8.80   0.000    -.1764273   -.1121245
     married |   .0430827   .0158555     2.72   0.007     .0120028    .0741626
       educ1 |  -.0940125   .0219211    -4.29   0.000     -.136982    -.051043
       educ2 |  -.0422927   .0230154    -1.84   0.066    -.0874074     .002822
       educ4 |   .0262791   .0171053     1.54   0.124    -.0072505    .0598087
       educ5 |  -.0039324    .024962    -0.16   0.875    -.0528627    .0449978
      inform |   .1007719   .0126893     7.94   0.000     .0758984    .1256454
     routine |   .0195781   .0190555     1.03   0.304    -.0177743    .0569304
        face |   .0284125    .006994     4.06   0.000      .014703    .0421221
        site |  -.0067501   .0153446    -0.44   0.660    -.0368286    .0233283
    decision |   .0297151   .0126199     2.35   0.019     .0049776    .0544525
       _cons |    17.5143   .0306565   571.31   0.000      17.4542    17.57439
------------------------------------------------------------------------------

. 
. 
. * manual RIF regression 4
. generate rif_04 = 6.630683 + (6.630683 - (lwage < 6.630683))/0.705411

. reg rif_04 expdum1-expdum3 expdum5-expdum9 female married ///
>       educ1 educ2 educ4 educ5 ///
>       inform routine face site decision [aweight = SIHPSWT], robust
(sum of wgt is   6.2202e+06)

Linear regression                                      Number of obs =   10433
                                                       F( 19, 10413) =  106.68
                                                       Prob > F      =  0.0000
                                                       R-squared     =  0.2136
                                                       Root MSE      =  .50177

------------------------------------------------------------------------------
             |               Robust
      rif_04 |      Coef.   Std. Err.      t    P>|t|     [95% Conf. Interval]
-------------+----------------------------------------------------------------
     expdum1 |  -.8419478   .0385969   -21.81   0.000     -.917605   -.7662905
     expdum2 |   -.271993   .0307727    -8.84   0.000    -.3323134   -.2116725
     expdum3 |  -.0457339   .0235828    -1.94   0.052    -.0919607     .000493
     expdum5 |   .0322999   .0207452     1.56   0.120    -.0083646    .0729644
     expdum6 |  -.0267062   .0234142    -1.14   0.254    -.0726025    .0191901
     expdum7 |  -.0062715   .0224702    -0.28   0.780    -.0503173    .0377743
     expdum8 |   .0214329   .0222404     0.96   0.335    -.0221627    .0650284
     expdum9 |   .0229413   .0245911     0.93   0.351     -.025262    .0711446
      female |  -.1584085   .0150845   -10.50   0.000     -.187977     -.12884
     married |   .0597523   .0153734     3.89   0.000     .0296175     .089887
       educ1 |  -.1255057    .020678    -6.07   0.000    -.1660384   -.0849729
       educ2 |  -.0311541   .0213866    -1.46   0.145    -.0730759    .0107678
       educ4 |    .058615   .0165939     3.53   0.000     .0260877    .0911423
       educ5 |   .0053489   .0253416     0.21   0.833    -.0443256    .0550234
      inform |   .1028773   .0120304     8.55   0.000     .0792953    .1264592
     routine |  -.0047851   .0174914    -0.27   0.784    -.0390717    .0295014
        face |   .0278236    .006961     4.00   0.000     .0141788    .0414684
        site |   .0325637   .0144207     2.26   0.024     .0042964     .060831
    decision |   .0505034   .0124844     4.05   0.000     .0260316    .0749753
       _cons |   15.69445   .0291354   538.67   0.000     15.63734    15.75156
------------------------------------------------------------------------------

. 
. 
. * manual RIF regression 5
. generate rif_05 = 6.684612 + (6.684612 - (lwage < 6.684612))/0.759589

. reg rif_05 expdum1-expdum3 expdum5-expdum9 female married ///
>       educ1 educ2 educ4 educ5 ///
>       inform routine face site decision [aweight = SIHPSWT], robust
(sum of wgt is   6.2202e+06)

Linear regression                                      Number of obs =   10433
                                                       F( 19, 10413) =  136.01
                                                       Prob > F      =  0.0000
                                                       R-squared     =  0.2269
                                                       Root MSE      =  .50103

------------------------------------------------------------------------------
             |               Robust
      rif_05 |      Coef.   Std. Err.      t    P>|t|     [95% Conf. Interval]
-------------+----------------------------------------------------------------
     expdum1 |  -.6890901   .0354153   -19.46   0.000    -.7585109   -.6196693
     expdum2 |  -.2511433   .0300639    -8.35   0.000    -.3100742   -.1922123
     expdum3 |  -.0250015   .0242092    -1.03   0.302    -.0724561     .022453
     expdum5 |   .0608859   .0217603     2.80   0.005     .0182316    .1035401
     expdum6 |  -.0054975   .0239432    -0.23   0.818    -.0524308    .0414358
     expdum7 |   .0135802   .0232305     0.58   0.559     -.031956    .0591164
     expdum8 |   .0449387   .0228908     1.96   0.050     .0000684     .089809
     expdum9 |   .0552854   .0257787     2.14   0.032     .0047542    .1058167
      female |  -.1748603   .0146127   -11.97   0.000     -.203504   -.1462167
     married |   .0711344   .0152949     4.65   0.000     .0411534    .1011154
       educ1 |  -.1044846   .0201383    -5.19   0.000    -.1439596   -.0650096
       educ2 |  -.0389196   .0213141    -1.83   0.068    -.0806994    .0028602
       educ4 |   .0729968   .0170718     4.28   0.000     .0395328    .1064607
       educ5 |   .0209959   .0253201     0.83   0.407    -.0286364    .0706281
      inform |    .127866   .0120027    10.65   0.000     .1043383    .1513936
     routine |  -.0227346   .0162698    -1.40   0.162    -.0546266    .0091574
        face |   .0308932   .0070507     4.38   0.000     .0170725    .0447139
        site |    .052473   .0140362     3.74   0.000     .0249593    .0799867
    decision |   .0598274   .0124223     4.82   0.000     .0354772    .0841775
       _cons |   15.04158   .0296181   507.85   0.000     14.98352    15.09964
------------------------------------------------------------------------------

. 
. 
. * manual RIF regression 6
. generate rif_06 = 6.756932 + (6.756932 - (lwage < 6.756932))/0.788736

. reg rif_06 expdum1-expdum3 expdum5-expdum9 female married ///
>       educ1 educ2 educ4 educ5 ///
>       inform routine face site decision [aweight = SIHPSWT], robust
(sum of wgt is   6.2202e+06)

Linear regression                                      Number of obs =   10433
                                                       F( 19, 10413) =  168.22
                                                       Prob > F      =  0.0000
                                                       R-squared     =  0.2433
                                                       Root MSE      =  .50456

------------------------------------------------------------------------------
             |               Robust
      rif_06 |      Coef.   Std. Err.      t    P>|t|     [95% Conf. Interval]
-------------+----------------------------------------------------------------
     expdum1 |  -.6324103   .0329279   -19.21   0.000    -.6969553   -.5678653
     expdum2 |  -.2775599   .0294102    -9.44   0.000    -.3352095   -.2199103
     expdum3 |  -.0782746   .0247367    -3.16   0.002    -.1267633   -.0297859
     expdum5 |   .0440878   .0223853     1.97   0.049     .0002083    .0879674
     expdum6 |   .0005687   .0237998     0.02   0.981    -.0460835    .0472208
     expdum7 |   .0068344    .023344     0.29   0.770    -.0389243    .0525932
     expdum8 |   .0319478   .0235475     1.36   0.175    -.0142098    .0781055
     expdum9 |   .0360615   .0264027     1.37   0.172    -.0156929    .0878159
      female |  -.1814697   .0144574   -12.55   0.000    -.2098089   -.1531305
     married |   .0565623   .0152281     3.71   0.000     .0267122    .0864124
       educ1 |  -.1288159    .020188    -6.38   0.000    -.1683882   -.0892435
       educ2 |  -.0483496   .0209254    -2.31   0.021    -.0893674   -.0073319
       educ4 |   .0627162   .0176145     3.56   0.000     .0281885    .0972439
       educ5 |   .0269802   .0250949     1.08   0.282    -.0222106     .076171
      inform |   .1523353   .0121272    12.56   0.000     .1285637    .1761068
     routine |  -.0331867   .0153655    -2.16   0.031    -.0633061   -.0030673
        face |    .037633   .0072253     5.21   0.000     .0234699     .051796
        site |   .0675984   .0139134     4.86   0.000     .0403254    .0948714
    decision |   .0645451   .0125033     5.16   0.000     .0400361     .089054
       _cons |   14.83754   .0293124   506.19   0.000     14.78008      14.895
------------------------------------------------------------------------------

. 
. 
. * manual RIF regression 7
. generate rif_07 = 6.819470 + (6.819470 - (lwage < 6.819470))/0.793478

. reg rif_07 expdum1-expdum3 expdum5-expdum9 female married ///
>       educ1 educ2 educ4 educ5 ///
>       inform routine face site decision [aweight = SIHPSWT], robust
(sum of wgt is   6.2202e+06)

Linear regression                                      Number of obs =   10433
                                                       F( 19, 10413) =  239.34
                                                       Prob > F      =  0.0000
                                                       R-squared     =  0.2669
                                                       Root MSE      =  .51425

------------------------------------------------------------------------------
             |               Robust
      rif_07 |      Coef.   Std. Err.      t    P>|t|     [95% Conf. Interval]
-------------+----------------------------------------------------------------
     expdum1 |   -.584786   .0292722   -19.98   0.000    -.6421651   -.5274068
     expdum2 |  -.3002892   .0291089   -10.32   0.000    -.3573482   -.2432301
     expdum3 |  -.0781106   .0253659    -3.08   0.002    -.1278327   -.0283885
     expdum5 |   .0615461   .0232541     2.65   0.008     .0159636    .1071287
     expdum6 |   .0143922   .0247101     0.58   0.560    -.0340443    .0628287
     expdum7 |   .0032292   .0241976     0.13   0.894    -.0442027     .050661
     expdum8 |   .0390098   .0243817     1.60   0.110    -.0087831    .0868027
     expdum9 |     .02832   .0274209     1.03   0.302    -.0254303    .0820703
      female |  -.1860612   .0145282   -12.81   0.000    -.2145394   -.1575831
     married |   .0609597   .0153251     3.98   0.000     .0309196    .0909998
       educ1 |  -.1438915   .0202781    -7.10   0.000    -.1836405   -.1041425
       educ2 |  -.0642859   .0209971    -3.06   0.002    -.1054444   -.0231275
       educ4 |   .0768347   .0181369     4.24   0.000     .0412828    .1123866
       educ5 |   .0512626   .0253058     2.03   0.043     .0016585    .1008668
      inform |   .1603074   .0123583    12.97   0.000     .1360827    .1845321
     routine |  -.0497833   .0148268    -3.36   0.001    -.0788467     -.02072
        face |   .0366933   .0074792     4.91   0.000     .0220327    .0513539
        site |   .0935228   .0139458     6.71   0.000     .0661863    .1208593
    decision |   .0834429   .0127103     6.56   0.000     .0585282    .1083575
       _cons |   14.84239   .0296448   500.67   0.000     14.78428     14.9005
------------------------------------------------------------------------------

. 
. 
. * manual RIF regression 8
. generate rif_08 = 6.885653 + (6.885653 - (lwage < 6.885653))/0.793904

. reg rif_08 expdum1-expdum3 expdum5-expdum9 female married ///
>       educ1 educ2 educ4 educ5 ///
>       inform routine face site decision [aweight = SIHPSWT], robust
(sum of wgt is   6.2202e+06)

Linear regression                                      Number of obs =   10433
                                                       F( 19, 10413) =  251.87
                                                       Prob > F      =  0.0000
                                                       R-squared     =  0.2789
                                                       Root MSE      =  .52388

------------------------------------------------------------------------------
             |               Robust
      rif_08 |      Coef.   Std. Err.      t    P>|t|     [95% Conf. Interval]
-------------+----------------------------------------------------------------
     expdum1 |  -.5160832   .0294857   -17.50   0.000    -.5738808   -.4582855
     expdum2 |  -.3294898   .0284583   -11.58   0.000    -.3852735   -.2737061
     expdum3 |  -.0844507    .026206    -3.22   0.001    -.1358194   -.0330819
     expdum5 |   .0472099   .0244871     1.93   0.054    -.0007895    .0952093
     expdum6 |    .011498   .0256491     0.45   0.654    -.0387791    .0617751
     expdum7 |   .0120781   .0248039     0.49   0.626    -.0365424    .0606986
     expdum8 |   .0738497   .0249731     2.96   0.003     .0248975    .1228018
     expdum9 |   .0004975   .0283947     0.02   0.986    -.0551616    .0561567
      female |  -.2084541   .0146983   -14.18   0.000    -.2372655   -.1796427
     married |   .0629348   .0156565     4.02   0.000      .032245    .0936246
       educ1 |  -.1621043   .0201043    -8.06   0.000    -.2015125    -.122696
       educ2 |  -.0599679   .0209802    -2.86   0.004    -.1010932   -.0188426
       educ4 |   .1238261   .0188139     6.58   0.000     .0869472    .1607049
       educ5 |   .0777339   .0281961     2.76   0.006      .022464    .1330038
      inform |   .1570185   .0126913    12.37   0.000     .1321412    .1818959
     routine |  -.0575163   .0144323    -3.99   0.000    -.0858063   -.0292262
        face |   .0377895   .0079441     4.76   0.000     .0222176    .0533615
        site |   .1062481   .0139454     7.62   0.000     .0789125    .1335837
    decision |   .0845855   .0131893     6.41   0.000      .058732     .110439
       _cons |   14.92209   .0298493   499.91   0.000     14.86357     14.9806
------------------------------------------------------------------------------

. 
. 
. * manual RIF regression 9
. generate rif_09 = 6.946187 + (6.946187 - (lwage < 6.946187))/0.787109

. reg rif_09 expdum1-expdum3 expdum5-expdum9 female married ///
>       educ1 educ2 educ4 educ5 ///
>       inform routine face site decision [aweight = SIHPSWT], robust
(sum of wgt is   6.2202e+06)

Linear regression                                      Number of obs =   10433
                                                       F( 19, 10413) =  283.06
                                                       Prob > F      =  0.0000
                                                       R-squared     =  0.2875
                                                       Root MSE      =  .53381

------------------------------------------------------------------------------
             |               Robust
      rif_09 |      Coef.   Std. Err.      t    P>|t|     [95% Conf. Interval]
-------------+----------------------------------------------------------------
     expdum1 |   -.455284   .0280179   -16.25   0.000    -.5102045   -.4003635
     expdum2 |  -.3346925    .027987   -11.96   0.000    -.3895524   -.2798326
     expdum3 |  -.1078028   .0267867    -4.02   0.000    -.1603098   -.0552958
     expdum5 |   .0579506   .0251694     2.30   0.021     .0086138    .1072875
     expdum6 |   .0230737   .0263585     0.88   0.381    -.0285941    .0747414
     expdum7 |   .0276105   .0254706     1.08   0.278    -.0223167    .0775377
     expdum8 |   .0826178   .0256144     3.23   0.001     .0324087    .1328269
     expdum9 |    .016295   .0288383     0.57   0.572    -.0402337    .0728236
      female |  -.2227853   .0148304   -15.02   0.000    -.2518558   -.1937148
     married |   .0747059   .0157894     4.73   0.000     .0437557    .1056562
       educ1 |  -.1601492   .0199954    -8.01   0.000     -.199344   -.1209545
       educ2 |    -.06165   .0208399    -2.96   0.003    -.1025001   -.0207998
       educ4 |   .1309691   .0194142     6.75   0.000     .0929135    .1690247
       educ5 |   .1169451    .029291     3.99   0.000     .0595292     .174361
      inform |   .1612217   .0130851    12.32   0.000     .1355724     .186871
     routine |  -.0522026    .013976    -3.74   0.000    -.0795981    -.024807
        face |   .0387033   .0085752     4.51   0.000     .0218943    .0555124
        site |    .103439   .0140017     7.39   0.000     .0759929    .1308851
    decision |   .0958218   .0137645     6.96   0.000     .0688407     .122803
       _cons |   15.04067   .0300315   500.83   0.000     14.98181    15.09954
------------------------------------------------------------------------------

. 
. 
. * manual RIF regression 10
. generate rif_10 = 7.006161 + (7.006161 - (lwage < 7.006161))/0.781563

. reg rif_10 expdum1-expdum3 expdum5-expdum9 female married ///
>       educ1 educ2 educ4 educ5 ///
>       inform routine face site decision [aweight = SIHPSWT], robust
(sum of wgt is   6.2202e+06)

Linear regression                                      Number of obs =   10433
                                                       F( 19, 10413) =  262.99
                                                       Prob > F      =  0.0000
                                                       R-squared     =  0.2867
                                                       Root MSE      =  .54082

------------------------------------------------------------------------------
             |               Robust
      rif_10 |      Coef.   Std. Err.      t    P>|t|     [95% Conf. Interval]
-------------+----------------------------------------------------------------
     expdum1 |  -.3859046   .0284018   -13.59   0.000    -.4415776   -.3302317
     expdum2 |  -.3235602   .0273537   -11.83   0.000    -.3771787   -.2699417
     expdum3 |  -.1339302   .0273501    -4.90   0.000    -.1875416   -.0803188
     expdum5 |   .0703601   .0261771     2.69   0.007      .019048    .1216722
     expdum6 |   .0495312   .0270362     1.83   0.067    -.0034648    .1025273
     expdum7 |    .049542   .0261654     1.89   0.058    -.0017473    .1008312
     expdum8 |   .0816398   .0262805     3.11   0.002      .030125    .1331546
     expdum9 |   .0320147   .0295006     1.09   0.278    -.0258122    .0898416
      female |  -.2265271   .0148477   -15.26   0.000    -.2556315   -.1974228
     married |   .0789398   .0158295     4.99   0.000     .0479109    .1099686
       educ1 |  -.1558823   .0196906    -7.92   0.000    -.1944796   -.1172849
       educ2 |  -.0501879   .0206569    -2.43   0.015    -.0906795   -.0096964
       educ4 |   .1522027    .020014     7.60   0.000     .1129715     .191434
       educ5 |   .1429248   .0314231     4.55   0.000     .0813295    .2045201
      inform |   .1507354   .0133423    11.30   0.000     .1245819    .1768889
     routine |  -.0535077   .0131979    -4.05   0.000     -.079378   -.0276373
        face |   .0363571   .0090228     4.03   0.000     .0186706    .0540435
        site |   .1102809   .0140708     7.84   0.000     .0826995    .1378623
    decision |   .1096284   .0143257     7.65   0.000     .0815472    .1377095
       _cons |   15.15031   .0297305   509.59   0.000     15.09203    15.20859
------------------------------------------------------------------------------

. 
. 
. * manual RIF regression 11
. generate rif_11 = 7.078341 + (7.078341 - (lwage < 7.078341))/0.752327

. reg rif_11 expdum1-expdum3 expdum5-expdum9 female married ///
>       educ1 educ2 educ4 educ5 ///
>       inform routine face site decision [aweight = SIHPSWT], robust
(sum of wgt is   6.2202e+06)

Linear regression                                      Number of obs =   10433
                                                       F( 19, 10413) =  232.97
                                                       Prob > F      =  0.0000
                                                       R-squared     =  0.2773
                                                       Root MSE      =  .56279

------------------------------------------------------------------------------
             |               Robust
      rif_11 |      Coef.   Std. Err.      t    P>|t|     [95% Conf. Interval]
-------------+----------------------------------------------------------------
     expdum1 |  -.2889918   .0290497    -9.95   0.000    -.3459348   -.2320487
     expdum2 |  -.2685452   .0274511    -9.78   0.000    -.3223546   -.2147357
     expdum3 |  -.1248817   .0285669    -4.37   0.000    -.1808782   -.0688851
     expdum5 |    .113032    .027408     4.12   0.000      .059307     .166757
     expdum6 |   .0901427   .0284713     3.17   0.002     .0343335    .1459519
     expdum7 |    .092628   .0274924     3.37   0.001     .0387375    .1465184
     expdum8 |   .1033383   .0273212     3.78   0.000     .0497835    .1568932
     expdum9 |   .0804669    .030662     2.62   0.009     .0203635    .1405703
      female |  -.2112259   .0152593   -13.84   0.000    -.2411371   -.1813146
     married |   .0963314    .016345     5.89   0.000      .064292    .1283708
       educ1 |  -.1728208   .0199363    -8.67   0.000    -.2118997   -.1337418
       educ2 |  -.0563783   .0210151    -2.68   0.007     -.097572   -.0151846
       educ4 |   .1817431   .0212633     8.55   0.000     .1400628    .2234233
       educ5 |   .2018765   .0328497     6.15   0.000     .1374848    .2662682
      inform |    .135706    .014057     9.65   0.000     .1081516    .1632604
     routine |  -.0602801   .0127695    -4.72   0.000    -.0853107   -.0352495
        face |   .0303852   .0098157     3.10   0.002     .0111445    .0496259
        site |   .1215756   .0142948     8.50   0.000     .0935551    .1495962
    decision |   .1215038   .0152165     7.98   0.000     .0916765    .1513311
       _cons |    15.5253   .0306896   505.88   0.000     15.46515    15.58546
------------------------------------------------------------------------------

. 
. 
. * manual RIF regression 12
. generate rif_12 = 7.136905 + (7.136905 - (lwage < 7.136905))/0.718137

. reg rif_12 expdum1-expdum3 expdum5-expdum9 female married ///
>       educ1 educ2 educ4 educ5 ///
>       inform routine face site decision [aweight = SIHPSWT], robust
(sum of wgt is   6.2202e+06)

Linear regression                                      Number of obs =   10433
                                                       F( 19, 10413) =  203.81
                                                       Prob > F      =  0.0000
                                                       R-squared     =  0.2662
                                                       Root MSE      =  .58496

------------------------------------------------------------------------------
             |               Robust
      rif_12 |      Coef.   Std. Err.      t    P>|t|     [95% Conf. Interval]
-------------+----------------------------------------------------------------
     expdum1 |  -.2468747   .0295946    -8.34   0.000    -.3048857   -.1888637
     expdum2 |  -.2682124   .0273463    -9.81   0.000    -.3218165   -.2146083
     expdum3 |  -.1436902   .0291665    -4.93   0.000    -.2008622   -.0865181
     expdum5 |   .1194587    .028869     4.14   0.000     .0628699    .1760476
     expdum6 |   .0946371   .0297896     3.18   0.001     .0362437    .1530304
     expdum7 |   .1062754   .0286742     3.71   0.000     .0500686    .1624823
     expdum8 |   .0985762   .0284424     3.47   0.001     .0428236    .1543287
     expdum9 |   .1121269   .0319094     3.51   0.000     .0495783    .1746755
      female |  -.2304851   .0158057   -14.58   0.000    -.2614672    -.199503
     married |   .0864938   .0166344     5.20   0.000     .0538872    .1191004
       educ1 |  -.1723961   .0203061    -8.49   0.000    -.2121999   -.1325922
       educ2 |  -.0530086   .0211675    -2.50   0.012    -.0945009   -.0115162
       educ4 |   .1936913   .0223246     8.68   0.000     .1499308    .2374518
       educ5 |   .2516012   .0351124     7.17   0.000     .1827742    .3204282
      inform |   .1181131   .0146911     8.04   0.000     .0893158    .1469104
     routine |  -.0510819   .0129244    -3.95   0.000    -.0764162   -.0257477
        face |   .0280598   .0105111     2.67   0.008     .0074561    .0486635
        site |   .1055738   .0146445     7.21   0.000     .0768679    .1342797
    decision |   .1343422   .0161699     8.31   0.000      .102646    .1660383
       _cons |   16.02144    .031306   511.77   0.000     15.96008    16.08281
------------------------------------------------------------------------------

. 
. 
. * manual RIF regression 13
. generate rif_13 = 7.211911 + (7.211911 - (lwage < 7.211911))/0.685978

. reg rif_13 expdum1-expdum3 expdum5-expdum9 female married ///
>       educ1 educ2 educ4 educ5 ///
>       inform routine face site decision [aweight = SIHPSWT], robust
(sum of wgt is   6.2202e+06)

Linear regression                                      Number of obs =   10433
                                                       F( 19, 10413) =  180.67
                                                       Prob > F      =  0.0000
                                                       R-squared     =  0.2572
                                                       Root MSE      =  .59942

------------------------------------------------------------------------------
             |               Robust
      rif_13 |      Coef.   Std. Err.      t    P>|t|     [95% Conf. Interval]
-------------+----------------------------------------------------------------
     expdum1 |  -.1592209   .0291206    -5.47   0.000    -.2163028    -.102139
     expdum2 |  -.2147723   .0270592    -7.94   0.000    -.2678135   -.1617311
     expdum3 |  -.1216636   .0295781    -4.11   0.000    -.1796424   -.0636848
     expdum5 |    .159389   .0298853     5.33   0.000     .1008082    .2179699
     expdum6 |   .1327892   .0305404     4.35   0.000     .0729242    .1926543
     expdum7 |    .140463   .0293217     4.79   0.000     .0829867    .1979392
     expdum8 |   .1520264   .0297045     5.12   0.000     .0937998     .210253
     expdum9 |   .1661173   .0332414     5.00   0.000     .1009577    .2312769
      female |  -.2316119    .016123   -14.37   0.000    -.2632161   -.2000078
     married |   .1001452   .0167517     5.98   0.000     .0673086    .1329818
       educ1 |     -.1651   .0201965    -8.17   0.000    -.2046891   -.1255109
       educ2 |  -.0461046   .0208992    -2.21   0.027     -.087071   -.0051382
       educ4 |   .2053743   .0230462     8.91   0.000     .1601994    .2505491
       educ5 |   .2839774   .0369432     7.69   0.000     .2115616    .3563933
      inform |   .1058667   .0149422     7.09   0.000     .0765772    .1351563
     routine |  -.0449257   .0127617    -3.52   0.000     -.069941   -.0199103
        face |   .0125164   .0108317     1.16   0.248    -.0087158    .0337487
        site |   .0864407   .0147211     5.87   0.000     .0575845    .1152968
    decision |   .1505346   .0167341     9.00   0.000     .1177326    .1833366
       _cons |   16.52168    .031735   520.61   0.000     16.45948    16.58389
------------------------------------------------------------------------------

. 
. 
. * manual RIF regression 14
. generate rif_14 = 7.296644 + (7.296644 - (lwage < 7.296644))/0.656732

. reg rif_14 expdum1-expdum3 expdum5-expdum9 female married ///
>       educ1 educ2 educ4 educ5 ///
>       inform routine face site decision [aweight = SIHPSWT], robust
(sum of wgt is   6.2202e+06)

Linear regression                                      Number of obs =   10433
                                                       F( 19, 10413) =  150.87
                                                       Prob > F      =  0.0000
                                                       R-squared     =  0.2385
                                                       Root MSE      =  .60827

------------------------------------------------------------------------------
             |               Robust
      rif_14 |      Coef.   Std. Err.      t    P>|t|     [95% Conf. Interval]
-------------+----------------------------------------------------------------
     expdum1 |  -.1179452   .0287789    -4.10   0.000    -.1743573   -.0615331
     expdum2 |   -.176914   .0268343    -6.59   0.000    -.2295144   -.1243136
     expdum3 |  -.1139911   .0294148    -3.88   0.000    -.1716497   -.0563325
     expdum5 |   .1761559   .0306406     5.75   0.000     .1160945    .2362173
     expdum6 |   .1466729    .031133     4.71   0.000     .0856463    .2076995
     expdum7 |   .1410042   .0296886     4.75   0.000     .0828088    .1991996
     expdum8 |   .1677855   .0303385     5.53   0.000     .1083161    .2272548
     expdum9 |   .1723018   .0344839     5.00   0.000     .1047067    .2398968
      female |  -.2360321    .016269   -14.51   0.000    -.2679224   -.2041417
     married |   .0859367   .0167544     5.13   0.000     .0530949    .1187785
       educ1 |  -.1561616   .0198649    -7.86   0.000    -.1951006   -.1172226
       educ2 |  -.0390784   .0207717    -1.88   0.060    -.0797948    .0016381
       educ4 |   .1880175   .0233784     8.04   0.000     .1421913    .2338438
       educ5 |   .3306646   .0389641     8.49   0.000     .2542876    .4070417
      inform |   .0790437   .0150757     5.24   0.000     .0494924     .108595
     routine |  -.0277288   .0124128    -2.23   0.026    -.0520604   -.0033973
        face |   .0036596    .011155     0.33   0.743    -.0182063    .0255255
        site |   .0654327   .0145588     4.49   0.000     .0368946    .0939709
    decision |   .1759507   .0173779    10.12   0.000     .1418866    .2100148
       _cons |   17.09124   .0320905   532.60   0.000     17.02833    17.15414
------------------------------------------------------------------------------

. 
. 
. * manual RIF regression 15
. generate rif_15 = 7.362652 + (7.362652 - (lwage < 7.362652))/0.619972

. reg rif_15 expdum1-expdum3 expdum5-expdum9 female married ///
>       educ1 educ2 educ4 educ5 ///
>       inform routine face site decision [aweight = SIHPSWT], robust
(sum of wgt is   6.2202e+06)

Linear regression                                      Number of obs =   10433
                                                       F( 19, 10413) =  115.11
                                                       Prob > F      =  0.0000
                                                       R-squared     =  0.2142
                                                       Root MSE      =  .61828

------------------------------------------------------------------------------
             |               Robust
      rif_15 |      Coef.   Std. Err.      t    P>|t|     [95% Conf. Interval]
-------------+----------------------------------------------------------------
     expdum1 |  -.0752075   .0289455    -2.60   0.009    -.1319463   -.0184687
     expdum2 |  -.1307962   .0267662    -4.89   0.000    -.1832631   -.0783293
     expdum3 |  -.0940381    .029306    -3.21   0.001    -.1514835   -.0365927
     expdum5 |   .1541173   .0314606     4.90   0.000     .0924486    .2157861
     expdum6 |   .1507191    .031645     4.76   0.000     .0886888    .2127493
     expdum7 |   .1369052   .0304698     4.49   0.000     .0771787    .1966318
     expdum8 |   .1404317   .0304439     4.61   0.000     .0807557    .2001076
     expdum9 |   .1471111   .0350072     4.20   0.000     .0784903     .215732
      female |  -.2568333   .0164494   -15.61   0.000    -.2890773   -.2245894
     married |   .0950108   .0168032     5.65   0.000     .0620732    .1279484
       educ1 |  -.1451104   .0195822    -7.41   0.000    -.1834953   -.1067255
       educ2 |  -.0373708   .0208518    -1.79   0.073    -.0782444    .0035028
       educ4 |   .1451717   .0238871     6.08   0.000     .0983485    .1919949
       educ5 |   .3199262   .0413932     7.73   0.000     .2387876    .4010648
      inform |   .0681723   .0154402     4.42   0.000     .0379066     .098438
     routine |   .0002075   .0125071     0.02   0.987    -.0243089    .0247239
        face |  -.0177315   .0115481    -1.54   0.125    -.0403679     .004905
        site |   .0371239   .0146077     2.54   0.011     .0084901    .0657578
    decision |   .2061168   .0182774    11.28   0.000     .1702896    .2419441
       _cons |   17.78935    .032344   550.00   0.000     17.72595    17.85275
------------------------------------------------------------------------------

. 
. 
. * manual RIF regression 16
. generate rif_16 = 7.453545 + (7.453545 - (lwage < 7.453545))/0.515545

. reg rif_16 expdum1-expdum3 expdum5-expdum9 female married ///
>       educ1 educ2 educ4 educ5 ///
>       inform routine face site decision [aweight = SIHPSWT], robust
(sum of wgt is   6.2202e+06)

Linear regression                                      Number of obs =   10433
                                                       F( 19, 10413) =   89.90
                                                       Prob > F      =  0.0000
                                                       R-squared     =  0.1906
                                                       Root MSE      =  .69684

------------------------------------------------------------------------------
             |               Robust
      rif_16 |      Coef.   Std. Err.      t    P>|t|     [95% Conf. Interval]
-------------+----------------------------------------------------------------
     expdum1 |  -.0639083   .0301514    -2.12   0.034    -.1230108   -.0048058
     expdum2 |  -.1215947   .0287389    -4.23   0.000    -.1779284   -.0652609
     expdum3 |  -.0968093   .0322071    -3.01   0.003    -.1599415   -.0336771
     expdum5 |   .1499708   .0354877     4.23   0.000      .080408    .2195335
     expdum6 |   .1630669   .0359204     4.54   0.000     .0926559    .2334779
     expdum7 |   .1530058   .0351505     4.35   0.000     .0841041    .2219075
     expdum8 |   .1522323   .0350042     4.35   0.000     .0836175    .2208472
     expdum9 |   .1433767   .0400382     3.58   0.000     .0648941    .2218592
      female |  -.2995093    .018458   -16.23   0.000    -.3356905   -.2633281
     married |   .1006619   .0186878     5.39   0.000     .0640302    .1372936
       educ1 |  -.1303713   .0217236    -6.00   0.000    -.1729538   -.0877888
       educ2 |  -.0452219   .0225828    -2.00   0.045    -.0894884   -.0009553
       educ4 |   .1392857   .0271544     5.13   0.000     .0860579    .1925135
       educ5 |   .3629799   .0491956     7.38   0.000      .266547    .4594128
      inform |   .0641075   .0175066     3.66   0.000     .0297913    .0984237
     routine |  -.0011196   .0137916    -0.08   0.935    -.0281538    .0259146
        face |  -.0339784   .0132322    -2.57   0.010    -.0599161   -.0080407
        site |   .0225666   .0161267     1.40   0.162    -.0090447     .054178
    decision |   .2214196   .0211992    10.44   0.000     .1798652     .262974
       _cons |   20.13698   .0352776   570.82   0.000     20.06783    20.20614
------------------------------------------------------------------------------

. 
. 
. * manual RIF regression 17
. generate rif_17 = 7.563143 + (7.563143 - (lwage < 7.563143))/0.400368

. reg rif_17 expdum1-expdum3 expdum5-expdum9 female married ///
>       educ1 educ2 educ4 educ5 ///
>       inform routine face site decision [aweight = SIHPSWT], robust
(sum of wgt is   6.2202e+06)

Linear regression                                      Number of obs =   10433
                                                       F( 19, 10413) =   61.86
                                                       Prob > F      =  0.0000
                                                       R-squared     =  0.1553
                                                       Root MSE      =  .81742

------------------------------------------------------------------------------
             |               Robust
      rif_17 |      Coef.   Std. Err.      t    P>|t|     [95% Conf. Interval]
-------------+----------------------------------------------------------------
     expdum1 |  -.0201241   .0344869    -0.58   0.560     -.087725    .0474768
     expdum2 |  -.0937848    .032304    -2.90   0.004    -.1571068   -.0304629
     expdum3 |  -.0994375   .0359744    -2.76   0.006    -.1699541   -.0289208
     expdum5 |   .1701457    .042376     4.02   0.000     .0870806    .2532108
     expdum6 |   .1793984   .0425071     4.22   0.000     .0960762    .2627205
     expdum7 |   .1781424   .0415884     4.28   0.000     .0966212    .2596636
     expdum8 |      .1858   .0419167     4.43   0.000     .1036354    .2679647
     expdum9 |   .1700032    .046561     3.65   0.000     .0787347    .2612718
      female |    -.32629   .0212502   -15.35   0.000    -.3679445   -.2846355
     married |   .1109259   .0211767     5.24   0.000     .0694156    .1524363
       educ1 |  -.1418018   .0242227    -5.85   0.000    -.1892829   -.0943207
       educ2 |  -.0530241   .0256752    -2.07   0.039    -.1033524   -.0026959
       educ4 |   .1317123   .0316639     4.16   0.000      .069645    .1937797
       educ5 |   .4042212   .0599795     6.74   0.000     .2866499    .5217925
      inform |   .0546575   .0208378     2.62   0.009     .0138113    .0955036
     routine |   .0009459    .015194     0.06   0.950    -.0288373    .0307291
        face |  -.0396745    .015567    -2.55   0.011    -.0701889   -.0091601
        site |   .0091458   .0181842     0.50   0.615    -.0264986    .0447903
    decision |   .2288286   .0254641     8.99   0.000      .178914    .2787431
       _cons |   24.10811   .0409572   588.62   0.000     24.02783     24.1884
------------------------------------------------------------------------------

. 
. 
. * manual RIF regression 18
. generate rif_18 = 7.711822 + (7.711822 - (lwage < 7.711822))/0.288694

. reg rif_18 expdum1-expdum3 expdum5-expdum9 female married ///
>       educ1 educ2 educ4 educ5 ///
>       inform routine face site decision [aweight = SIHPSWT], robust
(sum of wgt is   6.2202e+06)

Linear regression                                      Number of obs =   10433
                                                       F( 19, 10413) =   39.98
                                                       Prob > F      =  0.0000
                                                       R-squared     =  0.1303
                                                       Root MSE      =  .96485

------------------------------------------------------------------------------
             |               Robust
      rif_18 |      Coef.   Std. Err.      t    P>|t|     [95% Conf. Interval]
-------------+----------------------------------------------------------------
     expdum1 |    .084643   .0375716     2.25   0.024     .0109955    .1582906
     expdum2 |   .0038099   .0367914     0.10   0.918    -.0683083    .0759282
     expdum3 |  -.0770711    .038499    -2.00   0.045    -.1525365   -.0016056
     expdum5 |   .1863256   .0485309     3.84   0.000     .0911958    .2814554
     expdum6 |   .2455499   .0496143     4.95   0.000     .1482964    .3428034
     expdum7 |   .1851334   .0474477     3.90   0.000     .0921268    .2781399
     expdum8 |   .2733266   .0509145     5.37   0.000     .1735244    .3731289
     expdum9 |   .2507708   .0560793     4.47   0.000     .1408446     .360697
      female |  -.3632398   .0247926   -14.65   0.000    -.4118381   -.3146414
     married |   .1385999   .0236132     5.87   0.000     .0923135    .1848862
       educ1 |  -.1308558   .0262333    -4.99   0.000    -.1822781   -.0794334
       educ2 |  -.0408506   .0284758    -1.43   0.151    -.0966688    .0149675
       educ4 |   .1845379   .0379703     4.86   0.000     .1101089     .258967
       educ5 |   .4350424   .0740314     5.88   0.000     .2899266    .5801581
      inform |     .05417   .0256269     2.11   0.035     .0039364    .1044037
     routine |   .0027353   .0167041     0.16   0.870    -.0300078    .0354785
        face |  -.0508312   .0193633    -2.63   0.009    -.0887869   -.0128755
        site |  -.0318381   .0199501    -1.60   0.111    -.0709441    .0072678
    decision |   .2334107   .0316134     7.38   0.000     .1714424    .2953789
       _cons |   31.04004   .0459766   675.13   0.000     30.94991    31.13016
------------------------------------------------------------------------------

. 
. 
. * manual RIF regression 19
. generate rif_19 = 7.962973 + (7.962973 - (lwage < 7.962973))/0.143471

. reg rif_19 expdum1-expdum3 expdum5-expdum9 female married ///
>       educ1 educ2 educ4 educ5 ///
>       inform routine face site decision [aweight = SIHPSWT], robust
(sum of wgt is   6.2202e+06)

Linear regression                                      Number of obs =   10433
                                                       F( 19, 10413) =   18.11
                                                       Prob > F      =  0.0000
                                                       R-squared     =  0.0761
                                                       Root MSE      =   1.441

------------------------------------------------------------------------------
             |               Robust
      rif_19 |      Coef.   Std. Err.      t    P>|t|     [95% Conf. Interval]
-------------+----------------------------------------------------------------
     expdum1 |   .2217919   .0473008     4.69   0.000     .1290732    .3145105
     expdum2 |   .1255551   .0465422     2.70   0.007     .0343236    .2167867
     expdum3 |   .0147433   .0475497     0.31   0.757    -.0784632    .1079497
     expdum5 |   .3353673   .0680006     4.93   0.000     .2020731    .4686615
     expdum6 |   .3748839   .0662802     5.66   0.000     .2449621    .5048057
     expdum7 |   .3776531   .0683328     5.53   0.000     .2437076    .5115986
     expdum8 |   .4305866   .0747551     5.76   0.000     .2840522     .577121
     expdum9 |   .3441518   .0763788     4.51   0.000     .1944348    .4938688
      female |  -.4195834   .0368688   -11.38   0.000    -.4918533   -.3473136
     married |   .1262344   .0330532     3.82   0.000     .0614437    .1910251
       educ1 |  -.1149968   .0344659    -3.34   0.001    -.1825566    -.047437
       educ2 |  -.0121861   .0400037    -0.30   0.761    -.0906009    .0662287
       educ4 |   .3319376   .0567886     5.85   0.000      .220621    .4432542
       educ5 |     .47808   .1105906     4.32   0.000     .2613013    .6948587
      inform |   .0278979    .038391     0.73   0.467    -.0473557    .1031516
     routine |   .0166174   .0245933     0.68   0.499    -.0315902     .064825
        face |  -.0603376   .0288006    -2.10   0.036    -.1167922   -.0038829
        site |  -.0855544   .0280028    -3.06   0.002    -.1404452   -.0306636
    decision |   .2347654   .0476524     4.93   0.000     .1413575    .3281733
       _cons |   56.48193   .0575665   981.16   0.000     56.36909    56.59477
------------------------------------------------------------------------------

. 
. 
. 
. 
. 
. /* XX_ABS_STARTLOG (START OF ABS TERMINATION CODE) */
. 
. XABSTERM

. /* XX_ABS_ENDLOG (END OF ABS TERMINATION CODE) */
. 
end of do-file
